[Licensing::Module] Trying to connect to existing licensing client channel...
[Licensing::IpcConnector] Successfully connected to: "LicenseClient-furansupan" at "2026-03-16T22:45:12.0755203Z"
Built from '6000.3/staging' branch; Version is '6000.3.9f1 (7a9955a4f2fa) revision 8034645'; Using compiler version '194234433'; Build Type 'Release'
OS: 'Windows 11  (10.0.26200) Core' Language: 'en' Physical Memory: 32693 MB
BatchMode: 1, IsHumanControllingUs: 0, StartBugReporterOnCrash: 0, Is64bit: 1
System  architecture: x64
Process architecture: x64
Date: 2026-03-16T22:45:12Z

COMMAND LINE ARGUMENTS:
D:\Unity\Editor\6000.3.9f1\Editor\Unity.exe
-adb2
-batchMode
-noUpm
-name
AssetImportWorker13
-projectPath
D:/Github Repositories/iat445/iat445
-logFile
Logs/AssetImportWorker13.log
-srvPort
50172
-licensingIpc
LicenseClient-furansupan
-job-worker-count
11
-background-job-worker-count
8
-gc-helper-count
1
-name
AssetImport
Successfully changed project path to: D:/Github Repositories/iat445/iat445
D:/Github Repositories/iat445/iat445
[UnityMemory] Configuration Parameters - Can be set up in boot.config
    "memorysetup-temp-allocator-size-nav-mesh-worker=65536"
    "memorysetup-temp-allocator-size-audio-worker=65536"
    "memorysetup-temp-allocator-size-gfx=262144"
    "memorysetup-allocator-temp-initial-block-size-main=262144"
    "memorysetup-allocator-temp-initial-block-size-worker=262144"
    "memorysetup-temp-allocator-size-background-worker=32768"
    "memorysetup-temp-allocator-size-job-worker=262144"
    "memorysetup-temp-allocator-size-preload-manager=33554432"
    "memorysetup-temp-allocator-size-gi-baking-worker=262144"
    "memorysetup-temp-allocator-size-gi-baking-worker=262144"
    "memorysetup-temp-allocator-size-gi-baking-worker=262144"
    "memorysetup-temp-allocator-size-gi-baking-worker=262144"
    "memorysetup-temp-allocator-size-gi-baking-worker=262144"
    "memorysetup-bucket-allocator-granularity=16"
    "memorysetup-bucket-allocator-bucket-count=8"
    "memorysetup-bucket-allocator-block-size=33554432"
    "memorysetup-bucket-allocator-block-count=8"
    "memorysetup-main-allocator-block-size=16777216"
    "memorysetup-thread-allocator-block-size=16777216"
    "memorysetup-gfx-main-allocator-block-size=16777216"
    "memorysetup-gfx-thread-allocator-block-size=16777216"
    "memorysetup-cache-allocator-block-size=4194304"
    "memorysetup-typetree-allocator-block-size=2097152"
    "memorysetup-profiler-bucket-allocator-granularity=16"
    "memorysetup-profiler-bucket-allocator-bucket-count=8"
    "memorysetup-profiler-bucket-allocator-block-size=33554432"
    "memorysetup-profiler-bucket-allocator-block-count=8"
    "memorysetup-profiler-allocator-block-size=16777216"
    "memorysetup-profiler-editor-allocator-block-size=1048576"
    "memorysetup-temp-allocator-size-main=16777216"
    "memorysetup-job-temp-allocator-block-size=2097152"
    "memorysetup-job-temp-allocator-block-size-background=1048576"
    "memorysetup-job-temp-allocator-reduction-small-platforms=262144"
    "memorysetup-temp-allocator-size-cloud-worker=32768"
Player connection [8340]  Target information:

Player connection [8340]  * "[IP] 192.168.1.73 [Port] 0 [Flags] 2 [Guid] 502718049 [EditorId] 502718049 [Version] 1048832 [Id] WindowsEditor(7,DESKTOP-UCS7CI6) [Debug] 1 [PackageName] WindowsEditor [ProjectName] Editor" 

Player connection [8340] Host joined multi-casting on [225.0.0.222:54997]...
Player connection [8340] Host joined alternative multi-casting on [225.0.0.222:34997]...
JobSystem: Creating JobQueue using job-worker-count value 11
Input System module state changed to: Initialized.
[Physics::Module] Initialized fallback backend.
[Physics::Module] Id: 0xdecafbad
Library Redirect Path: Library/
[Physics::Module] Selected backend.
[Physics::Module] Name: PhysX
[Physics::Module] Id: 0xf2b8ea05
[Physics::Module] SDK Version: 4.1.2
[Physics::Module] Integration Version: 1.0.0
[Physics::Module] Threading Mode: Multi-Threaded
Refreshing native plugins compatible for Editor in 27.66 ms, found 8 plugins.
Preloading 0 native plugins for Editor in 0.00 ms.
Initialize engine version: 6000.3.9f1 (7a9955a4f2fa)
[Subsystems] Discovering subsystems at path D:/Unity/Editor/6000.3.9f1/Editor/Data/Resources/UnitySubsystems
[Subsystems] Discovering subsystems at path D:/Github Repositories/iat445/iat445/Assets
GfxDevice: creating device client; kGfxThreadingModeNonThreaded
Direct3D:
    Version:  Direct3D 11.0 [level 11.1]
    Renderer: NVIDIA GeForce RTX 3070 (ID=0x2484)
    Vendor:   NVIDIA
    VRAM:     8018 MB
    Driver:   32.0.15.9186
Initialize mono
Mono path[0] = 'D:/Unity/Editor/6000.3.9f1/Editor/Data/Managed'
Mono path[1] = 'D:/Unity/Editor/6000.3.9f1/Editor/Data/MonoBleedingEdge/lib/mono/unityjit-win32'
Mono config path = 'D:/Unity/Editor/6000.3.9f1/Editor/Data/MonoBleedingEdge/etc'
Using monoOptions --debugger-agent=transport=dt_socket,embedding=1,server=y,suspend=n,address=127.0.0.1:56216
Begin MonoManager ReloadAssembly
Registering precompiled unity dll's ...
Register platform support module: D:/Unity/Editor/6000.3.9f1/Editor/Data/PlaybackEngines/WindowsStandaloneSupport/UnityEditor.WindowsStandalone.Extensions.dll
[Licensing::Module] Licensing is not yet initialized.
[Licensing::Client] Handshaking with LicensingClient:
  Version:                 1.17.4+4293ba1
  Session Id:              c41ac2c8a58e42be95ff4f14aa6f312c
  Correlation Id:          07c7df741d03456c1e440d491689c651
  External correlation Id: 2274629617122404424
  Machine Id:              /bDJ+qBQanEKSmET3CKn1ku2+fI=
[Licensing::Module] Successfully connected to LicensingClient on channel: "LicenseClient-furansupan" (connect: 0.00s, validation: 0.00s, handshake: 1.34s)
[Licensing::IpcConnector] Successfully connected to: "LicenseClient-furansupan-notifications" at "2026-03-16T22:45:13.4149245Z"
[Licensing::Module] Licensing Background thread has ended after 1.34s
[Licensing::Module] Licensing is initialized (took 0.01s).
[Licensing::Client] Successfully resolved entitlement details
[Licensing::Module] License group:
  Id: 3574294610923-UnityPersXXXX
  Product: Unity Personal
  Type: Assigned
  Expiration: Unlimited
Register platform support module: D:/Unity/Editor/6000.3.9f1/Editor/Data/PlaybackEngines/AndroidPlayer/UnityEditor.Android.Extensions.dll
Registered in 0.015564 seconds.
- Loaded All Assemblies, in  0.534 seconds
Native extension for Android target not found
Android Extension - Scanning For ADB Devices 338 ms
Native extension for WindowsStandalone target not found
ScheduleIndexationOnStartup MainProcess:False IndexOnStartup:True
Mono: successfully reloaded assembly
- Finished resetting the current domain, in  0.967 seconds
Domain Reload Profiling: 1501ms
	BeginReloadAssembly (179ms)
		ExecutionOrderSort (0ms)
		DisableScriptedObjects (0ms)
		BackupInstance (0ms)
		ReleaseScriptingObjects (0ms)
		CreateAndSetChildDomain (1ms)
	RebuildCommonClasses (55ms)
	RebuildNativeTypeToScriptingClass (20ms)
	initialDomainReloadingComplete (71ms)
	LoadAllAssembliesAndSetupDomain (208ms)
		LoadAssemblies (178ms)
		RebuildTransferFunctionScriptingTraits (0ms)
		AnalyzeDomain (204ms)
			TypeCache.Refresh (202ms)
				TypeCache.ScanAssembly (188ms)
			BuildScriptInfoCaches (0ms)
			ResolveRequiredComponents (1ms)
	FinalizeReload (967ms)
		ReleaseScriptCaches (0ms)
		RebuildScriptCaches (0ms)
		SetupLoadedEditorAssemblies (915ms)
			LogAssemblyErrors (0ms)
			InitializePlatformSupportModulesInManaged (443ms)
			SetLoadedEditorAssemblies (6ms)
			BeforeProcessingInitializeOnLoad (84ms)
			ProcessInitializeOnLoadAttributes (259ms)
			ProcessInitializeOnLoadMethodAttributes (123ms)
			AfterProcessingInitializeOnLoad (0ms)
			EditorAssembliesLoaded (0ms)
		ExecutionOrderSort2 (0ms)
		AwakeInstancesAfterBackupRestoration (0ms)
========================================================================
Worker process is ready to serve import requests
Import Worker Mode flag is 0x00
Begin MonoManager ReloadAssembly
[Licensing::Client] Successfully resolved entitlement details
- Loaded All Assemblies, in  1.043 seconds
Refreshing native plugins compatible for Editor in 8.78 ms, found 8 plugins.
Native extension for Android target not found
Native extension for WindowsStandalone target not found
Package Manager log level set to [2]
[Package Manager] Failed to launch server process. Reason: Unity was launched with the -noUpm command-line argument
[Package Manager] Unable to send message (not connected to server process).
[Package Manager] Cannot connect to Unity Package Manager local server
ScheduleIndexationOnStartup MainProcess:False IndexOnStartup:True
Mono: successfully reloaded assembly
[Package Manager] Failed to launch server process. Reason: Unity was launched with the -noUpm command-line argument
[Package Manager] Unable to send message (not connected to server process).
[Package Manager] Cannot connect to Unity Package Manager local server
[Package Manager] Failed to launch server process. Reason: Unity was launched with the -noUpm command-line argument
[Package Manager] Unable to send message (not connected to server process).
[Package Manager] Cannot connect to Unity Package Manager local server
- Finished resetting the current domain, in  1.091 seconds
Domain Reload Profiling: 2131ms
	BeginReloadAssembly (253ms)
		ExecutionOrderSort (0ms)
		DisableScriptedObjects (10ms)
		BackupInstance (0ms)
		ReleaseScriptingObjects (0ms)
		CreateAndSetChildDomain (51ms)
	RebuildCommonClasses (57ms)
	RebuildNativeTypeToScriptingClass (15ms)
	initialDomainReloadingComplete (47ms)
	LoadAllAssembliesAndSetupDomain (668ms)
		LoadAssemblies (427ms)
		RebuildTransferFunctionScriptingTraits (0ms)
		AnalyzeDomain (378ms)
			TypeCache.Refresh (250ms)
				TypeCache.ScanAssembly (228ms)
			BuildScriptInfoCaches (103ms)
			ResolveRequiredComponents (19ms)
	FinalizeReload (1091ms)
		ReleaseScriptCaches (0ms)
		RebuildScriptCaches (0ms)
		SetupLoadedEditorAssemblies (880ms)
			LogAssemblyErrors (0ms)
			InitializePlatformSupportModulesInManaged (12ms)
			SetLoadedEditorAssemblies (5ms)
			BeforeProcessingInitializeOnLoad (207ms)
			ProcessInitializeOnLoadAttributes (408ms)
			ProcessInitializeOnLoadMethodAttributes (244ms)
			AfterProcessingInitializeOnLoad (4ms)
			EditorAssembliesLoaded (1ms)
		ExecutionOrderSort2 (0ms)
		AwakeInstancesAfterBackupRestoration (9ms)
WARNING: Shader Unsupported: 'Simulation/Standard Lit' - All subshaders removed
WARNING: Shader Did you use #pragma only_renderers and omit this platform?
WARNING: Shader If subshaders removal was intentional, you may have forgotten turning Fallback off?
WARNING: Shader Unsupported: 'Simulation/Standard Lit' - All subshaders removed
WARNING: Shader Did you use #pragma only_renderers and omit this platform?
WARNING: Shader If subshaders removal was intentional, you may have forgotten turning Fallback off?
WARNING: Shader Unsupported: 'Simulation/URP/Room X-Ray' - All subshaders removed
WARNING: Shader Did you use #pragma only_renderers and omit this platform?
WARNING: Shader If subshaders removal was intentional, you may have forgotten turning Fallback off?
WARNING: Shader Unsupported: 'Simulation/URP/Room X-Ray' - All subshaders removed
WARNING: Shader Did you use #pragma only_renderers and omit this platform?
WARNING: Shader If subshaders removal was intentional, you may have forgotten turning Fallback off?
WARNING: Shader Unsupported: 'Simulation/URP/Lit' - All subshaders removed
WARNING: Shader Did you use #pragma only_renderers and omit this platform?
WARNING: Shader If subshaders removal was intentional, you may have forgotten turning Fallback off?
WARNING: Shader Unsupported: 'Simulation/URP/Lit' - All subshaders removed
WARNING: Shader Did you use #pragma only_renderers and omit this platform?
WARNING: Shader If subshaders removal was intentional, you may have forgotten turning Fallback off?
WARNING: Shader Unsupported: 'Hidden/Simulation/URP/Synthetic' - All subshaders removed
WARNING: Shader Did you use #pragma only_renderers and omit this platform?
WARNING: Shader If subshaders removal was intentional, you may have forgotten turning Fallback off?
WARNING: Shader Unsupported: 'Hidden/Simulation/URP/Synthetic' - All subshaders removed
WARNING: Shader Did you use #pragma only_renderers and omit this platform?
WARNING: Shader If subshaders removal was intentional, you may have forgotten turning Fallback off?
WARNING: Shader Unsupported: 'Hidden/Simulation/Synthetic Lit' - All subshaders removed
WARNING: Shader Did you use #pragma only_renderers and omit this platform?
WARNING: Shader If subshaders removal was intentional, you may have forgotten turning Fallback off?
WARNING: Shader Unsupported: 'Hidden/Simulation/Synthetic Lit' - All subshaders removed
WARNING: Shader Did you use #pragma only_renderers and omit this platform?
WARNING: Shader If subshaders removal was intentional, you may have forgotten turning Fallback off?
WARNING: Shader Unsupported: 'Simulation/Room X-Ray' - All subshaders removed
WARNING: Shader Did you use #pragma only_renderers and omit this platform?
WARNING: Shader If subshaders removal was intentional, you may have forgotten turning Fallback off?
WARNING: Shader Unsupported: 'Simulation/Room X-Ray' - All subshaders removed
WARNING: Shader Did you use #pragma only_renderers and omit this platform?
WARNING: Shader If subshaders removal was intentional, you may have forgotten turning Fallback off?
Launched and connected shader compiler UnityShaderCompiler.exe after 0.02 seconds
Refreshing native plugins compatible for Editor in 10.96 ms, found 8 plugins.
Preloading 0 native plugins for Editor in 0.00 ms.
Unloading 34 Unused Serialized files (Serialized files now loaded: 0)
Unloading 6474 unused Assets / (9.9 MB). Loaded Objects now: 7342.
Memory consumption went from 167.8 MB to 157.9 MB.
Total: 13.826300 ms (FindLiveObjects: 1.259300 ms CreateObjectMapping: 0.825900 ms MarkObjects: 6.583300 ms  DeleteObjects: 5.156100 ms)

========================================================================
Received Import Request.
  Time since last request: 340456.473924 seconds.
  path: Assets/XRISamples/Scenes/XRI_Examples_Main/Lightmap-23_comp_light.exr
  artifactKey: Guid(a9b07c7b53729344eb15ea99f909f62d) Importer(2089858483,b0f066a214c2f5e87bad3c948f4d605d)
Start importing Assets/XRISamples/Scenes/XRI_Examples_Main/Lightmap-23_comp_light.exr using Guid(a9b07c7b53729344eb15ea99f909f62d) Importer(2089858483,b0f066a214c2f5e87bad3c948f4d605d) (ScriptedImporter) -> (artifact id: '4a9a7079dc45cca898d995fecbe6cf37') in 0.1398942 seconds
Number of updated asset objects reloaded before import = 0Number of asset objects unloaded after import = 1

========================================================================
Received Import Request.
  Time since last request: 0.000017 seconds.
  path: Assets/XRISamples/SocketInteractors/Prefabs/PerlerMachineSetup.prefab
  artifactKey: Guid(c3014b24b7f247b478b4058c9339acb8) Importer(2089858483,b0f066a214c2f5e87bad3c948f4d605d)
Start importing Assets/XRISamples/SocketInteractors/Prefabs/PerlerMachineSetup.prefab using Guid(c3014b24b7f247b478b4058c9339acb8) Importer(2089858483,b0f066a214c2f5e87bad3c948f4d605d) (ScriptedImporter) -> (artifact id: '45b5dec2b049e06047dd45d1cdaa62d3') in 0.0529884 seconds
Number of updated asset objects reloaded before import = 0Number of asset objects unloaded after import = 103

========================================================================
Received Import Request.
  Time since last request: 0.000022 seconds.
  path: Assets/XRISamples/GrabInteractables/Materials/Rubber_Black.mat
  artifactKey: Guid(8a5c54ca02d8e8a44a8459b6a3ee3bea) Importer(2089858483,b0f066a214c2f5e87bad3c948f4d605d)
Start importing Assets/XRISamples/GrabInteractables/Materials/Rubber_Black.mat using Guid(8a5c54ca02d8e8a44a8459b6a3ee3bea) Importer(2089858483,b0f066a214c2f5e87bad3c948f4d605d) (ScriptedImporter) -> (artifact id: '6b23d8c3bb13a5564a4a174f155cb6d8') in 0.0201174 seconds
Number of updated asset objects reloaded before import = 0Number of asset objects unloaded after import = 1

========================================================================
Received Import Request.
  Time since last request: 0.000027 seconds.
  path: Assets/XRISamples/UI_3D/Scripts/ClawMachine
  artifactKey: Guid(1acc7253bf810d741857dfcecca0e82f) Importer(2089858483,b0f066a214c2f5e87bad3c948f4d605d)
Start importing Assets/XRISamples/UI_3D/Scripts/ClawMachine using Guid(1acc7253bf810d741857dfcecca0e82f) Importer(2089858483,b0f066a214c2f5e87bad3c948f4d605d) (ScriptedImporter) -> (artifact id: 'ff1c02e45ec36d73d35e2d349fab7e47') in 0.0093776 seconds
Number of updated asset objects reloaded before import = 0Number of asset objects unloaded after import = 1

========================================================================
Received Import Request.
  Time since last request: 0.000016 seconds.
  path: Assets/XRISamples/Setup
  artifactKey: Guid(2e97ea3588010394bac83cd557a88200) Importer(2089858483,b0f066a214c2f5e87bad3c948f4d605d)
Start importing Assets/XRISamples/Setup using Guid(2e97ea3588010394bac83cd557a88200) Importer(2089858483,b0f066a214c2f5e87bad3c948f4d605d) (ScriptedImporter) -> (artifact id: '8bd3ea9cb74a5f10c224b0afc0ab7905') in 0.0093963 seconds
Number of updated asset objects reloaded before import = 0Number of asset objects unloaded after import = 1

========================================================================
Received Import Request.
  Time since last request: 0.000017 seconds.
  path: Assets/XRISamples/SocketInteractors/Scripts/XRLockSocketInteractor.cs
  artifactKey: Guid(eecc085bf63270540b2d9a418fb5f149) Importer(2089858483,b0f066a214c2f5e87bad3c948f4d605d)
Start importing Assets/XRISamples/SocketInteractors/Scripts/XRLockSocketInteractor.cs using Guid(eecc085bf63270540b2d9a418fb5f149) Importer(2089858483,b0f066a214c2f5e87bad3c948f4d605d) (ScriptedImporter) -> (artifact id: '422d7b4504b42a2fa6f370fd991d555c') in 0.0099347 seconds
Number of updated asset objects reloaded before import = 0Number of asset objects unloaded after import = 0

========================================================================
Received Import Request.
  Time since last request: 0.000020 seconds.
  path: Assets/XRISamples/SocketInteractors/Prefabs/PegWhite.prefab
  artifactKey: Guid(9325a7d210e632c45b3bc97ece9f072e) Importer(2089858483,b0f066a214c2f5e87bad3c948f4d605d)
Start importing Assets/XRISamples/SocketInteractors/Prefabs/PegWhite.prefab using Guid(9325a7d210e632c45b3bc97ece9f072e) Importer(2089858483,b0f066a214c2f5e87bad3c948f4d605d) (ScriptedImporter) -> (artifact id: 'd32227da39ef8e68322c2cacb18dee11') in 0.0869014 seconds
Number of updated asset objects reloaded before import = 0Number of asset objects unloaded after import = 38

========================================================================
Received Import Request.
  Time since last request: 0.000020 seconds.
  path: Assets/XRISamples/UI_2D/Prefabs/MinMaxSlider/MinMaxSlider.prefab
  artifactKey: Guid(f4c83e540c0057948b19107b827dc236) Importer(2089858483,b0f066a214c2f5e87bad3c948f4d605d)
Start importing Assets/XRISamples/UI_2D/Prefabs/MinMaxSlider/MinMaxSlider.prefab using Guid(f4c83e540c0057948b19107b827dc236) Importer(2089858483,b0f066a214c2f5e87bad3c948f4d605d) (ScriptedImporter) -> (artifact id: '11ebaa28d9843f9e1b5157a80d9a8ace') in 0.0592676 seconds
Number of updated asset objects reloaded before import = 0Number of asset objects unloaded after import = 33

========================================================================
Received Import Request.
  Time since last request: 0.000023 seconds.
  path: Assets/XRISamples/ActivateInteractables/Models/Lighter.fbx
  artifactKey: Guid(883ee748a21107b48a7f86fe43b7169d) Importer(2089858483,b0f066a214c2f5e87bad3c948f4d605d)
Start importing Assets/XRISamples/ActivateInteractables/Models/Lighter.fbx using Guid(883ee748a21107b48a7f86fe43b7169d) Importer(2089858483,b0f066a214c2f5e87bad3c948f4d605d) (ScriptedImporter) -> (artifact id: '5e6a3bb2740897a4b51fe06ad3cfa014') in 0.0401985 seconds
Number of updated asset objects reloaded before import = 0Number of asset objects unloaded after import = 19

========================================================================
Received Import Request.
  Time since last request: 0.000018 seconds.
  path: Assets/XRISamples/Props/Materials
  artifactKey: Guid(33a358ee46911f84ebec4018c4309cb0) Importer(2089858483,b0f066a214c2f5e87bad3c948f4d605d)
Start importing Assets/XRISamples/Props/Materials using Guid(33a358ee46911f84ebec4018c4309cb0) Importer(2089858483,b0f066a214c2f5e87bad3c948f4d605d) (ScriptedImporter) -> (artifact id: 'ef78af7cdd8884381f16b61a2ad1132d') in 0.0097513 seconds
Number of updated asset objects reloaded before import = 0Number of asset objects unloaded after import = 1

========================================================================
Received Import Request.
  Time since last request: 0.000012 seconds.
  path: Assets/XRISamples/VRWalkthrough/Scripts/Walkthrough.cs
  artifactKey: Guid(97a681864d9ec3e4a84166c398ef5d45) Importer(2089858483,b0f066a214c2f5e87bad3c948f4d605d)
Start importing Assets/XRISamples/VRWalkthrough/Scripts/Walkthrough.cs using Guid(97a681864d9ec3e4a84166c398ef5d45) Importer(2089858483,b0f066a214c2f5e87bad3c948f4d605d) (ScriptedImporter) -> (artifact id: '43bd48098dd84ee640aa7b44f69c76e4') in 0.009635 seconds
Number of updated asset objects reloaded before import = 0Number of asset objects unloaded after import = 0

========================================================================
Received Import Request.
  Time since last request: 0.000015 seconds.
  path: Assets/XRISamples/Props/Materials/PiggyBank.mat
  artifactKey: Guid(25f8d5afd0110f14fb3ee77d34b0c960) Importer(2089858483,b0f066a214c2f5e87bad3c948f4d605d)
Start importing Assets/XRISamples/Props/Materials/PiggyBank.mat using Guid(25f8d5afd0110f14fb3ee77d34b0c960) Importer(2089858483,b0f066a214c2f5e87bad3c948f4d605d) (ScriptedImporter) -> (artifact id: '29432869d889549099d1fac083545daf') in 0.0257933 seconds
Number of updated asset objects reloaded before import = 0Number of asset objects unloaded after import = 4

========================================================================
Received Import Request.
  Time since last request: 0.000015 seconds.
  path: Assets/XRISamples/UI_3D/Textures/SheepPrize_A_White.png
  artifactKey: Guid(9f8c400b23f5c1345ad7b5b4b8024e75) Importer(2089858483,b0f066a214c2f5e87bad3c948f4d605d)
Start importing Assets/XRISamples/UI_3D/Textures/SheepPrize_A_White.png using Guid(9f8c400b23f5c1345ad7b5b4b8024e75) Importer(2089858483,b0f066a214c2f5e87bad3c948f4d605d) (ScriptedImporter) -> (artifact id: '3496a8a50a8d17f65f0e7639a1fc5b36') in 0.0125511 seconds
Number of updated asset objects reloaded before import = 0Number of asset objects unloaded after import = 1

========================================================================
Received Import Request.
  Time since last request: 0.000020 seconds.
  path: Assets/XRISamples/UI_3D/Models/Lever.fbx
  artifactKey: Guid(a39b6d1af189d1f49a583af3af3d2ea9) Importer(2089858483,b0f066a214c2f5e87bad3c948f4d605d)
Start importing Assets/XRISamples/UI_3D/Models/Lever.fbx using Guid(a39b6d1af189d1f49a583af3af3d2ea9) Importer(2089858483,b0f066a214c2f5e87bad3c948f4d605d) (ScriptedImporter) -> (artifact id: '5e28752a2c67d697cf137a35c297dc23') in 0.0159125 seconds
Number of updated asset objects reloaded before import = 0Number of asset objects unloaded after import = 14

========================================================================
Received Import Request.
  Time since last request: 0.000016 seconds.
  path: Assets/XRISamples/UI_3D/Materials/Chrome.mat
  artifactKey: Guid(71bdd0673f3fe784680a47cd717aff9a) Importer(2089858483,b0f066a214c2f5e87bad3c948f4d605d)
Start importing Assets/XRISamples/UI_3D/Materials/Chrome.mat using Guid(71bdd0673f3fe784680a47cd717aff9a) Importer(2089858483,b0f066a214c2f5e87bad3c948f4d605d) (ScriptedImporter) -> (artifact id: '753d8cf4c2c3c4651dc90029a7ad4aa3') in 0.0126155 seconds
Number of updated asset objects reloaded before import = 0Number of asset objects unloaded after import = 1

========================================================================
Received Import Request.
  Time since last request: 0.000015 seconds.
  path: Assets/XRISamples/HoverHighlight/Scripts/IMaterialHighlight.cs
  artifactKey: Guid(8e7a7016d637b614986ed6dc8b30674e) Importer(2089858483,b0f066a214c2f5e87bad3c948f4d605d)
Start importing Assets/XRISamples/HoverHighlight/Scripts/IMaterialHighlight.cs using Guid(8e7a7016d637b614986ed6dc8b30674e) Importer(2089858483,b0f066a214c2f5e87bad3c948f4d605d) (ScriptedImporter) -> (artifact id: '67498633a3f116e81f62b5bed6f94c7e') in 0.0096891 seconds
Number of updated asset objects reloaded before import = 0Number of asset objects unloaded after import = 0

========================================================================
Received Import Request.
  Time since last request: 0.000016 seconds.
  path: Assets/XRISamples/Environment/Models/Arch_Level_1.asset
  artifactKey: Guid(f254545a1b82b3c42a2d07f07bca750e) Importer(2089858483,b0f066a214c2f5e87bad3c948f4d605d)
Start importing Assets/XRISamples/Environment/Models/Arch_Level_1.asset using Guid(f254545a1b82b3c42a2d07f07bca750e) Importer(2089858483,b0f066a214c2f5e87bad3c948f4d605d) (ScriptedImporter) -> (artifact id: '81546a5295a5848c161dbfb813e53e1b') in 0.0108557 seconds
Number of updated asset objects reloaded before import = 0Number of asset objects unloaded after import = 1

========================================================================
Received Import Request.
  Time since last request: 0.000013 seconds.
  path: Assets/XRISamples/UI_3D/Models/Slider.fbx
  artifactKey: Guid(9ab4c46d2bfe63d40aa79f294b892443) Importer(2089858483,b0f066a214c2f5e87bad3c948f4d605d)
Start importing Assets/XRISamples/UI_3D/Models/Slider.fbx using Guid(9ab4c46d2bfe63d40aa79f294b892443) Importer(2089858483,b0f066a214c2f5e87bad3c948f4d605d) (ScriptedImporter) -> (artifact id: 'd2c22504dc4f7b2bd4a07f208bf30da6') in 0.0133531 seconds
Number of updated asset objects reloaded before import = 0Number of asset objects unloaded after import = 14

========================================================================
Received Import Request.
  Time since last request: 0.000022 seconds.
  path: Assets/XRISamples/UI_3D/Materials/ClawMachine/SheepPrize_Black.mat
  artifactKey: Guid(f6bede1e1c8c55448b0e10aacd7c6d5c) Importer(2089858483,b0f066a214c2f5e87bad3c948f4d605d)
Start importing Assets/XRISamples/UI_3D/Materials/ClawMachine/SheepPrize_Black.mat using Guid(f6bede1e1c8c55448b0e10aacd7c6d5c) Importer(2089858483,b0f066a214c2f5e87bad3c948f4d605d) (ScriptedImporter) -> (artifact id: 'd2ca7c7eaea6cad5c713e992d4cb6ddb') in 0.0172408 seconds
Number of updated asset objects reloaded before import = 0Number of asset objects unloaded after import = 4

========================================================================
Received Import Request.
  Time since last request: 0.000029 seconds.
  path: Assets/XRISamples/Props/Prefabs/WaterSprinkles.prefab
  artifactKey: Guid(4feb1e5adf6f8ea459a3a810fedf60d7) Importer(2089858483,b0f066a214c2f5e87bad3c948f4d605d)
Start importing Assets/XRISamples/Props/Prefabs/WaterSprinkles.prefab using Guid(4feb1e5adf6f8ea459a3a810fedf60d7) Importer(2089858483,b0f066a214c2f5e87bad3c948f4d605d) (ScriptedImporter) -> (artifact id: 'b52d498bb742007c899ca91b8f18db60') in 0.0769366 seconds
Number of updated asset objects reloaded before import = 0Number of asset objects unloaded after import = 6

========================================================================
Received Import Request.
  Time since last request: 0.000021 seconds.
  path: Assets/XRISamples/ActivateInteractables/Scripts
  artifactKey: Guid(306bb051de9c1f94f9b86ae9bcdda72d) Importer(2089858483,b0f066a214c2f5e87bad3c948f4d605d)
Start importing Assets/XRISamples/ActivateInteractables/Scripts using Guid(306bb051de9c1f94f9b86ae9bcdda72d) Importer(2089858483,b0f066a214c2f5e87bad3c948f4d605d) (ScriptedImporter) -> (artifact id: '4844e6326a17b20488dbbddce95ba507') in 0.0104989 seconds
Number of updated asset objects reloaded before import = 0Number of asset objects unloaded after import = 1

========================================================================
Received Import Request.
  Time since last request: 0.000022 seconds.
  path: Assets/XRISamples/Props/Materials/Candle_Small_Round_Wax.mat
  artifactKey: Guid(9384276f304f5a24280becf81354e41a) Importer(2089858483,b0f066a214c2f5e87bad3c948f4d605d)
Start importing Assets/XRISamples/Props/Materials/Candle_Small_Round_Wax.mat using Guid(9384276f304f5a24280becf81354e41a) Importer(2089858483,b0f066a214c2f5e87bad3c948f4d605d) (ScriptedImporter) -> (artifact id: 'f18f3e66626c7167ca1a04bbdd52e66f') in 0.0114096 seconds
Number of updated asset objects reloaded before import = 0Number of asset objects unloaded after import = 2

========================================================================
Received Import Request.
  Time since last request: 0.000019 seconds.
  path: Assets/XRISamples/UI_2D/Prefabs/Legibility/LegibilityMaskText.prefab
  artifactKey: Guid(30a1e77eafe8f644dba70315d5f67504) Importer(2089858483,b0f066a214c2f5e87bad3c948f4d605d)
Start importing Assets/XRISamples/UI_2D/Prefabs/Legibility/LegibilityMaskText.prefab using Guid(30a1e77eafe8f644dba70315d5f67504) Importer(2089858483,b0f066a214c2f5e87bad3c948f4d605d) (ScriptedImporter) -> (artifact id: 'e70ad645c0c3fd273f8e4a145054a0b4') in 0.0269934 seconds
Number of updated asset objects reloaded before import = 0Number of asset objects unloaded after import = 21

========================================================================
Received Import Request.
  Time since last request: 0.000025 seconds.
  path: Assets/XRISamples/UI_2D/Sprites/Shared/RoundOutlineRadius_02.png
  artifactKey: Guid(0c83a3aab1c62c946b387af865158034) Importer(2089858483,b0f066a214c2f5e87bad3c948f4d605d)
Start importing Assets/XRISamples/UI_2D/Sprites/Shared/RoundOutlineRadius_02.png using Guid(0c83a3aab1c62c946b387af865158034) Importer(2089858483,b0f066a214c2f5e87bad3c948f4d605d) (ScriptedImporter) -> (artifact id: '88625c809b9cbaa1e288d4a9bfe1d53b') in 0.0179117 seconds
Number of updated asset objects reloaded before import = 0Number of asset objects unloaded after import = 3

========================================================================
Received Import Request.
  Time since last request: 0.000014 seconds.
  path: Assets/XRISamples/ActivateInteractables/Models
  artifactKey: Guid(f4b809f41c410ec4c8659e61d9ef1c8c) Importer(2089858483,b0f066a214c2f5e87bad3c948f4d605d)
Start importing Assets/XRISamples/ActivateInteractables/Models using Guid(f4b809f41c410ec4c8659e61d9ef1c8c) Importer(2089858483,b0f066a214c2f5e87bad3c948f4d605d) (ScriptedImporter) -> (artifact id: '63e37a48ba93b0cf52077a2d0ef7d2db') in 0.0088107 seconds
Number of updated asset objects reloaded before import = 0Number of asset objects unloaded after import = 1

========================================================================
Received Import Request.
  Time since last request: 0.000013 seconds.
  path: Assets/XRISamples/Scenes/XRI_Examples_Main/Lightmap-22_comp_light.exr
  artifactKey: Guid(37d51bf0bc2969e4982408a998ad68aa) Importer(2089858483,b0f066a214c2f5e87bad3c948f4d605d)
Start importing Assets/XRISamples/Scenes/XRI_Examples_Main/Lightmap-22_comp_light.exr using Guid(37d51bf0bc2969e4982408a998ad68aa) Importer(2089858483,b0f066a214c2f5e87bad3c948f4d605d) (ScriptedImporter) -> (artifact id: '95cf78e32f092a207205d2b3cb367300') in 0.0114894 seconds
Number of updated asset objects reloaded before import = 0Number of asset objects unloaded after import = 1

========================================================================
Received Import Request.
  Time since last request: 0.000013 seconds.
  path: Assets/XRISamples/Props/Materials/Candle_Small_Angular_Gray.mat
  artifactKey: Guid(408b7991c8cfb8645bbcb2f8aed81eae) Importer(2089858483,b0f066a214c2f5e87bad3c948f4d605d)
Start importing Assets/XRISamples/Props/Materials/Candle_Small_Angular_Gray.mat using Guid(408b7991c8cfb8645bbcb2f8aed81eae) Importer(2089858483,b0f066a214c2f5e87bad3c948f4d605d) (ScriptedImporter) -> (artifact id: '5c621d477ff75001bb91de63a7c25f02') in 0.0118906 seconds
Number of updated asset objects reloaded before import = 0Number of asset objects unloaded after import = 2

========================================================================
Received Import Request.
  Time since last request: 0.000015 seconds.
  path: Assets/XRISamples/GrabInteractables/Prefabs/RibbonStick.prefab
  artifactKey: Guid(3cf910a0f0ea5a1489eb8d7dd0721171) Importer(2089858483,b0f066a214c2f5e87bad3c948f4d605d)
Start importing Assets/XRISamples/GrabInteractables/Prefabs/RibbonStick.prefab using Guid(3cf910a0f0ea5a1489eb8d7dd0721171) Importer(2089858483,b0f066a214c2f5e87bad3c948f4d605d) (ScriptedImporter) -> (artifact id: '1c80dbf753e50083b34e2ae0d31c7aef') in 0.0150236 seconds
Number of updated asset objects reloaded before import = 0Number of asset objects unloaded after import = 32

========================================================================
Received Import Request.
  Time since last request: 0.000016 seconds.
  path: Assets/XRISamples/UI_3D/Materials/Lights.mat
  artifactKey: Guid(d2c3b9320404f7142b2c312c6dc7c643) Importer(2089858483,b0f066a214c2f5e87bad3c948f4d605d)
Start importing Assets/XRISamples/UI_3D/Materials/Lights.mat using Guid(d2c3b9320404f7142b2c312c6dc7c643) Importer(2089858483,b0f066a214c2f5e87bad3c948f4d605d) (ScriptedImporter) -> (artifact id: '5dc7689a1f58cb38d7aeede435f00340') in 0.0098924 seconds
Number of updated asset objects reloaded before import = 0Number of asset objects unloaded after import = 1

========================================================================
Received Import Request.
  Time since last request: 0.000023 seconds.
  path: Assets/XRISamples/Props/Models/Candle_Small_Round.fbx
  artifactKey: Guid(44bf690a21e07544387a76c04371e784) Importer(2089858483,b0f066a214c2f5e87bad3c948f4d605d)
Start importing Assets/XRISamples/Props/Models/Candle_Small_Round.fbx using Guid(44bf690a21e07544387a76c04371e784) Importer(2089858483,b0f066a214c2f5e87bad3c948f4d605d) (ScriptedImporter) -> (artifact id: '8eb4bb60eb9c3ae597d1da3b84eb5752') in 0.0192707 seconds
Number of updated asset objects reloaded before import = 0Number of asset objects unloaded after import = 10

========================================================================
Received Import Request.
  Time since last request: 0.000021 seconds.
  path: Assets/XRISamples/Global/Scripts/Analytics/Behaviours/XrcGrabInteractableStationAnalytics.cs
  artifactKey: Guid(64441dc1ef91cb442884a1d08fffdc1c) Importer(2089858483,b0f066a214c2f5e87bad3c948f4d605d)
Start importing Assets/XRISamples/Global/Scripts/Analytics/Behaviours/XrcGrabInteractableStationAnalytics.cs using Guid(64441dc1ef91cb442884a1d08fffdc1c) Importer(2089858483,b0f066a214c2f5e87bad3c948f4d605d) (ScriptedImporter) -> (artifact id: '78532fb5773aa21c983274adea19d2dd') in 0.0086892 seconds
Number of updated asset objects reloaded before import = 0Number of asset objects unloaded after import = 0

========================================================================
Received Import Request.
  Time since last request: 0.000013 seconds.
  path: Assets/XRISamples/Global/Scripts/Analytics/Editor/XrcSceneAnalyticsEditor.cs
  artifactKey: Guid(cac85eae435a0fe4a9c4f0e6a8bfd8bb) Importer(2089858483,b0f066a214c2f5e87bad3c948f4d605d)
Start importing Assets/XRISamples/Global/Scripts/Analytics/Editor/XrcSceneAnalyticsEditor.cs using Guid(cac85eae435a0fe4a9c4f0e6a8bfd8bb) Importer(2089858483,b0f066a214c2f5e87bad3c948f4d605d) (ScriptedImporter) -> (artifact id: 'e78d9f6c7e512a744d4ae34145ebe943') in 0.0094226 seconds
Number of updated asset objects reloaded before import = 0Number of asset objects unloaded after import = 0

========================================================================
Received Import Request.
  Time since last request: 0.000014 seconds.
  path: Assets/XRISamples/Environment/Shaders/Waterfall_Ripples.shadergraph
  artifactKey: Guid(a8c9ecf579a9ae541a0643588540b5b5) Importer(2089858483,b0f066a214c2f5e87bad3c948f4d605d)
Start importing Assets/XRISamples/Environment/Shaders/Waterfall_Ripples.shadergraph using Guid(a8c9ecf579a9ae541a0643588540b5b5) Importer(2089858483,b0f066a214c2f5e87bad3c948f4d605d) (ScriptedImporter) -> (artifact id: 'd72e5b1e1cbfc797b042f97d7f52cd52') in 0.0243151 seconds
Number of updated asset objects reloaded before import = 0Number of asset objects unloaded after import = 7

========================================================================
Received Import Request.
  Time since last request: 0.000017 seconds.
  path: Assets/XRISamples/ActivateInteractables/Animation/LauncherController2H.controller
  artifactKey: Guid(12e7a1c4f45042545bda5f9e1a1834ad) Importer(2089858483,b0f066a214c2f5e87bad3c948f4d605d)
Start importing Assets/XRISamples/ActivateInteractables/Animation/LauncherController2H.controller using Guid(12e7a1c4f45042545bda5f9e1a1834ad) Importer(2089858483,b0f066a214c2f5e87bad3c948f4d605d) (ScriptedImporter) -> (artifact id: 'de8dbe9b804d6a1d22d55a73d8b4b9b4') in 0.0120589 seconds
Number of updated asset objects reloaded before import = 0Number of asset objects unloaded after import = 8

========================================================================
Received Import Request.
  Time since last request: 0.000031 seconds.
  path: Assets/XRISamples/Global/Scripts/DestroyObject.cs
  artifactKey: Guid(b56b982c85b468f45a3260808d7ea637) Importer(2089858483,b0f066a214c2f5e87bad3c948f4d605d)
Start importing Assets/XRISamples/Global/Scripts/DestroyObject.cs using Guid(b56b982c85b468f45a3260808d7ea637) Importer(2089858483,b0f066a214c2f5e87bad3c948f4d605d) (ScriptedImporter) -> (artifact id: 'e9c292fa09d8a83a5690aa9fc96ec2d2') in 0.0111618 seconds
Number of updated asset objects reloaded before import = 0Number of asset objects unloaded after import = 0

========================================================================
Received Import Request.
  Time since last request: 0.000027 seconds.
  path: Assets/XRISamples/Props/Prefabs/CandleFlame.prefab
  artifactKey: Guid(4103b572f2f427f459cf78e2fabf65d2) Importer(2089858483,b0f066a214c2f5e87bad3c948f4d605d)
Start importing Assets/XRISamples/Props/Prefabs/CandleFlame.prefab using Guid(4103b572f2f427f459cf78e2fabf65d2) Importer(2089858483,b0f066a214c2f5e87bad3c948f4d605d) (ScriptedImporter) -> (artifact id: 'bc7b1e19bc84eff176ef14da102d5940') in 0.0252024 seconds
Number of updated asset objects reloaded before import = 0Number of asset objects unloaded after import = 10

========================================================================
Received Import Request.
  Time since last request: 0.000016 seconds.
  path: Assets/XRISamples/Scenes/XRI_Examples_Main/Lightmap-21_comp_dir.png
  artifactKey: Guid(ced61940814e49141b8205036e6879b6) Importer(2089858483,b0f066a214c2f5e87bad3c948f4d605d)
Start importing Assets/XRISamples/Scenes/XRI_Examples_Main/Lightmap-21_comp_dir.png using Guid(ced61940814e49141b8205036e6879b6) Importer(2089858483,b0f066a214c2f5e87bad3c948f4d605d) (ScriptedImporter) -> (artifact id: '9345390fbfbd739fd4ba6cb7ab4f57ca') in 0.0134735 seconds
Number of updated asset objects reloaded before import = 0Number of asset objects unloaded after import = 1

========================================================================
Received Import Request.
  Time since last request: 0.000016 seconds.
  path: Assets/XRISamples/Scenes/XRI_Examples_Main/Lightmap-24_comp_light.exr
  artifactKey: Guid(902bc9150af8bb547ae7f73bb976d6d4) Importer(2089858483,b0f066a214c2f5e87bad3c948f4d605d)
Start importing Assets/XRISamples/Scenes/XRI_Examples_Main/Lightmap-24_comp_light.exr using Guid(902bc9150af8bb547ae7f73bb976d6d4) Importer(2089858483,b0f066a214c2f5e87bad3c948f4d605d) (ScriptedImporter) -> (artifact id: '4706a1a44fe93410679fc7a4af02c18e') in 0.0235778 seconds
Number of updated asset objects reloaded before import = 0Number of asset objects unloaded after import = 1

========================================================================
Received Import Request.
  Time since last request: 0.000012 seconds.
  path: Assets/XRISamples/HoverHighlight/Shaders
  artifactKey: Guid(c0a5ae9719de06447a7e93aa6bb2230f) Importer(2089858483,b0f066a214c2f5e87bad3c948f4d605d)
Start importing Assets/XRISamples/HoverHighlight/Shaders using Guid(c0a5ae9719de06447a7e93aa6bb2230f) Importer(2089858483,b0f066a214c2f5e87bad3c948f4d605d) (ScriptedImporter) -> (artifact id: '576ac6276fb9aad7795b3ce95c50f909') in 0.0109493 seconds
Number of updated asset objects reloaded before import = 0Number of asset objects unloaded after import = 1

========================================================================
Received Import Request.
  Time since last request: 0.000017 seconds.
  path: Assets/XRISamples/ActivateInteractables
  artifactKey: Guid(b6e2d999e742df449a5bdc8aedb3b745) Importer(2089858483,b0f066a214c2f5e87bad3c948f4d605d)
Start importing Assets/XRISamples/ActivateInteractables using Guid(b6e2d999e742df449a5bdc8aedb3b745) Importer(2089858483,b0f066a214c2f5e87bad3c948f4d605d) (ScriptedImporter) -> (artifact id: '07b5fa8f363251a71f6c7e559de146d3') in 0.0096454 seconds
Number of updated asset objects reloaded before import = 0Number of asset objects unloaded after import = 1

========================================================================
Received Import Request.
  Time since last request: 0.000022 seconds.
  path: Assets/XRISamples/UI_2D/Sprites/Icons/Chevron.png
  artifactKey: Guid(13366c9db6a054aa0989e25fed5693ba) Importer(2089858483,b0f066a214c2f5e87bad3c948f4d605d)
Start importing Assets/XRISamples/UI_2D/Sprites/Icons/Chevron.png using Guid(13366c9db6a054aa0989e25fed5693ba) Importer(2089858483,b0f066a214c2f5e87bad3c948f4d605d) (ScriptedImporter) -> (artifact id: 'd3fad2db54d79a7204a4d8bc4cab8af1') in 0.0125612 seconds
Number of updated asset objects reloaded before import = 0Number of asset objects unloaded after import = 3

========================================================================
Received Import Request.
  Time since last request: 0.000014 seconds.
  path: Assets/XRISamples/UI_3D/Materials/ClawMachine/UFO_FX_Beam.mat
  artifactKey: Guid(25750b82b41a76f41ac2722a821b962e) Importer(2089858483,b0f066a214c2f5e87bad3c948f4d605d)
Start importing Assets/XRISamples/UI_3D/Materials/ClawMachine/UFO_FX_Beam.mat using Guid(25750b82b41a76f41ac2722a821b962e) Importer(2089858483,b0f066a214c2f5e87bad3c948f4d605d) (ScriptedImporter) -> (artifact id: '503b97804b3c08a37347c3f56da32465') in 0.0141737 seconds
Number of updated asset objects reloaded before import = 0Number of asset objects unloaded after import = 2

========================================================================
Received Import Request.
  Time since last request: 0.000017 seconds.
  path: Assets/XRISamples/UI_2D
  artifactKey: Guid(f7779877097645f4fa3c9088e32c1bb7) Importer(2089858483,b0f066a214c2f5e87bad3c948f4d605d)
Start importing Assets/XRISamples/UI_2D using Guid(f7779877097645f4fa3c9088e32c1bb7) Importer(2089858483,b0f066a214c2f5e87bad3c948f4d605d) (ScriptedImporter) -> (artifact id: '987ace850c7d1cf09db5b3156b5ff07b') in 0.0099991 seconds
Number of updated asset objects reloaded before import = 0Number of asset objects unloaded after import = 1

========================================================================
Received Import Request.
  Time since last request: 0.000015 seconds.
  path: Assets/XRISamples/Physics/Prefabs/Door_Flip.prefab
  artifactKey: Guid(ef8968d3811b4f9448c64ac756317715) Importer(2089858483,b0f066a214c2f5e87bad3c948f4d605d)
Start importing Assets/XRISamples/Physics/Prefabs/Door_Flip.prefab using Guid(ef8968d3811b4f9448c64ac756317715) Importer(2089858483,b0f066a214c2f5e87bad3c948f4d605d) (ScriptedImporter) -> (artifact id: 'c53f99361ebdfbad546ef09540d4cd16') in 0.010426 seconds
Number of updated asset objects reloaded before import = 0Number of asset objects unloaded after import = 19

========================================================================
Received Import Request.
  Time since last request: 0.000018 seconds.
  path: Assets/XRISamples/Global/Materials/Teleport_Reticle.mat
  artifactKey: Guid(ef84914a2e9f67144ac3d6fcaccb20bf) Importer(2089858483,b0f066a214c2f5e87bad3c948f4d605d)
Start importing Assets/XRISamples/Global/Materials/Teleport_Reticle.mat using Guid(ef84914a2e9f67144ac3d6fcaccb20bf) Importer(2089858483,b0f066a214c2f5e87bad3c948f4d605d) (ScriptedImporter) -> (artifact id: '5eee58ebf9ad7db7261c67cfc458e91f') in 0.0102169 seconds
Number of updated asset objects reloaded before import = 0Number of asset objects unloaded after import = 1

========================================================================
Received Import Request.
  Time since last request: 0.000025 seconds.
  path: Assets/XRISamples/ActivateInteractables/Materials/Launcher_Red_2H.mat
  artifactKey: Guid(6b0924bea97d6bc42b36b8176ad3f272) Importer(2089858483,b0f066a214c2f5e87bad3c948f4d605d)
Start importing Assets/XRISamples/ActivateInteractables/Materials/Launcher_Red_2H.mat using Guid(6b0924bea97d6bc42b36b8176ad3f272) Importer(2089858483,b0f066a214c2f5e87bad3c948f4d605d) (ScriptedImporter) -> (artifact id: 'e79df8108d002418ebbaaba7ede07c59') in 0.0113907 seconds
Number of updated asset objects reloaded before import = 0Number of asset objects unloaded after import = 1

========================================================================
Received Import Request.
  Time since last request: 0.000016 seconds.
  path: Assets/XRISamples/GrabInteractables/Prefabs/InstantCube.prefab
  artifactKey: Guid(c91b6479bcc5dc94f8290551ae3e6d76) Importer(2089858483,b0f066a214c2f5e87bad3c948f4d605d)
Start importing Assets/XRISamples/GrabInteractables/Prefabs/InstantCube.prefab using Guid(c91b6479bcc5dc94f8290551ae3e6d76) Importer(2089858483,b0f066a214c2f5e87bad3c948f4d605d) (ScriptedImporter) -> (artifact id: 'c6824ff52a08e49404f7ed622d9412d8') in 0.018722 seconds
Number of updated asset objects reloaded before import = 0Number of asset objects unloaded after import = 15

========================================================================
Received Import Request.
  Time since last request: 0.000015 seconds.
  path: Assets/XRISamples/Physics/Materials/Frame.mat
  artifactKey: Guid(9c30636dd96dd9a4e91b6b734e2e2e0a) Importer(2089858483,b0f066a214c2f5e87bad3c948f4d605d)
Start importing Assets/XRISamples/Physics/Materials/Frame.mat using Guid(9c30636dd96dd9a4e91b6b734e2e2e0a) Importer(2089858483,b0f066a214c2f5e87bad3c948f4d605d) (ScriptedImporter) -> (artifact id: 'a22082e2cf6248b46fe8753ea8cbb3bb') in 0.0092471 seconds
Number of updated asset objects reloaded before import = 0Number of asset objects unloaded after import = 1

========================================================================
Received Import Request.
  Time since last request: 0.000012 seconds.
  path: Assets/XRISamples/SocketInteractors/Prefabs/Battery.prefab
  artifactKey: Guid(b1b1dbeb4f4711945b5b2d72116081bc) Importer(2089858483,b0f066a214c2f5e87bad3c948f4d605d)
Start importing Assets/XRISamples/SocketInteractors/Prefabs/Battery.prefab using Guid(b1b1dbeb4f4711945b5b2d72116081bc) Importer(2089858483,b0f066a214c2f5e87bad3c948f4d605d) (ScriptedImporter) -> (artifact id: '18ce68112176fbd9d9ffdc97d2eebfc2') in 0.0145796 seconds
Number of updated asset objects reloaded before import = 0Number of asset objects unloaded after import = 21

========================================================================
Received Import Request.
  Time since last request: 0.000013 seconds.
  path: Assets/XRISamples/Props/Models/TargetRing.fbx
  artifactKey: Guid(9be78d4b4d369b94d9076a46fa4d0304) Importer(2089858483,b0f066a214c2f5e87bad3c948f4d605d)
Start importing Assets/XRISamples/Props/Models/TargetRing.fbx using Guid(9be78d4b4d369b94d9076a46fa4d0304) Importer(2089858483,b0f066a214c2f5e87bad3c948f4d605d) (ScriptedImporter) -> (artifact id: 'b8589ecd432d530496d667d2644236bf') in 0.0136957 seconds
Number of updated asset objects reloaded before import = 0Number of asset objects unloaded after import = 23

========================================================================
Received Import Request.
  Time since last request: 0.000015 seconds.
  path: Assets/XRISamples/Environment/Textures
  artifactKey: Guid(d28555c94c9f70345a0e436b66c1fb95) Importer(2089858483,b0f066a214c2f5e87bad3c948f4d605d)
Start importing Assets/XRISamples/Environment/Textures using Guid(d28555c94c9f70345a0e436b66c1fb95) Importer(2089858483,b0f066a214c2f5e87bad3c948f4d605d) (ScriptedImporter) -> (artifact id: '95b471d9f17904cf6af3edc3cf6e7648') in 0.0080856 seconds
Number of updated asset objects reloaded before import = 0Number of asset objects unloaded after import = 1

========================================================================
Received Import Request.
  Time since last request: 0.000019 seconds.
  path: Assets/XRISamples/Scenes
  artifactKey: Guid(f727354bcfc82dc46a4a33301c440152) Importer(2089858483,b0f066a214c2f5e87bad3c948f4d605d)
Start importing Assets/XRISamples/Scenes using Guid(f727354bcfc82dc46a4a33301c440152) Importer(2089858483,b0f066a214c2f5e87bad3c948f4d605d) (ScriptedImporter) -> (artifact id: '0fd0f9c79077e17074985aba60e2286d') in 0.0080142 seconds
Number of updated asset objects reloaded before import = 0Number of asset objects unloaded after import = 1

========================================================================
Received Import Request.
  Time since last request: 0.000013 seconds.
  path: Assets/XRISamples/VRWalkthrough/Textures/Icon/Waypoint_Filled.png
  artifactKey: Guid(4e601d845e32ffd499206254877afe9c) Importer(2089858483,b0f066a214c2f5e87bad3c948f4d605d)
Start importing Assets/XRISamples/VRWalkthrough/Textures/Icon/Waypoint_Filled.png using Guid(4e601d845e32ffd499206254877afe9c) Importer(2089858483,b0f066a214c2f5e87bad3c948f4d605d) (ScriptedImporter) -> (artifact id: '103dfd87979b3d56ad7f75f34a62e74f') in 0.0137423 seconds
Number of updated asset objects reloaded before import = 0Number of asset objects unloaded after import = 3

========================================================================
Received Import Request.
  Time since last request: 0.000015 seconds.
  path: Assets/XRISamples/ActivateInteractables/Materials/Megaphone_Blue.mat
  artifactKey: Guid(a34d8aae21894944c9aa59136584c39a) Importer(2089858483,b0f066a214c2f5e87bad3c948f4d605d)
Start importing Assets/XRISamples/ActivateInteractables/Materials/Megaphone_Blue.mat using Guid(a34d8aae21894944c9aa59136584c39a) Importer(2089858483,b0f066a214c2f5e87bad3c948f4d605d) (ScriptedImporter) -> (artifact id: '53f2f17fe1567ad45f6849315e747db5') in 0.012216 seconds
Number of updated asset objects reloaded before import = 0Number of asset objects unloaded after import = 2

========================================================================
Received Import Request.
  Time since last request: 0.000019 seconds.
  path: Assets/XRISamples/ActivateInteractables/Models/Megaphone.fbx
  artifactKey: Guid(5daa2e3c4c8d7b948841d963f321a6bf) Importer(2089858483,b0f066a214c2f5e87bad3c948f4d605d)
Start importing Assets/XRISamples/ActivateInteractables/Models/Megaphone.fbx using Guid(5daa2e3c4c8d7b948841d963f321a6bf) Importer(2089858483,b0f066a214c2f5e87bad3c948f4d605d) (ScriptedImporter) -> (artifact id: 'fd641855e39125abc7aa7cd4ccced11d') in 0.0188081 seconds
Number of updated asset objects reloaded before import = 0Number of asset objects unloaded after import = 25

========================================================================
Received Import Request.
  Time since last request: 0.000017 seconds.
  path: Assets/XRISamples/Environment/Materials/DistantTerrain_01.mat
  artifactKey: Guid(ee508fbf0b9437d4283fdae347b66d80) Importer(2089858483,b0f066a214c2f5e87bad3c948f4d605d)
Start importing Assets/XRISamples/Environment/Materials/DistantTerrain_01.mat using Guid(ee508fbf0b9437d4283fdae347b66d80) Importer(2089858483,b0f066a214c2f5e87bad3c948f4d605d) (ScriptedImporter) -> (artifact id: 'b85537c2cf2a618e0539cdf4784ff3e4') in 0.0111457 seconds
Number of updated asset objects reloaded before import = 0Number of asset objects unloaded after import = 1

========================================================================
Received Import Request.
  Time since last request: 0.000030 seconds.
  path: Assets/XRISamples/VRWalkthrough/Scripts/WalkthroughTriggers/ButtonPressTrigger.cs
  artifactKey: Guid(489565b6c95bfbc49b1681ab52f265ea) Importer(2089858483,b0f066a214c2f5e87bad3c948f4d605d)
Start importing Assets/XRISamples/VRWalkthrough/Scripts/WalkthroughTriggers/ButtonPressTrigger.cs using Guid(489565b6c95bfbc49b1681ab52f265ea) Importer(2089858483,b0f066a214c2f5e87bad3c948f4d605d) (ScriptedImporter) -> (artifact id: '2fdfa395fda83f8eadb7d345a7bd53c6') in 0.0101222 seconds
Number of updated asset objects reloaded before import = 0Number of asset objects unloaded after import = 0

========================================================================
Received Import Request.
  Time since last request: 0.000015 seconds.
  path: Assets/XRISamples/Scenes/XRI_Examples_Main/Lightmap-5_comp_light.exr
  artifactKey: Guid(4eb58c77bb898694281f80b70cb592f2) Importer(2089858483,b0f066a214c2f5e87bad3c948f4d605d)
Start importing Assets/XRISamples/Scenes/XRI_Examples_Main/Lightmap-5_comp_light.exr using Guid(4eb58c77bb898694281f80b70cb592f2) Importer(2089858483,b0f066a214c2f5e87bad3c948f4d605d) (ScriptedImporter) -> (artifact id: '66e05b4bd617ad725d1ec677c107211d') in 0.0134493 seconds
Number of updated asset objects reloaded before import = 0Number of asset objects unloaded after import = 1

========================================================================
Received Import Request.
  Time since last request: 0.000013 seconds.
  path: Assets/XRISamples/ActivateInteractables/Materials/Megaphone_Red.mat
  artifactKey: Guid(e8b33a9380ca86740ad6652e93848afa) Importer(2089858483,b0f066a214c2f5e87bad3c948f4d605d)
Start importing Assets/XRISamples/ActivateInteractables/Materials/Megaphone_Red.mat using Guid(e8b33a9380ca86740ad6652e93848afa) Importer(2089858483,b0f066a214c2f5e87bad3c948f4d605d) (ScriptedImporter) -> (artifact id: 'a2f8385fe727cc1001fb00c73321bc4f') in 0.0118369 seconds
Number of updated asset objects reloaded before import = 0Number of asset objects unloaded after import = 2

========================================================================
Received Import Request.
  Time since last request: 0.000017 seconds.
  path: Assets/XRISamples/SocketInteractors/Materials/Peg_Cyan.mat
  artifactKey: Guid(594e0f737425d0843a92de8af39b590e) Importer(2089858483,b0f066a214c2f5e87bad3c948f4d605d)
Start importing Assets/XRISamples/SocketInteractors/Materials/Peg_Cyan.mat using Guid(594e0f737425d0843a92de8af39b590e) Importer(2089858483,b0f066a214c2f5e87bad3c948f4d605d) (ScriptedImporter) -> (artifact id: 'a068d8e35259747186d2a659f7207b59') in 0.010777 seconds
Number of updated asset objects reloaded before import = 0Number of asset objects unloaded after import = 1

========================================================================
Received Import Request.
  Time since last request: 8.336877 seconds.
  path: Assets/XRISamples/Physics/Models/DoorKey.fbx
  artifactKey: Guid(e966bff0ad273cd4393f6f88b68e3ea1) Importer(815301076,1909f56bfc062723c751e8b465ee728b)
Start importing Assets/XRISamples/Physics/Models/DoorKey.fbx using Guid(e966bff0ad273cd4393f6f88b68e3ea1) Importer(815301076,1909f56bfc062723c751e8b465ee728b) (PreviewImporter) -> (artifact id: '9d39a8fc26cd0851f07059e37f8b24dc') in 0.3922951 seconds
Number of updated asset objects reloaded before import = 0Number of asset objects unloaded after import = 8

========================================================================
Received Import Request.
  Time since last request: 26.762173 seconds.
  path: Assets/XRISamples/Physics/Prefabs/DoorKey.prefab
  artifactKey: Guid(52b0efbba0ab54548af1006d60566fe1) Importer(815301076,1909f56bfc062723c751e8b465ee728b)
Start importing Assets/XRISamples/Physics/Prefabs/DoorKey.prefab using Guid(52b0efbba0ab54548af1006d60566fe1) Importer(815301076,1909f56bfc062723c751e8b465ee728b) (PreviewImporter) -> (artifact id: 'ba877d481998a326f12a3c29d5730fb9') in 0.0137827 seconds
Number of updated asset objects reloaded before import = 0Number of asset objects unloaded after import = 49

========================================================================
Received Prepare
WARNING: Shader Unsupported: 'Simulation/Standard Lit' - All subshaders removed
WARNING: Shader Did you use #pragma only_renderers and omit this platform?
WARNING: Shader If subshaders removal was intentional, you may have forgotten turning Fallback off?
WARNING: Shader Unsupported: 'Simulation/Standard Lit' - All subshaders removed
WARNING: Shader Did you use #pragma only_renderers and omit this platform?
WARNING: Shader If subshaders removal was intentional, you may have forgotten turning Fallback off?
WARNING: Shader Unsupported: 'Simulation/URP/Room X-Ray' - All subshaders removed
WARNING: Shader Did you use #pragma only_renderers and omit this platform?
WARNING: Shader If subshaders removal was intentional, you may have forgotten turning Fallback off?
WARNING: Shader Unsupported: 'Simulation/URP/Room X-Ray' - All subshaders removed
WARNING: Shader Did you use #pragma only_renderers and omit this platform?
WARNING: Shader If subshaders removal was intentional, you may have forgotten turning Fallback off?
WARNING: Shader Unsupported: 'Simulation/URP/Lit' - All subshaders removed
WARNING: Shader Did you use #pragma only_renderers and omit this platform?
WARNING: Shader If subshaders removal was intentional, you may have forgotten turning Fallback off?
WARNING: Shader Unsupported: 'Simulation/URP/Lit' - All subshaders removed
WARNING: Shader Did you use #pragma only_renderers and omit this platform?
WARNING: Shader If subshaders removal was intentional, you may have forgotten turning Fallback off?
WARNING: Shader Unsupported: 'Hidden/Simulation/URP/Synthetic' - All subshaders removed
WARNING: Shader Did you use #pragma only_renderers and omit this platform?
WARNING: Shader If subshaders removal was intentional, you may have forgotten turning Fallback off?
WARNING: Shader Unsupported: 'Hidden/Simulation/URP/Synthetic' - All subshaders removed
WARNING: Shader Did you use #pragma only_renderers and omit this platform?
WARNING: Shader If subshaders removal was intentional, you may have forgotten turning Fallback off?
WARNING: Shader Unsupported: 'Hidden/Simulation/Synthetic Lit' - All subshaders removed
WARNING: Shader Did you use #pragma only_renderers and omit this platform?
WARNING: Shader If subshaders removal was intentional, you may have forgotten turning Fallback off?
WARNING: Shader Unsupported: 'Hidden/Simulation/Synthetic Lit' - All subshaders removed
WARNING: Shader Did you use #pragma only_renderers and omit this platform?
WARNING: Shader If subshaders removal was intentional, you may have forgotten turning Fallback off?
WARNING: Shader Unsupported: 'Simulation/Room X-Ray' - All subshaders removed
WARNING: Shader Did you use #pragma only_renderers and omit this platform?
WARNING: Shader If subshaders removal was intentional, you may have forgotten turning Fallback off?
WARNING: Shader Unsupported: 'Simulation/Room X-Ray' - All subshaders removed
WARNING: Shader Did you use #pragma only_renderers and omit this platform?
WARNING: Shader If subshaders removal was intentional, you may have forgotten turning Fallback off?
Refreshing native plugins compatible for Editor in 8.48 ms, found 8 plugins.
Preloading 0 native plugins for Editor in 0.00 ms.
Unloading 34 Unused Serialized files (Serialized files now loaded: 0)
Unloading 6338 unused Assets / (10.4 MB). Loaded Objects now: 7378.
Memory consumption went from 170.6 MB to 160.2 MB.
Total: 15.625500 ms (FindLiveObjects: 0.872900 ms CreateObjectMapping: 0.347100 ms MarkObjects: 8.159700 ms  DeleteObjects: 6.244400 ms)

Prepare: number of updated asset objects reloaded= 3
========================================================================
Received Prepare
Begin MonoManager ReloadAssembly
[Licensing::Client] Successfully resolved entitlement details
ADTM: Control thread waiting for realtime thread timed out, have to lock...
- Loaded All Assemblies, in  1.743 seconds
Refreshing native plugins compatible for Editor in 8.30 ms, found 8 plugins.
Native extension for Android target not found
Native extension for WindowsStandalone target not found
[Package Manager] Failed to launch server process. Reason: Unity was launched with the -noUpm command-line argument
[Package Manager] Unable to send message (not connected to server process).
[Package Manager] Cannot connect to Unity Package Manager local server
ScheduleIndexationOnStartup MainProcess:False IndexOnStartup:True
Mono: successfully reloaded assembly
[Package Manager] Failed to launch server process. Reason: Unity was launched with the -noUpm command-line argument
[Package Manager] Unable to send message (not connected to server process).
[Package Manager] Cannot connect to Unity Package Manager local server
- Finished resetting the current domain, in  0.810 seconds
Domain Reload Profiling: 2555ms
	BeginReloadAssembly (1259ms)
		ExecutionOrderSort (0ms)
		DisableScriptedObjects (19ms)
		BackupInstance (0ms)
		ReleaseScriptingObjects (0ms)
		CreateAndSetChildDomain (1075ms)
	RebuildCommonClasses (37ms)
	RebuildNativeTypeToScriptingClass (12ms)
	initialDomainReloadingComplete (26ms)
	LoadAllAssembliesAndSetupDomain (410ms)
		LoadAssemblies (327ms)
		RebuildTransferFunctionScriptingTraits (0ms)
		AnalyzeDomain (182ms)
			TypeCache.Refresh (7ms)
				TypeCache.ScanAssembly (0ms)
			BuildScriptInfoCaches (158ms)
			ResolveRequiredComponents (13ms)
	FinalizeReload (811ms)
		ReleaseScriptCaches (0ms)
		RebuildScriptCaches (0ms)
		SetupLoadedEditorAssemblies (608ms)
			LogAssemblyErrors (0ms)
			InitializePlatformSupportModulesInManaged (9ms)
			SetLoadedEditorAssemblies (3ms)
			BeforeProcessingInitializeOnLoad (171ms)
			ProcessInitializeOnLoadAttributes (300ms)
			ProcessInitializeOnLoadMethodAttributes (120ms)
			AfterProcessingInitializeOnLoad (4ms)
			EditorAssembliesLoaded (0ms)
		ExecutionOrderSort2 (0ms)
		AwakeInstancesAfterBackupRestoration (14ms)
WARNING: Shader Unsupported: 'Simulation/Standard Lit' - All subshaders removed
WARNING: Shader Did you use #pragma only_renderers and omit this platform?
WARNING: Shader If subshaders removal was intentional, you may have forgotten turning Fallback off?
WARNING: Shader Unsupported: 'Simulation/Standard Lit' - All subshaders removed
WARNING: Shader Did you use #pragma only_renderers and omit this platform?
WARNING: Shader If subshaders removal was intentional, you may have forgotten turning Fallback off?
WARNING: Shader Unsupported: 'Simulation/URP/Room X-Ray' - All subshaders removed
WARNING: Shader Did you use #pragma only_renderers and omit this platform?
WARNING: Shader If subshaders removal was intentional, you may have forgotten turning Fallback off?
WARNING: Shader Unsupported: 'Simulation/URP/Room X-Ray' - All subshaders removed
WARNING: Shader Did you use #pragma only_renderers and omit this platform?
WARNING: Shader If subshaders removal was intentional, you may have forgotten turning Fallback off?
WARNING: Shader Unsupported: 'Simulation/URP/Lit' - All subshaders removed
WARNING: Shader Did you use #pragma only_renderers and omit this platform?
WARNING: Shader If subshaders removal was intentional, you may have forgotten turning Fallback off?
WARNING: Shader Unsupported: 'Simulation/URP/Lit' - All subshaders removed
WARNING: Shader Did you use #pragma only_renderers and omit this platform?
WARNING: Shader If subshaders removal was intentional, you may have forgotten turning Fallback off?
WARNING: Shader Unsupported: 'Hidden/Simulation/URP/Synthetic' - All subshaders removed
WARNING: Shader Did you use #pragma only_renderers and omit this platform?
WARNING: Shader If subshaders removal was intentional, you may have forgotten turning Fallback off?
WARNING: Shader Unsupported: 'Hidden/Simulation/URP/Synthetic' - All subshaders removed
WARNING: Shader Did you use #pragma only_renderers and omit this platform?
WARNING: Shader If subshaders removal was intentional, you may have forgotten turning Fallback off?
WARNING: Shader Unsupported: 'Hidden/Simulation/Synthetic Lit' - All subshaders removed
WARNING: Shader Did you use #pragma only_renderers and omit this platform?
WARNING: Shader If subshaders removal was intentional, you may have forgotten turning Fallback off?
WARNING: Shader Unsupported: 'Hidden/Simulation/Synthetic Lit' - All subshaders removed
WARNING: Shader Did you use #pragma only_renderers and omit this platform?
WARNING: Shader If subshaders removal was intentional, you may have forgotten turning Fallback off?
WARNING: Shader Unsupported: 'Simulation/Room X-Ray' - All subshaders removed
WARNING: Shader Did you use #pragma only_renderers and omit this platform?
WARNING: Shader If subshaders removal was intentional, you may have forgotten turning Fallback off?
WARNING: Shader Unsupported: 'Simulation/Room X-Ray' - All subshaders removed
WARNING: Shader Did you use #pragma only_renderers and omit this platform?
WARNING: Shader If subshaders removal was intentional, you may have forgotten turning Fallback off?
Refreshing native plugins compatible for Editor in 6.78 ms, found 8 plugins.
Preloading 0 native plugins for Editor in 0.00 ms.
Unloading 34 Unused Serialized files (Serialized files now loaded: 0)
Unloading 6551 unused Assets / (10.6 MB). Loaded Objects now: 7354.
Memory consumption went from 199.7 MB to 189.1 MB.
Total: 12.458600 ms (FindLiveObjects: 0.855800 ms CreateObjectMapping: 0.467400 ms MarkObjects: 6.093100 ms  DeleteObjects: 5.041200 ms)

Prepare: number of updated asset objects reloaded= 0
Editor requested this worker to shutdown with reason: Scaling down because of idle timeout
AssetImportWorker is now disconnected from the server
Process exiting
Exiting without the bug reporter. Application will terminate with return code 0