[Licensing::Module] Trying to connect to existing licensing client channel...
Built from '6000.3/staging' branch; Version is '6000.3.9f1 (7a9955a4f2fa) revision 8034645'; Using compiler version '194234433'; Build Type 'Release'
OS: 'Windows 11  (10.0.26200) CoreSingleLanguage' Language: 'en' Physical Memory: 16171 MB
BatchMode: 1, IsHumanControllingUs: 0, StartBugReporterOnCrash: 0, Is64bit: 1
[Licensing::IpcConnector] Successfully connected to: "LicenseClient-Shiro" at "2026-03-15T10:29:52.849336Z"
System  architecture: x64
Process architecture: x64
Date: 2026-03-15T10:29:52Z

COMMAND LINE ARGUMENTS:
C:\Program Files\Unity\Hub\Editor\6000.3.9f1\Editor\Unity.exe
-adb2
-batchMode
-noUpm
-name
AssetImportWorker26
-projectPath
F:/Unity/iat445/iat445
-logFile
Logs/AssetImportWorker26.log
-srvPort
52894
-licensingIpc
LicenseClient-Shiro
-job-worker-count
3
-background-job-worker-count
8
-gc-helper-count
1
-name
AssetImport
Successfully changed project path to: F:/Unity/iat445/iat445
F:/Unity/iat445/iat445
[UnityMemory] Configuration Parameters - Can be set up in boot.config
    "memorysetup-temp-allocator-size-nav-mesh-worker=65536"
    "memorysetup-temp-allocator-size-audio-worker=65536"
    "memorysetup-temp-allocator-size-gfx=262144"
    "memorysetup-allocator-temp-initial-block-size-main=262144"
    "memorysetup-allocator-temp-initial-block-size-worker=262144"
    "memorysetup-temp-allocator-size-background-worker=32768"
    "memorysetup-temp-allocator-size-job-worker=262144"
    "memorysetup-temp-allocator-size-preload-manager=33554432"
    "memorysetup-temp-allocator-size-gi-baking-worker=262144"
    "memorysetup-temp-allocator-size-gi-baking-worker=262144"
    "memorysetup-temp-allocator-size-gi-baking-worker=262144"
    "memorysetup-temp-allocator-size-gi-baking-worker=262144"
    "memorysetup-temp-allocator-size-gi-baking-worker=262144"
    "memorysetup-bucket-allocator-granularity=16"
    "memorysetup-bucket-allocator-bucket-count=8"
    "memorysetup-bucket-allocator-block-size=33554432"
    "memorysetup-bucket-allocator-block-count=8"
    "memorysetup-main-allocator-block-size=16777216"
    "memorysetup-thread-allocator-block-size=16777216"
    "memorysetup-gfx-main-allocator-block-size=16777216"
    "memorysetup-gfx-thread-allocator-block-size=16777216"
    "memorysetup-cache-allocator-block-size=4194304"
    "memorysetup-typetree-allocator-block-size=2097152"
    "memorysetup-profiler-bucket-allocator-granularity=16"
    "memorysetup-profiler-bucket-allocator-bucket-count=8"
    "memorysetup-profiler-bucket-allocator-block-size=33554432"
    "memorysetup-profiler-bucket-allocator-block-count=8"
    "memorysetup-profiler-allocator-block-size=16777216"
    "memorysetup-profiler-editor-allocator-block-size=1048576"
    "memorysetup-temp-allocator-size-main=16777216"
    "memorysetup-job-temp-allocator-block-size=2097152"
    "memorysetup-job-temp-allocator-block-size-background=1048576"
    "memorysetup-job-temp-allocator-reduction-small-platforms=262144"
    "memorysetup-temp-allocator-size-cloud-worker=32768"
Player connection [60792]  Target information:

Player connection [60792]  * "[IP] 192.168.1.68 [Port] 0 [Flags] 2 [Guid] 1189395307 [EditorId] 1189395307 [Version] 1048832 [Id] WindowsEditor(7,Shiro) [Debug] 1 [PackageName] WindowsEditor [ProjectName] Editor" 

Player connection [60792] Host joined multi-casting on [225.0.0.222:54997]...
Player connection [60792] Host joined alternative multi-casting on [225.0.0.222:34997]...
JobSystem: Creating JobQueue using job-worker-count value 3
Input System module state changed to: Initialized.
[Physics::Module] Initialized fallback backend.
[Physics::Module] Id: 0xdecafbad
Library Redirect Path: Library/
[Physics::Module] Selected backend.
[Physics::Module] Name: PhysX
[Physics::Module] Id: 0xf2b8ea05
[Physics::Module] SDK Version: 4.1.2
[Physics::Module] Integration Version: 1.0.0
[Physics::Module] Threading Mode: Multi-Threaded
Refreshing native plugins compatible for Editor in 42.77 ms, found 8 plugins.
Preloading 0 native plugins for Editor in 0.00 ms.
Initialize engine version: 6000.3.9f1 (7a9955a4f2fa)
[Subsystems] Discovering subsystems at path C:/Program Files/Unity/Hub/Editor/6000.3.9f1/Editor/Data/Resources/UnitySubsystems
[Subsystems] Discovering subsystems at path F:/Unity/iat445/iat445/Assets
GfxDevice: creating device client; kGfxThreadingModeNonThreaded
Direct3D:
    Version:  Direct3D 11.0 [level 11.1]
    Renderer: NVIDIA GeForce GTX 1650 Ti (ID=0x1f95)
    Vendor:   NVIDIA
    VRAM:     3935 MB
    Driver:   32.0.15.9174
Initialize mono
Mono path[0] = 'C:/Program Files/Unity/Hub/Editor/6000.3.9f1/Editor/Data/Managed'
Mono path[1] = 'C:/Program Files/Unity/Hub/Editor/6000.3.9f1/Editor/Data/MonoBleedingEdge/lib/mono/unityjit-win32'
Mono config path = 'C:/Program Files/Unity/Hub/Editor/6000.3.9f1/Editor/Data/MonoBleedingEdge/etc'
Using monoOptions --debugger-agent=transport=dt_socket,embedding=1,server=y,suspend=n,address=127.0.0.1:56320
Begin MonoManager ReloadAssembly
Registering precompiled unity dll's ...
Register platform support module: C:/Program Files/Unity/Hub/Editor/6000.3.9f1/Editor/Data/PlaybackEngines/WindowsStandaloneSupport/UnityEditor.WindowsStandalone.Extensions.dll
[Licensing::Module] Licensing is not yet initialized.
[Licensing::Client] Handshaking with LicensingClient:
  Version:                 1.17.4+4293ba1
  Session Id:              98f7ebf8037f4d3b8f590134b67bdb6e
  Correlation Id:          2cc775fc258f6406c566cb3e6aa0ce64
  External correlation Id: 4943301243099846726
  Machine Id:              n4nzmS/RRhpfUkuB4P3ahyy7hgs=
[Licensing::Module] Successfully connected to LicensingClient on channel: "LicenseClient-Shiro" (connect: 0.00s, validation: 0.00s, handshake: 1.94s)
[Licensing::IpcConnector] Successfully connected to: "LicenseClient-Shiro-notifications" at "2026-03-15T10:29:54.7927347Z"
[Licensing::Module] Licensing Background thread has ended after 1.94s
[Licensing::Module] Licensing is initialized (took 0.36s).
[Licensing::Client] Successfully resolved entitlement details
[Licensing::Module] License group:
  Id: 18968356356170-phuongdangjapan123-UnityProStuXXXX
  Product: Unity Student
  Type: Assigned
  Expiration: 2026-12-13T00:22:22Z
Register platform support module: C:/Program Files/Unity/Hub/Editor/6000.3.9f1/Editor/Data/PlaybackEngines/AndroidPlayer/UnityEditor.Android.Extensions.dll
Registered in 0.371020 seconds.
- Loaded All Assemblies, in  1.215 seconds
Native extension for Android target not found
Android Extension - Scanning For ADB Devices 449 ms
Native extension for WindowsStandalone target not found
ScheduleIndexationOnStartup MainProcess:False IndexOnStartup:True
Mono: successfully reloaded assembly
- Finished resetting the current domain, in  1.283 seconds
Domain Reload Profiling: 2494ms
	BeginReloadAssembly (254ms)
		ExecutionOrderSort (0ms)
		DisableScriptedObjects (0ms)
		BackupInstance (0ms)
		ReleaseScriptingObjects (0ms)
		CreateAndSetChildDomain (1ms)
	RebuildCommonClasses (74ms)
	RebuildNativeTypeToScriptingClass (32ms)
	initialDomainReloadingComplete (439ms)
	LoadAllAssembliesAndSetupDomain (411ms)
		LoadAssemblies (248ms)
		RebuildTransferFunctionScriptingTraits (0ms)
		AnalyzeDomain (406ms)
			TypeCache.Refresh (404ms)
				TypeCache.ScanAssembly (383ms)
			BuildScriptInfoCaches (0ms)
			ResolveRequiredComponents (1ms)
	FinalizeReload (1283ms)
		ReleaseScriptCaches (0ms)
		RebuildScriptCaches (0ms)
		SetupLoadedEditorAssemblies (1207ms)
			LogAssemblyErrors (0ms)
			InitializePlatformSupportModulesInManaged (606ms)
			SetLoadedEditorAssemblies (8ms)
			BeforeProcessingInitializeOnLoad (208ms)
			ProcessInitializeOnLoadAttributes (276ms)
			ProcessInitializeOnLoadMethodAttributes (110ms)
			AfterProcessingInitializeOnLoad (0ms)
			EditorAssembliesLoaded (0ms)
		ExecutionOrderSort2 (0ms)
		AwakeInstancesAfterBackupRestoration (0ms)
========================================================================
Worker process is ready to serve import requests
Import Worker Mode flag is 0x00
Begin MonoManager ReloadAssembly
[Licensing::Client] Successfully resolved entitlement details
- Loaded All Assemblies, in  1.256 seconds
Refreshing native plugins compatible for Editor in 9.04 ms, found 8 plugins.
Native extension for Android target not found
Native extension for WindowsStandalone target not found
Package Manager log level set to [2]
[Package Manager] Failed to launch server process. Reason: Unity was launched with the -noUpm command-line argument
[Package Manager] Unable to send message (not connected to server process).
[Package Manager] Cannot connect to Unity Package Manager local server
ScheduleIndexationOnStartup MainProcess:False IndexOnStartup:True
Mono: successfully reloaded assembly
[Package Manager] Failed to launch server process. Reason: Unity was launched with the -noUpm command-line argument
[Package Manager] Unable to send message (not connected to server process).
[Package Manager] Cannot connect to Unity Package Manager local server
[Package Manager] Failed to launch server process. Reason: Unity was launched with the -noUpm command-line argument
[Package Manager] Unable to send message (not connected to server process).
[Package Manager] Cannot connect to Unity Package Manager local server
- Finished resetting the current domain, in  1.194 seconds
Domain Reload Profiling: 2445ms
	BeginReloadAssembly (398ms)
		ExecutionOrderSort (0ms)
		DisableScriptedObjects (16ms)
		BackupInstance (0ms)
		ReleaseScriptingObjects (0ms)
		CreateAndSetChildDomain (68ms)
	RebuildCommonClasses (68ms)
	RebuildNativeTypeToScriptingClass (22ms)
	initialDomainReloadingComplete (62ms)
	LoadAllAssembliesAndSetupDomain (700ms)
		LoadAssemblies (528ms)
		RebuildTransferFunctionScriptingTraits (0ms)
		AnalyzeDomain (386ms)
			TypeCache.Refresh (273ms)
				TypeCache.ScanAssembly (251ms)
			BuildScriptInfoCaches (88ms)
			ResolveRequiredComponents (19ms)
	FinalizeReload (1195ms)
		ReleaseScriptCaches (0ms)
		RebuildScriptCaches (0ms)
		SetupLoadedEditorAssemblies (965ms)
			LogAssemblyErrors (0ms)
			InitializePlatformSupportModulesInManaged (13ms)
			SetLoadedEditorAssemblies (7ms)
			BeforeProcessingInitializeOnLoad (237ms)
			ProcessInitializeOnLoadAttributes (430ms)
			ProcessInitializeOnLoadMethodAttributes (270ms)
			AfterProcessingInitializeOnLoad (7ms)
			EditorAssembliesLoaded (0ms)
		ExecutionOrderSort2 (0ms)
		AwakeInstancesAfterBackupRestoration (7ms)
WARNING: Shader Unsupported: 'Hidden/Simulation/URP/Synthetic' - All subshaders removed
WARNING: Shader Did you use #pragma only_renderers and omit this platform?
WARNING: Shader If subshaders removal was intentional, you may have forgotten turning Fallback off?
WARNING: Shader Unsupported: 'Hidden/Simulation/URP/Synthetic' - All subshaders removed
WARNING: Shader Did you use #pragma only_renderers and omit this platform?
WARNING: Shader If subshaders removal was intentional, you may have forgotten turning Fallback off?
WARNING: Shader Unsupported: 'Hidden/Simulation/Synthetic Lit' - All subshaders removed
WARNING: Shader Did you use #pragma only_renderers and omit this platform?
WARNING: Shader If subshaders removal was intentional, you may have forgotten turning Fallback off?
WARNING: Shader Unsupported: 'Hidden/Simulation/Synthetic Lit' - All subshaders removed
WARNING: Shader Did you use #pragma only_renderers and omit this platform?
WARNING: Shader If subshaders removal was intentional, you may have forgotten turning Fallback off?
WARNING: Shader Unsupported: 'Simulation/Standard Lit' - All subshaders removed
WARNING: Shader Did you use #pragma only_renderers and omit this platform?
WARNING: Shader If subshaders removal was intentional, you may have forgotten turning Fallback off?
WARNING: Shader Unsupported: 'Simulation/Standard Lit' - All subshaders removed
WARNING: Shader Did you use #pragma only_renderers and omit this platform?
WARNING: Shader If subshaders removal was intentional, you may have forgotten turning Fallback off?
WARNING: Shader Unsupported: 'Simulation/URP/Room X-Ray' - All subshaders removed
WARNING: Shader Did you use #pragma only_renderers and omit this platform?
WARNING: Shader If subshaders removal was intentional, you may have forgotten turning Fallback off?
WARNING: Shader Unsupported: 'Simulation/URP/Room X-Ray' - All subshaders removed
WARNING: Shader Did you use #pragma only_renderers and omit this platform?
WARNING: Shader If subshaders removal was intentional, you may have forgotten turning Fallback off?
WARNING: Shader Unsupported: 'Simulation/Room X-Ray' - All subshaders removed
WARNING: Shader Did you use #pragma only_renderers and omit this platform?
WARNING: Shader If subshaders removal was intentional, you may have forgotten turning Fallback off?
WARNING: Shader Unsupported: 'Simulation/Room X-Ray' - All subshaders removed
WARNING: Shader Did you use #pragma only_renderers and omit this platform?
WARNING: Shader If subshaders removal was intentional, you may have forgotten turning Fallback off?
WARNING: Shader Unsupported: 'Simulation/URP/Lit' - All subshaders removed
WARNING: Shader Did you use #pragma only_renderers and omit this platform?
WARNING: Shader If subshaders removal was intentional, you may have forgotten turning Fallback off?
WARNING: Shader Unsupported: 'Simulation/URP/Lit' - All subshaders removed
WARNING: Shader Did you use #pragma only_renderers and omit this platform?
WARNING: Shader If subshaders removal was intentional, you may have forgotten turning Fallback off?
Launched and connected shader compiler UnityShaderCompiler.exe after 0.02 seconds
Refreshing native plugins compatible for Editor in 9.21 ms, found 8 plugins.
Preloading 0 native plugins for Editor in 0.00 ms.
Unloading 22 Unused Serialized files (Serialized files now loaded: 0)
Unloading 6276 unused Assets / (8.2 MB). Loaded Objects now: 7105.
Memory consumption went from 152.7 MB to 144.5 MB.
Total: 15.061700 ms (FindLiveObjects: 1.325000 ms CreateObjectMapping: 1.426700 ms MarkObjects: 6.813200 ms  DeleteObjects: 5.495100 ms)

========================================================================
Received Import Request.
  Time since last request: 66553.398208 seconds.
  path: Assets/Terrain/TerrainData_583c5931-cc5d-48d9-b348-4553be8dccb1.asset
  artifactKey: Guid(d5953e86e6d12a24d802efe148738d0c) Importer(2089858483,b0f066a214c2f5e87bad3c948f4d605d)
Start importing Assets/Terrain/TerrainData_583c5931-cc5d-48d9-b348-4553be8dccb1.asset using Guid(d5953e86e6d12a24d802efe148738d0c) Importer(2089858483,b0f066a214c2f5e87bad3c948f4d605d) (ScriptedImporter) -> (artifact id: '35206c918a060f234d351397ab86226a') in 0.2664116 seconds
Number of updated asset objects reloaded before import = 0Number of asset objects unloaded after import = 2

========================================================================
Received Import Request.
  Time since last request: 339.571982 seconds.
  path: Assets/Scripts
  artifactKey: Guid(675149a9a6ae1454cb3cc47fde054749) Importer(815301076,1909f56bfc062723c751e8b465ee728b)
Start importing Assets/Scripts using Guid(675149a9a6ae1454cb3cc47fde054749) Importer(815301076,1909f56bfc062723c751e8b465ee728b) (PreviewImporter) -> (artifact id: '841698779c549b400a3e04b2c9143b42') in 0.0035453 seconds
Number of updated asset objects reloaded before import = 0Number of asset objects unloaded after import = 0

========================================================================
Received Import Request.
  Time since last request: 11.857961 seconds.
  path: Assets/Models/ground/Free/Grass
  artifactKey: Guid(83d7e0d91c3279f40a98fe4472aebd6c) Importer(815301076,1909f56bfc062723c751e8b465ee728b)
Start importing Assets/Models/ground/Free/Grass using Guid(83d7e0d91c3279f40a98fe4472aebd6c) Importer(815301076,1909f56bfc062723c751e8b465ee728b) (PreviewImporter) -> (artifact id: 'a42c19b86f8493a07dad51f23c74558c') in 0.0007922 seconds
Number of updated asset objects reloaded before import = 0Number of asset objects unloaded after import = 0

========================================================================
Received Import Request.
  Time since last request: 3.900558 seconds.
  path: Assets/Models/ground/Free/Gravel
  artifactKey: Guid(6570387150c62274f898aa0b55856de8) Importer(815301076,1909f56bfc062723c751e8b465ee728b)
Start importing Assets/Models/ground/Free/Gravel using Guid(6570387150c62274f898aa0b55856de8) Importer(815301076,1909f56bfc062723c751e8b465ee728b) (PreviewImporter) -> (artifact id: 'a61a8cf3eee59b48f3db477eb9b3bacc') in 0.0011117 seconds
Number of updated asset objects reloaded before import = 0Number of asset objects unloaded after import = 0

========================================================================
Received Import Request.
  Time since last request: 2.543746 seconds.
  path: Assets/Models/ground/Free/Rock
  artifactKey: Guid(decfd53dd9004c14d870d0457c93c2a2) Importer(815301076,1909f56bfc062723c751e8b465ee728b)
Start importing Assets/Models/ground/Free/Rock using Guid(decfd53dd9004c14d870d0457c93c2a2) Importer(815301076,1909f56bfc062723c751e8b465ee728b) (PreviewImporter) -> (artifact id: '545b4fc6ff682a35e050a68d87f93495') in 0.00179 seconds
Number of updated asset objects reloaded before import = 0Number of asset objects unloaded after import = 0

========================================================================
Received Import Request.
  Time since last request: 2.049172 seconds.
  path: Assets/Models/ground/Free/Rocky
  artifactKey: Guid(3de3f34ab7aa3ed41a8dab40fd3bbb42) Importer(815301076,1909f56bfc062723c751e8b465ee728b)
Start importing Assets/Models/ground/Free/Rocky using Guid(3de3f34ab7aa3ed41a8dab40fd3bbb42) Importer(815301076,1909f56bfc062723c751e8b465ee728b) (PreviewImporter) -> (artifact id: 'ba4861dc5734558dbab196c9810fcd54') in 0.0013505 seconds
Number of updated asset objects reloaded before import = 0Number of asset objects unloaded after import = 0

========================================================================
Received Import Request.
  Time since last request: 1.928278 seconds.
  path: Assets/Models/ground/Free/Sand
  artifactKey: Guid(513e6579eb679a24fbb85e31c5ba918b) Importer(815301076,1909f56bfc062723c751e8b465ee728b)
Start importing Assets/Models/ground/Free/Sand using Guid(513e6579eb679a24fbb85e31c5ba918b) Importer(815301076,1909f56bfc062723c751e8b465ee728b) (PreviewImporter) -> (artifact id: '435fd86aa1d0bbf922eabc9e79576754') in 0.0022946 seconds
Number of updated asset objects reloaded before import = 0Number of asset objects unloaded after import = 0

========================================================================
Received Import Request.
  Time since last request: 7.070919 seconds.
  path: Assets/Models/ground/Dirt/Dirt_02
  artifactKey: Guid(992a9109105977d42b7b901232d551f3) Importer(2089858483,b0f066a214c2f5e87bad3c948f4d605d)
Start importing Assets/Models/ground/Dirt/Dirt_02 using Guid(992a9109105977d42b7b901232d551f3) Importer(2089858483,b0f066a214c2f5e87bad3c948f4d605d) (ScriptedImporter) -> (artifact id: '6aefe691eb273edbc50f66ef28626336') in 0.0377761 seconds
Number of updated asset objects reloaded before import = 0Number of asset objects unloaded after import = 1

========================================================================
Received Import Request.
  Time since last request: 0.000025 seconds.
  path: Assets/Models/ground/Dirt/Dirt_04/Dirt_04_basecolor.png
  artifactKey: Guid(8d7cf1d78f92f1a469943b94cb728de0) Importer(2089858483,b0f066a214c2f5e87bad3c948f4d605d)
Start importing Assets/Models/ground/Dirt/Dirt_04/Dirt_04_basecolor.png using Guid(8d7cf1d78f92f1a469943b94cb728de0) Importer(2089858483,b0f066a214c2f5e87bad3c948f4d605d) (ScriptedImporter)[Licensing::Client] Successfully resolved entitlement details
 -> (artifact id: 'ee108f55c66e6763dc94e3804b17841e') in 0.0773402 seconds
Number of updated asset objects reloaded before import = 0Number of asset objects unloaded after import = 1

========================================================================
Received Import Request.
  Time since last request: 0.000035 seconds.
  path: Assets/Models/ground/Dirt/Dirt_01/Dirt_01_ambientocclusion.png
  artifactKey: Guid(b4ebc2b72c5f6074caae36e14dd3f9d4) Importer(2089858483,b0f066a214c2f5e87bad3c948f4d605d)
Start importing Assets/Models/ground/Dirt/Dirt_01/Dirt_01_ambientocclusion.png using Guid(b4ebc2b72c5f6074caae36e14dd3f9d4) Importer(2089858483,b0f066a214c2f5e87bad3c948f4d605d) (ScriptedImporter) -> (artifact id: '405c8f2da113f43c62a812331969666d') in 0.0418257 seconds
Number of updated asset objects reloaded before import = 0Number of asset objects unloaded after import = 1

========================================================================
Received Import Request.
  Time since last request: 0.000022 seconds.
  path: Assets/Models/ground/Dirt/Dirt_08/Dirt_08_basecolor.png
  artifactKey: Guid(c8b18f8094ac7b04cafbade1b8451094) Importer(2089858483,b0f066a214c2f5e87bad3c948f4d605d)
Start importing Assets/Models/ground/Dirt/Dirt_08/Dirt_08_basecolor.png using Guid(c8b18f8094ac7b04cafbade1b8451094) Importer(2089858483,b0f066a214c2f5e87bad3c948f4d605d) (ScriptedImporter) -> (artifact id: '4590d7b570f9d3c4eea39b984ad250d9') in 0.0363918 seconds
Number of updated asset objects reloaded before import = 0Number of asset objects unloaded after import = 1

========================================================================
Received Import Request.
  Time since last request: 0.000031 seconds.
  path: Assets/Models/ground/Dirt/Dirt_01/Dirt_01_roughness.png
  artifactKey: Guid(f0b0e08888db0c74f9428d39dec0d306) Importer(2089858483,b0f066a214c2f5e87bad3c948f4d605d)
Start importing Assets/Models/ground/Dirt/Dirt_01/Dirt_01_roughness.png using Guid(f0b0e08888db0c74f9428d39dec0d306) Importer(2089858483,b0f066a214c2f5e87bad3c948f4d605d) (ScriptedImporter) -> (artifact id: '44fdf513198e5b73fafbebce4f0136df') in 0.058104 seconds
Number of updated asset objects reloaded before import = 0Number of asset objects unloaded after import = 1

========================================================================
Received Import Request.
  Time since last request: 0.000036 seconds.
  path: Assets/Models/ground/Dirt/Dirt_05
  artifactKey: Guid(b6af2a978947959448d8562118005438) Importer(2089858483,b0f066a214c2f5e87bad3c948f4d605d)
Start importing Assets/Models/ground/Dirt/Dirt_05 using Guid(b6af2a978947959448d8562118005438) Importer(2089858483,b0f066a214c2f5e87bad3c948f4d605d) (ScriptedImporter) -> (artifact id: '028ef34384b667bb94c157dbf30d2046') in 0.0392346 seconds
Number of updated asset objects reloaded before import = 0Number of asset objects unloaded after import = 1

========================================================================
Received Import Request.
  Time since last request: 0.000023 seconds.
  path: Assets/Models/ground/Dirt/Dirt_07/Dirt_07_metallic.png
  artifactKey: Guid(5d5f3213741d2784396c0669cf8a6da0) Importer(2089858483,b0f066a214c2f5e87bad3c948f4d605d)
Start importing Assets/Models/ground/Dirt/Dirt_07/Dirt_07_metallic.png using Guid(5d5f3213741d2784396c0669cf8a6da0) Importer(2089858483,b0f066a214c2f5e87bad3c948f4d605d) (ScriptedImporter) -> (artifact id: '1a2d3d1d14127e39968e26ec593105c7') in 0.0366534 seconds
Number of updated asset objects reloaded before import = 0Number of asset objects unloaded after import = 1

========================================================================
Received Import Request.
  Time since last request: 0.000078 seconds.
  path: Assets/Models/ground/Dirt/Dirt_07
  artifactKey: Guid(94c8c2c0de01c9d469cad2a948bcd4ed) Importer(2089858483,b0f066a214c2f5e87bad3c948f4d605d)
Start importing Assets/Models/ground/Dirt/Dirt_07 using Guid(94c8c2c0de01c9d469cad2a948bcd4ed) Importer(2089858483,b0f066a214c2f5e87bad3c948f4d605d) (ScriptedImporter) -> (artifact id: 'd0a5b2860eacda713cb962ef18b6e00f') in 0.0169981 seconds
Number of updated asset objects reloaded before import = 0Number of asset objects unloaded after import = 1

========================================================================
Received Import Request.
  Time since last request: 0.000035 seconds.
  path: Assets/Models/ground/Dirt/Dirt_03/Dirt_03_roughness.png
  artifactKey: Guid(fa51b2f448d206d47a0944e5b024f6a1) Importer(2089858483,b0f066a214c2f5e87bad3c948f4d605d)
Start importing Assets/Models/ground/Dirt/Dirt_03/Dirt_03_roughness.png using Guid(fa51b2f448d206d47a0944e5b024f6a1) Importer(2089858483,b0f066a214c2f5e87bad3c948f4d605d) (ScriptedImporter) -> (artifact id: '3701f5f38098948f34168f8544fe907b') in 0.0373092 seconds
Number of updated asset objects reloaded before import = 0Number of asset objects unloaded after import = 1

========================================================================
Received Import Request.
  Time since last request: 0.000023 seconds.
  path: Assets/Models/ground/Dirt/Dirt_02/Dirt_02_ambientocclusion.png
  artifactKey: Guid(84c9c0150e3588448b086fc16a33a01b) Importer(2089858483,b0f066a214c2f5e87bad3c948f4d605d)
Start importing Assets/Models/ground/Dirt/Dirt_02/Dirt_02_ambientocclusion.png using Guid(84c9c0150e3588448b086fc16a33a01b) Importer(2089858483,b0f066a214c2f5e87bad3c948f4d605d) (ScriptedImporter) -> (artifact id: 'e0d46519fb6fd53e15962a75d24c2d29') in 0.1549802 seconds
Number of updated asset objects reloaded before import = 0Number of asset objects unloaded after import = 1

========================================================================
Received Import Request.
  Time since last request: 0.000027 seconds.
  path: Assets/Models/ground/Dirt/Dirt_02/Dirt_02_normal.png
  artifactKey: Guid(3a9c77c7e50960249b53ccfc4800bbbb) Importer(2089858483,b0f066a214c2f5e87bad3c948f4d605d)
Start importing Assets/Models/ground/Dirt/Dirt_02/Dirt_02_normal.png using Guid(3a9c77c7e50960249b53ccfc4800bbbb) Importer(2089858483,b0f066a214c2f5e87bad3c948f4d605d) (ScriptedImporter) -> (artifact id: '397bf9614c4ce45178d7b09f02ec4d5d') in 0.0615414 seconds
Number of updated asset objects reloaded before import = 0Number of asset objects unloaded after import = 1

========================================================================
Received Import Request.
  Time since last request: 0.000214 seconds.
  path: Assets/Models/ground/Dirt/Dirt_01/Dirt_01_height.png
  artifactKey: Guid(b568307092ee82244bf405bc8dc3a5ea) Importer(2089858483,b0f066a214c2f5e87bad3c948f4d605d)
Start importing Assets/Models/ground/Dirt/Dirt_01/Dirt_01_height.png using Guid(b568307092ee82244bf405bc8dc3a5ea) Importer(2089858483,b0f066a214c2f5e87bad3c948f4d605d) (ScriptedImporter) -> (artifact id: 'fcdb32d905ef2aaf47b70e01b9b23de0') in 0.0397503 seconds
Number of updated asset objects reloaded before import = 0Number of asset objects unloaded after import = 1

========================================================================
Received Import Request.
  Time since last request: 0.000025 seconds.
  path: Assets/Models/ground/Dirt/Dirt_03/Dirt_03_height.png
  artifactKey: Guid(66b9f6fae4cc03747b10cf5606076778) Importer(2089858483,b0f066a214c2f5e87bad3c948f4d605d)
Start importing Assets/Models/ground/Dirt/Dirt_03/Dirt_03_height.png using Guid(66b9f6fae4cc03747b10cf5606076778) Importer(2089858483,b0f066a214c2f5e87bad3c948f4d605d) (ScriptedImporter) -> (artifact id: '1b0bb5d5d1bd9b2043f267d010197f16') in 0.0443672 seconds
Number of updated asset objects reloaded before import = 0Number of asset objects unloaded after import = 1

========================================================================
Received Import Request.
  Time since last request: 0.000027 seconds.
  path: Assets/Models/ground/Dirt/Dirt_05/Dirt_05_metallic.png
  artifactKey: Guid(eb36632b25487c04fa9335c716c81e7a) Importer(2089858483,b0f066a214c2f5e87bad3c948f4d605d)
Start importing Assets/Models/ground/Dirt/Dirt_05/Dirt_05_metallic.png using Guid(eb36632b25487c04fa9335c716c81e7a) Importer(2089858483,b0f066a214c2f5e87bad3c948f4d605d) (ScriptedImporter) -> (artifact id: '40bf2a9b8ccc155eb6813dad36ca6527') in 0.0324008 seconds
Number of updated asset objects reloaded before import = 0Number of asset objects unloaded after import = 1

========================================================================
Received Import Request.
  Time since last request: 0.000036 seconds.
  path: Assets/Models/ground/Dirt/Dirt_04/Dirt_04_roughness.png
  artifactKey: Guid(c2540c7826f92f046ad2969a94cfd0bd) Importer(2089858483,b0f066a214c2f5e87bad3c948f4d605d)
Start importing Assets/Models/ground/Dirt/Dirt_04/Dirt_04_roughness.png using Guid(c2540c7826f92f046ad2969a94cfd0bd) Importer(2089858483,b0f066a214c2f5e87bad3c948f4d605d) (ScriptedImporter) -> (artifact id: 'c171b542266bd05e3bbf852def88d5c7') in 0.0294097 seconds
Number of updated asset objects reloaded before import = 0Number of asset objects unloaded after import = 1

========================================================================
Received Import Request.
  Time since last request: 0.000023 seconds.
  path: Assets/Models/ground/Dirt/Dirt_06/Dirt_06_height.png
  artifactKey: Guid(970eaa8a0f52e37459f9c874464d5734) Importer(2089858483,b0f066a214c2f5e87bad3c948f4d605d)
Start importing Assets/Models/ground/Dirt/Dirt_06/Dirt_06_height.png using Guid(970eaa8a0f52e37459f9c874464d5734) Importer(2089858483,b0f066a214c2f5e87bad3c948f4d605d) (ScriptedImporter) -> (artifact id: '00224f06aac669dcd77eac82c312b235') in 0.0348587 seconds
Number of updated asset objects reloaded before import = 0Number of asset objects unloaded after import = 1

========================================================================
Received Import Request.
  Time since last request: 0.000024 seconds.
  path: Assets/Models/ground/Dirt/Dirt_05/Dirt_05_height.png
  artifactKey: Guid(4bcfbae7e24dbfa4fb280192c7eaccba) Importer(2089858483,b0f066a214c2f5e87bad3c948f4d605d)
Start importing Assets/Models/ground/Dirt/Dirt_05/Dirt_05_height.png using Guid(4bcfbae7e24dbfa4fb280192c7eaccba) Importer(2089858483,b0f066a214c2f5e87bad3c948f4d605d) (ScriptedImporter) -> (artifact id: 'ac732ca753c12fa1c197069d04c0363e') in 0.0240879 seconds
Number of updated asset objects reloaded before import = 0Number of asset objects unloaded after import = 1

========================================================================
Received Import Request.
  Time since last request: 0.000036 seconds.
  path: Assets/Models/ground/Dirt/Dirt_02/Dirt_02_basecolor.png
  artifactKey: Guid(989925276fb575e428794222fdeec715) Importer(2089858483,b0f066a214c2f5e87bad3c948f4d605d)
Start importing Assets/Models/ground/Dirt/Dirt_02/Dirt_02_basecolor.png using Guid(989925276fb575e428794222fdeec715) Importer(2089858483,b0f066a214c2f5e87bad3c948f4d605d) (ScriptedImporter) -> (artifact id: '5c2ac90f7fb1ac97d9e5c9a366a9b023') in 0.0344551 seconds
Number of updated asset objects reloaded before import = 0Number of asset objects unloaded after import = 1

========================================================================
Received Import Request.
  Time since last request: 0.000022 seconds.
  path: Assets/Models/ground/Dirt/Dirt_06/Dirt_06_roughness.png
  artifactKey: Guid(2c2067c2d6a51a1489664dbdcf45a831) Importer(2089858483,b0f066a214c2f5e87bad3c948f4d605d)
Start importing Assets/Models/ground/Dirt/Dirt_06/Dirt_06_roughness.png using Guid(2c2067c2d6a51a1489664dbdcf45a831) Importer(2089858483,b0f066a214c2f5e87bad3c948f4d605d) (ScriptedImporter) -> (artifact id: '7682e3ce3d7bee89e4518815a15591b2') in 0.0339223 seconds
Number of updated asset objects reloaded before import = 0Number of asset objects unloaded after import = 1

========================================================================
Received Import Request.
  Time since last request: 0.000023 seconds.
  path: Assets/Models/ground/Dirt/Dirt_02/Dirt_02_height.png
  artifactKey: Guid(69e20925aa441c04597d0d4acac47e52) Importer(2089858483,b0f066a214c2f5e87bad3c948f4d605d)
Start importing Assets/Models/ground/Dirt/Dirt_02/Dirt_02_height.png using Guid(69e20925aa441c04597d0d4acac47e52) Importer(2089858483,b0f066a214c2f5e87bad3c948f4d605d) (ScriptedImporter) -> (artifact id: 'c612e193a468f61c4680cb5baccb2700') in 0.0437644 seconds
Number of updated asset objects reloaded before import = 0Number of asset objects unloaded after import = 1

========================================================================
Received Import Request.
  Time since last request: 0.000035 seconds.
  path: Assets/Models/ground/Dirt/Dirt_08/Dirt_08_normal.png
  artifactKey: Guid(f7875fc28e3e5604c91f404c08f5563f) Importer(2089858483,b0f066a214c2f5e87bad3c948f4d605d)
Start importing Assets/Models/ground/Dirt/Dirt_08/Dirt_08_normal.png using Guid(f7875fc28e3e5604c91f404c08f5563f) Importer(2089858483,b0f066a214c2f5e87bad3c948f4d605d) (ScriptedImporter) -> (artifact id: 'a19bd0ab022fc94c48ff901aa5119c1d') in 0.0969958 seconds
Number of updated asset objects reloaded before import = 0Number of asset objects unloaded after import = 1

========================================================================
Received Import Request.
  Time since last request: 0.000025 seconds.
  path: Assets/Models/ground/Dirt/Dirt_07/Dirt_07_basecolor.png
  artifactKey: Guid(232d69350a3f27544973cb265706ad55) Importer(2089858483,b0f066a214c2f5e87bad3c948f4d605d)
Start importing Assets/Models/ground/Dirt/Dirt_07/Dirt_07_basecolor.png using Guid(232d69350a3f27544973cb265706ad55) Importer(2089858483,b0f066a214c2f5e87bad3c948f4d605d) (ScriptedImporter) -> (artifact id: '01828a1d605c0d02826fce817aeb569d') in 0.0276243 seconds
Number of updated asset objects reloaded before import = 0Number of asset objects unloaded after import = 1

========================================================================
Received Import Request.
  Time since last request: 0.000072 seconds.
  path: Assets/Models/ground/Dirt/Dirt_02/Dirt_02_metallic.png
  artifactKey: Guid(cb335def47110c741a53bce9fa718e4a) Importer(2089858483,b0f066a214c2f5e87bad3c948f4d605d)
Start importing Assets/Models/ground/Dirt/Dirt_02/Dirt_02_metallic.png using Guid(cb335def47110c741a53bce9fa718e4a) Importer(2089858483,b0f066a214c2f5e87bad3c948f4d605d) (ScriptedImporter) -> (artifact id: '66b8a9bba363fc8ddd0289aa08dbe570') in 0.0398451 seconds
Number of updated asset objects reloaded before import = 0Number of asset objects unloaded after import = 1

========================================================================
Received Import Request.
  Time since last request: 0.000053 seconds.
  path: Assets/Models/ground/Dirt/Dirt_04/Dirt_04_height.png
  artifactKey: Guid(e2311c1701800244b9b31713ab40bda2) Importer(2089858483,b0f066a214c2f5e87bad3c948f4d605d)
Start importing Assets/Models/ground/Dirt/Dirt_04/Dirt_04_height.png using Guid(e2311c1701800244b9b31713ab40bda2) Importer(2089858483,b0f066a214c2f5e87bad3c948f4d605d) (ScriptedImporter) -> (artifact id: 'c7b272de872553e7323da63c6ab19deb') in 0.0392017 seconds
Number of updated asset objects reloaded before import = 0Number of asset objects unloaded after import = 1

========================================================================
Received Import Request.
  Time since last request: 0.000023 seconds.
  path: Assets/Models/ground/Dirt/Dirt_05/Dirt_05_normal.png
  artifactKey: Guid(8395a6569994e204daa7dbe1aafe51cb) Importer(2089858483,b0f066a214c2f5e87bad3c948f4d605d)
Start importing Assets/Models/ground/Dirt/Dirt_05/Dirt_05_normal.png using Guid(8395a6569994e204daa7dbe1aafe51cb) Importer(2089858483,b0f066a214c2f5e87bad3c948f4d605d) (ScriptedImporter) -> (artifact id: '75c717684ce86654703f5a5915e970c9') in 0.0280181 seconds
Number of updated asset objects reloaded before import = 0Number of asset objects unloaded after import = 1

========================================================================
Received Import Request.
  Time since last request: 0.000029 seconds.
  path: Assets/Models/ground/Dirt/Dirt_03/Dirt_03_ambientocclusion.png
  artifactKey: Guid(66aa708a1d6c2c14fb30316493130684) Importer(2089858483,b0f066a214c2f5e87bad3c948f4d605d)
Start importing Assets/Models/ground/Dirt/Dirt_03/Dirt_03_ambientocclusion.png using Guid(66aa708a1d6c2c14fb30316493130684) Importer(2089858483,b0f066a214c2f5e87bad3c948f4d605d) (ScriptedImporter) -> (artifact id: 'b9c0ea08440275a7cc795261464a1bad') in 0.0249655 seconds
Number of updated asset objects reloaded before import = 0Number of asset objects unloaded after import = 1

========================================================================
Received Import Request.
  Time since last request: 0.000144 seconds.
  path: Assets/Models/ground/Dirt/Dirt_07/Dirt_07_ambientocclusion.png
  artifactKey: Guid(2d409dae18a171b4399c77f9debbbe14) Importer(2089858483,b0f066a214c2f5e87bad3c948f4d605d)
Start importing Assets/Models/ground/Dirt/Dirt_07/Dirt_07_ambientocclusion.png using Guid(2d409dae18a171b4399c77f9debbbe14) Importer(2089858483,b0f066a214c2f5e87bad3c948f4d605d) (ScriptedImporter) -> (artifact id: '4e14b4ae4cf215846155eab0f6d4a225') in 0.0228291 seconds
Number of updated asset objects reloaded before import = 0Number of asset objects unloaded after import = 1

========================================================================
Received Import Request.
  Time since last request: 0.000023 seconds.
  path: Assets/Models/ground/Dirt/Dirt_04/Dirt_04_normal.png
  artifactKey: Guid(aa0842af3fc45904eb540832bdc62ee6) Importer(2089858483,b0f066a214c2f5e87bad3c948f4d605d)
Start importing Assets/Models/ground/Dirt/Dirt_04/Dirt_04_normal.png using Guid(aa0842af3fc45904eb540832bdc62ee6) Importer(2089858483,b0f066a214c2f5e87bad3c948f4d605d) (ScriptedImporter) -> (artifact id: '23a389f044c9bf58cf87d33fee7277d5') in 0.0221955 seconds
Number of updated asset objects reloaded before import = 0Number of asset objects unloaded after import = 1

========================================================================
Received Import Request.
  Time since last request: 0.000086 seconds.
  path: Assets/Models/ground/Dirt/Dirt_04/Dirt_04_ambientocclusion.png
  artifactKey: Guid(e7a6f4742cc10194880111fc3fa697dc) Importer(2089858483,b0f066a214c2f5e87bad3c948f4d605d)
Start importing Assets/Models/ground/Dirt/Dirt_04/Dirt_04_ambientocclusion.png using Guid(e7a6f4742cc10194880111fc3fa697dc) Importer(2089858483,b0f066a214c2f5e87bad3c948f4d605d) (ScriptedImporter) -> (artifact id: 'dd5d3541bcc67ae06fab6391ed6bdc01') in 0.025961 seconds
Number of updated asset objects reloaded before import = 0Number of asset objects unloaded after import = 1

========================================================================
Received Import Request.
  Time since last request: 5.015391 seconds.
  path: Assets/Models/house/textures/house_details_Normal.png
  artifactKey: Guid(8cfb22b478adb5d448912754b4029d59) Importer(815301076,1909f56bfc062723c751e8b465ee728b)
Start importing Assets/Models/house/textures/house_details_Normal.png using Guid(8cfb22b478adb5d448912754b4029d59) Importer(815301076,1909f56bfc062723c751e8b465ee728b) (PreviewImporter) -> (artifact id: 'e688b78f485687862108658bb4099f86') in 0.1502325 seconds
Number of updated asset objects reloaded before import = 0Number of asset objects unloaded after import = 2

