[Licensing::Module] Trying to connect to existing licensing client channel...
Built from '6000.3/staging' branch; Version is '6000.3.9f1 (7a9955a4f2fa) revision 8034645'; Using compiler version '194234433'; Build Type 'Release'
OS: 'Windows 11  (10.0.26200) Core' Language: 'en' Physical Memory: 32693 MB
[Licensing::IpcConnector] Successfully connected to: "LicenseClient-furansupan" at "2026-03-17T02:25:02.3911166Z"
BatchMode: 1, IsHumanControllingUs: 0, StartBugReporterOnCrash: 0, Is64bit: 1
System  architecture: x64
Process architecture: x64
Date: 2026-03-17T02:25:02Z

COMMAND LINE ARGUMENTS:
D:\Unity\Editor\6000.3.9f1\Editor\Unity.exe
-adb2
-batchMode
-noUpm
-name
AssetImportWorker4
-projectPath
D:/Github Repositories/iat445/iat445
-logFile
Logs/AssetImportWorker4.log
-srvPort
62559
-licensingIpc
LicenseClient-furansupan
-job-worker-count
11
-background-job-worker-count
8
-gc-helper-count
1
-name
AssetImport
Successfully changed project path to: D:/Github Repositories/iat445/iat445
D:/Github Repositories/iat445/iat445
[UnityMemory] Configuration Parameters - Can be set up in boot.config
    "memorysetup-temp-allocator-size-nav-mesh-worker=65536"
    "memorysetup-temp-allocator-size-audio-worker=65536"
    "memorysetup-temp-allocator-size-gfx=262144"
    "memorysetup-allocator-temp-initial-block-size-main=262144"
    "memorysetup-allocator-temp-initial-block-size-worker=262144"
    "memorysetup-temp-allocator-size-background-worker=32768"
    "memorysetup-temp-allocator-size-job-worker=262144"
    "memorysetup-temp-allocator-size-preload-manager=33554432"
    "memorysetup-temp-allocator-size-gi-baking-worker=262144"
    "memorysetup-temp-allocator-size-gi-baking-worker=262144"
    "memorysetup-temp-allocator-size-gi-baking-worker=262144"
    "memorysetup-temp-allocator-size-gi-baking-worker=262144"
    "memorysetup-temp-allocator-size-gi-baking-worker=262144"
    "memorysetup-bucket-allocator-granularity=16"
    "memorysetup-bucket-allocator-bucket-count=8"
    "memorysetup-bucket-allocator-block-size=33554432"
    "memorysetup-bucket-allocator-block-count=8"
    "memorysetup-main-allocator-block-size=16777216"
    "memorysetup-thread-allocator-block-size=16777216"
    "memorysetup-gfx-main-allocator-block-size=16777216"
    "memorysetup-gfx-thread-allocator-block-size=16777216"
    "memorysetup-cache-allocator-block-size=4194304"
    "memorysetup-typetree-allocator-block-size=2097152"
    "memorysetup-profiler-bucket-allocator-granularity=16"
    "memorysetup-profiler-bucket-allocator-bucket-count=8"
    "memorysetup-profiler-bucket-allocator-block-size=33554432"
    "memorysetup-profiler-bucket-allocator-block-count=8"
    "memorysetup-profiler-allocator-block-size=16777216"
    "memorysetup-profiler-editor-allocator-block-size=1048576"
    "memorysetup-temp-allocator-size-main=16777216"
    "memorysetup-job-temp-allocator-block-size=2097152"
    "memorysetup-job-temp-allocator-block-size-background=1048576"
    "memorysetup-job-temp-allocator-reduction-small-platforms=262144"
    "memorysetup-temp-allocator-size-cloud-worker=32768"
Player connection [17060]  Target information:

Player connection [17060]  * "[IP] 192.168.1.73 [Port] 0 [Flags] 2 [Guid] 427956911 [EditorId] 427956911 [Version] 1048832 [Id] WindowsEditor(7,DESKTOP-UCS7CI6) [Debug] 1 [PackageName] WindowsEditor [ProjectName] Editor" 

Player connection [17060] Host joined multi-casting on [225.0.0.222:54997]...
Player connection [17060] Host joined alternative multi-casting on [225.0.0.222:34997]...
JobSystem: Creating JobQueue using job-worker-count value 11
Input System module state changed to: Initialized.
[Physics::Module] Initialized fallback backend.
[Physics::Module] Id: 0xdecafbad
Library Redirect Path: Library/
[Physics::Module] Selected backend.
[Physics::Module] Name: PhysX
[Physics::Module] Id: 0xf2b8ea05
[Physics::Module] SDK Version: 4.1.2
[Physics::Module] Integration Version: 1.0.0
[Physics::Module] Threading Mode: Multi-Threaded
Refreshing native plugins compatible for Editor in 17.59 ms, found 8 plugins.
Preloading 0 native plugins for Editor in 0.00 ms.
Initialize engine version: 6000.3.9f1 (7a9955a4f2fa)
[Subsystems] Discovering subsystems at path D:/Unity/Editor/6000.3.9f1/Editor/Data/Resources/UnitySubsystems
[Subsystems] Discovering subsystems at path D:/Github Repositories/iat445/iat445/Assets
GfxDevice: creating device client; kGfxThreadingModeNonThreaded
Direct3D:
    Version:  Direct3D 11.0 [level 11.1]
    Renderer: NVIDIA GeForce RTX 3070 (ID=0x2484)
    Vendor:   NVIDIA
    VRAM:     8018 MB
    Driver:   32.0.15.9186
Initialize mono
Mono path[0] = 'D:/Unity/Editor/6000.3.9f1/Editor/Data/Managed'
Mono path[1] = 'D:/Unity/Editor/6000.3.9f1/Editor/Data/MonoBleedingEdge/lib/mono/unityjit-win32'
Mono config path = 'D:/Unity/Editor/6000.3.9f1/Editor/Data/MonoBleedingEdge/etc'
Using monoOptions --debugger-agent=transport=dt_socket,embedding=1,server=y,suspend=n,address=127.0.0.1:56216
Begin MonoManager ReloadAssembly
Registering precompiled unity dll's ...
Register platform support module: D:/Unity/Editor/6000.3.9f1/Editor/Data/PlaybackEngines/WindowsStandaloneSupport/UnityEditor.WindowsStandalone.Extensions.dll
[Licensing::Module] Licensing is not yet initialized.
[Licensing::Client] Handshaking with LicensingClient:
  Version:                 1.17.4+4293ba1
  Session Id:              840b85739f734fc3825c9fd26f6faab4
  Correlation Id:          07c7df741d03456c1e440d491689c651
  External correlation Id: 6612155466928168800
  Machine Id:              /bDJ+qBQanEKSmET3CKn1ku2+fI=
[Licensing::Module] Successfully connected to LicensingClient on channel: "LicenseClient-furansupan" (connect: 0.00s, validation: 0.00s, handshake: 1.03s)
[Licensing::IpcConnector] Successfully connected to: "LicenseClient-furansupan-notifications" at "2026-03-17T02:25:03.4184172Z"
[Licensing::Module] Licensing Background thread has ended after 1.03s
[Licensing::Module] Licensing is initialized (took 0.15s).
[Licensing::Client] Successfully resolved entitlement details
[Licensing::Module] License group:
  Id: 3574294610923-UnityPersXXXX
  Product: Unity Personal
  Type: Assigned
  Expiration: Unlimited
Register platform support module: D:/Unity/Editor/6000.3.9f1/Editor/Data/PlaybackEngines/AndroidPlayer/UnityEditor.Android.Extensions.dll
Registered in 0.154978 seconds.
- Loaded All Assemblies, in  0.517 seconds
Native extension for Android target not found
Android Extension - Scanning For ADB Devices 241 ms
Native extension for WindowsStandalone target not found
ScheduleIndexationOnStartup MainProcess:False IndexOnStartup:True
Mono: successfully reloaded assembly
- Finished resetting the current domain, in  0.654 seconds
Domain Reload Profiling: 1171ms
	BeginReloadAssembly (130ms)
		ExecutionOrderSort (0ms)
		DisableScriptedObjects (0ms)
		BackupInstance (0ms)
		ReleaseScriptingObjects (0ms)
		CreateAndSetChildDomain (1ms)
	RebuildCommonClasses (32ms)
	RebuildNativeTypeToScriptingClass (11ms)
	initialDomainReloadingComplete (191ms)
	LoadAllAssembliesAndSetupDomain (152ms)
		LoadAssemblies (129ms)
		RebuildTransferFunctionScriptingTraits (0ms)
		AnalyzeDomain (149ms)
			TypeCache.Refresh (148ms)
				TypeCache.ScanAssembly (136ms)
			BuildScriptInfoCaches (0ms)
			ResolveRequiredComponents (0ms)
	FinalizeReload (655ms)
		ReleaseScriptCaches (0ms)
		RebuildScriptCaches (0ms)
		SetupLoadedEditorAssemblies (611ms)
			LogAssemblyErrors (0ms)
			InitializePlatformSupportModulesInManaged (327ms)
			SetLoadedEditorAssemblies (3ms)
			BeforeProcessingInitializeOnLoad (72ms)
			ProcessInitializeOnLoadAttributes (140ms)
			ProcessInitializeOnLoadMethodAttributes (68ms)
			AfterProcessingInitializeOnLoad (0ms)
			EditorAssembliesLoaded (0ms)
		ExecutionOrderSort2 (0ms)
		AwakeInstancesAfterBackupRestoration (0ms)
========================================================================
Worker process is ready to serve import requests
Import Worker Mode flag is 0x00
Begin MonoManager ReloadAssembly
[Licensing::Client] Successfully resolved entitlement details
- Loaded All Assemblies, in  0.671 seconds
Refreshing native plugins compatible for Editor in 7.17 ms, found 8 plugins.
Native extension for Android target not found
Native extension for WindowsStandalone target not found
Package Manager log level set to [2]
[Package Manager] Failed to launch server process. Reason: Unity was launched with the -noUpm command-line argument
[Package Manager] Unable to send message (not connected to server process).
[Package Manager] Cannot connect to Unity Package Manager local server
ScheduleIndexationOnStartup MainProcess:False IndexOnStartup:True
Mono: successfully reloaded assembly
[Package Manager] Failed to launch server process. Reason: Unity was launched with the -noUpm command-line argument
[Package Manager] Unable to send message (not connected to server process).
[Package Manager] Cannot connect to Unity Package Manager local server
[Package Manager] Failed to launch server process. Reason: Unity was launched with the -noUpm command-line argument
[Package Manager] Unable to send message (not connected to server process).
[Package Manager] Cannot connect to Unity Package Manager local server
- Finished resetting the current domain, in  0.730 seconds
Domain Reload Profiling: 1399ms
	BeginReloadAssembly (158ms)
		ExecutionOrderSort (0ms)
		DisableScriptedObjects (6ms)
		BackupInstance (0ms)
		ReleaseScriptingObjects (0ms)
		CreateAndSetChildDomain (31ms)
	RebuildCommonClasses (31ms)
	RebuildNativeTypeToScriptingClass (10ms)
	initialDomainReloadingComplete (30ms)
	LoadAllAssembliesAndSetupDomain (439ms)
		LoadAssemblies (286ms)
		RebuildTransferFunctionScriptingTraits (0ms)
		AnalyzeDomain (238ms)
			TypeCache.Refresh (153ms)
				TypeCache.ScanAssembly (138ms)
			BuildScriptInfoCaches (68ms)
			ResolveRequiredComponents (12ms)
	FinalizeReload (730ms)
		ReleaseScriptCaches (0ms)
		RebuildScriptCaches (0ms)
		SetupLoadedEditorAssemblies (527ms)
			LogAssemblyErrors (0ms)
			InitializePlatformSupportModulesInManaged (9ms)
			SetLoadedEditorAssemblies (3ms)
			BeforeProcessingInitializeOnLoad (133ms)
			ProcessInitializeOnLoadAttributes (262ms)
			ProcessInitializeOnLoadMethodAttributes (118ms)
			AfterProcessingInitializeOnLoad (2ms)
			EditorAssembliesLoaded (0ms)
		ExecutionOrderSort2 (0ms)
		AwakeInstancesAfterBackupRestoration (5ms)
WARNING: Shader Unsupported: 'Hidden/Simulation/URP/Synthetic' - All subshaders removed
WARNING: Shader Did you use #pragma only_renderers and omit this platform?
WARNING: Shader If subshaders removal was intentional, you may have forgotten turning Fallback off?
WARNING: Shader Unsupported: 'Hidden/Simulation/URP/Synthetic' - All subshaders removed
WARNING: Shader Did you use #pragma only_renderers and omit this platform?
WARNING: Shader If subshaders removal was intentional, you may have forgotten turning Fallback off?
WARNING: Shader Unsupported: 'Hidden/Simulation/Synthetic Lit' - All subshaders removed
WARNING: Shader Did you use #pragma only_renderers and omit this platform?
WARNING: Shader If subshaders removal was intentional, you may have forgotten turning Fallback off?
WARNING: Shader Unsupported: 'Hidden/Simulation/Synthetic Lit' - All subshaders removed
WARNING: Shader Did you use #pragma only_renderers and omit this platform?
WARNING: Shader If subshaders removal was intentional, you may have forgotten turning Fallback off?
WARNING: Shader Unsupported: 'Simulation/Standard Lit' - All subshaders removed
WARNING: Shader Did you use #pragma only_renderers and omit this platform?
WARNING: Shader If subshaders removal was intentional, you may have forgotten turning Fallback off?
WARNING: Shader Unsupported: 'Simulation/Standard Lit' - All subshaders removed
WARNING: Shader Did you use #pragma only_renderers and omit this platform?
WARNING: Shader If subshaders removal was intentional, you may have forgotten turning Fallback off?
WARNING: Shader Unsupported: 'Simulation/URP/Room X-Ray' - All subshaders removed
WARNING: Shader Did you use #pragma only_renderers and omit this platform?
WARNING: Shader If subshaders removal was intentional, you may have forgotten turning Fallback off?
WARNING: Shader Unsupported: 'Simulation/URP/Room X-Ray' - All subshaders removed
WARNING: Shader Did you use #pragma only_renderers and omit this platform?
WARNING: Shader If subshaders removal was intentional, you may have forgotten turning Fallback off?
WARNING: Shader Unsupported: 'Simulation/Room X-Ray' - All subshaders removed
WARNING: Shader Did you use #pragma only_renderers and omit this platform?
WARNING: Shader If subshaders removal was intentional, you may have forgotten turning Fallback off?
WARNING: Shader Unsupported: 'Simulation/Room X-Ray' - All subshaders removed
WARNING: Shader Did you use #pragma only_renderers and omit this platform?
WARNING: Shader If subshaders removal was intentional, you may have forgotten turning Fallback off?
WARNING: Shader Unsupported: 'Simulation/URP/Lit' - All subshaders removed
WARNING: Shader Did you use #pragma only_renderers and omit this platform?
WARNING: Shader If subshaders removal was intentional, you may have forgotten turning Fallback off?
WARNING: Shader Unsupported: 'Simulation/URP/Lit' - All subshaders removed
WARNING: Shader Did you use #pragma only_renderers and omit this platform?
WARNING: Shader If subshaders removal was intentional, you may have forgotten turning Fallback off?
Launched and connected shader compiler UnityShaderCompiler.exe after 0.01 seconds
Refreshing native plugins compatible for Editor in 6.06 ms, found 8 plugins.
Preloading 0 native plugins for Editor in 0.00 ms.
Unloading 34 Unused Serialized files (Serialized files now loaded: 0)
Unloading 6382 unused Assets / (9.5 MB). Loaded Objects now: 7257.
Memory consumption went from 163.1 MB to 153.6 MB.
Total: 8.607200 ms (FindLiveObjects: 0.622000 ms CreateObjectMapping: 0.259200 ms MarkObjects: 4.725400 ms  DeleteObjects: 3.000100 ms)

========================================================================
Received Import Request.
  Time since last request: 353652.021118 seconds.
  path: Assets/RetroWindowsGUI/ExampleProject.unitypackage
  artifactKey: Guid(f6cb656b5fefc7c48a4b6a07c0cb0e96) Importer(815301076,1909f56bfc062723c751e8b465ee728b)
Start importing Assets/RetroWindowsGUI/ExampleProject.unitypackage using Guid(f6cb656b5fefc7c48a4b6a07c0cb0e96) Importer(815301076,1909f56bfc062723c751e8b465ee728b) (PreviewImporter) -> (artifact id: 'bd3fd7f7563d7d38e6f8b6bc748717a2') in 0.015359 seconds
Number of updated asset objects reloaded before import = 0Number of asset objects unloaded after import = 1

========================================================================
Received Import Request.
  Time since last request: 5.957485 seconds.
  path: Assets/Windows_Inner_Frame.png
  artifactKey: Guid(071db4d0a4fba284b89247c1be047242) Importer(2089858483,b0f066a214c2f5e87bad3c948f4d605d)
Start importing Assets/Windows_Inner_Frame.png using Guid(071db4d0a4fba284b89247c1be047242) Importer(2089858483,b0f066a214c2f5e87bad3c948f4d605d) (ScriptedImporter) -> (artifact id: 'd44e9f97e7e75fcb107b4e74e0e77a1a') in 0.1045108 seconds
Number of updated asset objects reloaded before import = 0Number of asset objects unloaded after import = 3

========================================================================
Received Import Request.
  Time since last request: 0.000020 seconds.
  path: Assets/Windows_Icons.png
  artifactKey: Guid(28711b3c5809f9849992b7b1da8c6115) Importer(2089858483,b0f066a214c2f5e87bad3c948f4d605d)
Start importing Assets/Windows_Icons.png using Guid(28711b3c5809f9849992b7b1da8c6115) Importer(2089858483,b0f066a214c2f5e87bad3c948f4d605d) (ScriptedImporter) -> (artifact id: '79353631045b24f99c156a933f5bb948') in 0.0175283 seconds
Number of updated asset objects reloaded before import = 0Number of asset objects unloaded after import = 9

========================================================================
Received Import Request.
  Time since last request: 0.000026 seconds.
  path: Assets/Windows_Slider_Handle.png
  artifactKey: Guid(90db8a2452337ad4fb3931bcbe91e0b1) Importer(2089858483,b0f066a214c2f5e87bad3c948f4d605d)
Start importing Assets/Windows_Slider_Handle.png using Guid(90db8a2452337ad4fb3931bcbe91e0b1) Importer(2089858483,b0f066a214c2f5e87bad3c948f4d605d) (ScriptedImporter) -> (artifact id: '0b9208f0b4f6a21d55563d5701a351e3') in 0.0124122 seconds
Number of updated asset objects reloaded before import = 0Number of asset objects unloaded after import = 3

========================================================================
Received Import Request.
  Time since last request: 0.000018 seconds.
  path: Assets/Window_Header_Resizable_Inactive.png
  artifactKey: Guid(8401ae9712f420245a7c667fa8baa708) Importer(2089858483,b0f066a214c2f5e87bad3c948f4d605d)
Start importing Assets/Window_Header_Resizable_Inactive.png using Guid(8401ae9712f420245a7c667fa8baa708) Importer(2089858483,b0f066a214c2f5e87bad3c948f4d605d) (ScriptedImporter) -> (artifact id: 'acd77cc9e193e0dded37263d269914b6') in 0.0120588 seconds
Number of updated asset objects reloaded before import = 0Number of asset objects unloaded after import = 3

========================================================================
Received Import Request.
  Time since last request: 19.091516 seconds.
  path: Assets/M 8pt.ttf
  artifactKey: Guid(f447e881a56c231438c6a5afb6821d77) Importer(815301076,1909f56bfc062723c751e8b465ee728b)
Start importing Assets/M 8pt.ttf using Guid(f447e881a56c231438c6a5afb6821d77) Importer(815301076,1909f56bfc062723c751e8b465ee728b) (PreviewImporter) -> (artifact id: '69d953a95532104a856041c0c837f60d') in 0.3632428 seconds
Number of updated asset objects reloaded before import = 0Number of asset objects unloaded after import = 4

========================================================================
Received Import Request.
  Time since last request: 88.615275 seconds.
  path: Assets/MoreAssets
  artifactKey: Guid(97d3e087bfab8c445bcb12d291865422) Importer(815301076,1909f56bfc062723c751e8b465ee728b)
Start importing Assets/MoreAssets using Guid(97d3e087bfab8c445bcb12d291865422) Importer(815301076,1909f56bfc062723c751e8b465ee728b) (PreviewImporter) -> (artifact id: '5aa7569c18384f22015daafb4a46225d') in 0.0004768 seconds
Number of updated asset objects reloaded before import = 0Number of asset objects unloaded after import = 0

========================================================================
Received Import Request.
  Time since last request: 0.931173 seconds.
  path: Assets/MoreAssets
  artifactKey: Guid(97d3e087bfab8c445bcb12d291865422) Importer(2089858483,b0f066a214c2f5e87bad3c948f4d605d)
Start importing Assets/MoreAssets using Guid(97d3e087bfab8c445bcb12d291865422) Importer(2089858483,b0f066a214c2f5e87bad3c948f4d605d) (ScriptedImporter) -> (artifact id: 'a3223a1c4542097593feadf27af8d5d2') in 0.0089917 seconds
Number of updated asset objects reloaded before import = 0Number of asset objects unloaded after import = 1

========================================================================
Received Import Request.
  Time since last request: 16.928620 seconds.
  path: Assets/MoreAssets/Windows_Button_Pressed_Outlined.png
  artifactKey: Guid(39706f3062bc9244ca638e4c2dac0436) Importer(2089858483,b0f066a214c2f5e87bad3c948f4d605d)
Start importing Assets/MoreAssets/Windows_Button_Pressed_Outlined.png using Guid(39706f3062bc9244ca638e4c2dac0436) Importer(2089858483,b0f066a214c2f5e87bad3c948f4d605d) (ScriptedImporter) -> (artifact id: '175f8960e32756756bae641267ef2139') in 0.0152322 seconds
Number of updated asset objects reloaded before import = 0Number of asset objects unloaded after import = 3

========================================================================
Received Import Request.
  Time since last request: 0.000036 seconds.
  path: Assets/MoreAssets/Windows_Button_Pressed.png
  artifactKey: Guid(95d763215abb8af4fa0f71cf70400fe0) Importer(2089858483,b0f066a214c2f5e87bad3c948f4d605d)
Start importing Assets/MoreAssets/Windows_Button_Pressed.png using Guid(95d763215abb8af4fa0f71cf70400fe0) Importer(2089858483,b0f066a214c2f5e87bad3c948f4d605d) (ScriptedImporter) -> (artifact id: '21e9a1266fceeb24a1eb9802283ec781') in 0.0108624 seconds
Number of updated asset objects reloaded before import = 0Number of asset objects unloaded after import = 3

========================================================================
Received Import Request.
  Time since last request: 0.000034 seconds.
  path: Assets/MoreAssets/Window_Base.png
  artifactKey: Guid(d3cb4b1b5fb4b194c9ce3fcd75c02836) Importer(2089858483,b0f066a214c2f5e87bad3c948f4d605d)
Start importing Assets/MoreAssets/Window_Base.png using Guid(d3cb4b1b5fb4b194c9ce3fcd75c02836) Importer(2089858483,b0f066a214c2f5e87bad3c948f4d605d) (ScriptedImporter) -> (artifact id: 'c04d6ceafcd463b5a3a11fbf1b733f38') in 0.0123212 seconds
Number of updated asset objects reloaded before import = 0Number of asset objects unloaded after import = 3

========================================================================
Received Import Request.
  Time since last request: 0.000018 seconds.
  path: Assets/MoreAssets/Windows_Button.png
  artifactKey: Guid(5e315e818f312d341bb0d8e6410c487f) Importer(2089858483,b0f066a214c2f5e87bad3c948f4d605d)
Start importing Assets/MoreAssets/Windows_Button.png using Guid(5e315e818f312d341bb0d8e6410c487f) Importer(2089858483,b0f066a214c2f5e87bad3c948f4d605d) (ScriptedImporter) -> (artifact id: '84e506040e56bc57addb2a8b9c336468') in 0.01237 seconds
Number of updated asset objects reloaded before import = 0Number of asset objects unloaded after import = 3

========================================================================
Received Import Request.
  Time since last request: 0.000027 seconds.
  path: Assets/MoreAssets/Windows_SideBar_Underside.png
  artifactKey: Guid(5513a2182c3ad5d45b406b1b43c2130b) Importer(2089858483,b0f066a214c2f5e87bad3c948f4d605d)
Start importing Assets/MoreAssets/Windows_SideBar_Underside.png using Guid(5513a2182c3ad5d45b406b1b43c2130b) Importer(2089858483,b0f066a214c2f5e87bad3c948f4d605d) (ScriptedImporter) -> (artifact id: '091f43c21d4704d552d47194e6fd1472') in 0.012293 seconds
Number of updated asset objects reloaded before import = 0Number of asset objects unloaded after import = 3

========================================================================
Received Import Request.
  Time since last request: 0.000027 seconds.
  path: Assets/MoreAssets/Windows_Ratio_Selected.png
  artifactKey: Guid(41eeb2b12191c674b913345a679d36e0) Importer(2089858483,b0f066a214c2f5e87bad3c948f4d605d)
Start importing Assets/MoreAssets/Windows_Ratio_Selected.png using Guid(41eeb2b12191c674b913345a679d36e0) Importer(2089858483,b0f066a214c2f5e87bad3c948f4d605d) (ScriptedImporter) -> (artifact id: 'e7354180ddf59351b189d6e8471991dd') in 0.0378162 seconds
Number of updated asset objects reloaded before import = 0Number of asset objects unloaded after import = 3

========================================================================
Received Import Request.
  Time since last request: 0.000021 seconds.
  path: Assets/MoreAssets/Windows_Inner_Frame.png
  artifactKey: Guid(071db4d0a4fba284b89247c1be047242) Importer(2089858483,b0f066a214c2f5e87bad3c948f4d605d)
Start importing Assets/MoreAssets/Windows_Inner_Frame.png using Guid(071db4d0a4fba284b89247c1be047242) Importer(2089858483,b0f066a214c2f5e87bad3c948f4d605d) (ScriptedImporter) -> (artifact id: 'a22f955e43b127e8a3c87e77bd217d1c') in 0.0131132 seconds
Number of updated asset objects reloaded before import = 0Number of asset objects unloaded after import = 3

========================================================================
Received Import Request.
  Time since last request: 0.000025 seconds.
  path: Assets/MoreAssets/Windows_Button_Focus_Outlined.png
  artifactKey: Guid(4e41e5d7255467f4fa909456ffdedcc0) Importer(2089858483,b0f066a214c2f5e87bad3c948f4d605d)
Start importing Assets/MoreAssets/Windows_Button_Focus_Outlined.png using Guid(4e41e5d7255467f4fa909456ffdedcc0) Importer(2089858483,b0f066a214c2f5e87bad3c948f4d605d) (ScriptedImporter) -> (artifact id: 'f79036b2b5c472169f5993034239acf4') in 0.0130028 seconds
Number of updated asset objects reloaded before import = 0Number of asset objects unloaded after import = 3

========================================================================
Received Import Request.
  Time since last request: 0.000038 seconds.
  path: Assets/MoreAssets/Windows_Slider_Background.png
  artifactKey: Guid(848092e7ad7b71d4b8ea4a014314444b) Importer(2089858483,b0f066a214c2f5e87bad3c948f4d605d)
Start importing Assets/MoreAssets/Windows_Slider_Background.png using Guid(848092e7ad7b71d4b8ea4a014314444b) Importer(2089858483,b0f066a214c2f5e87bad3c948f4d605d) (ScriptedImporter) -> (artifact id: '5c948d46277a3861e8cdad25f6831755') in 0.0164874 seconds
Number of updated asset objects reloaded before import = 0Number of asset objects unloaded after import = 3

========================================================================
Received Import Request.
  Time since last request: 0.000021 seconds.
  path: Assets/MoreAssets/Window_Header.png
  artifactKey: Guid(f1b45dc6e647cd44a81e08f2a2399815) Importer(2089858483,b0f066a214c2f5e87bad3c948f4d605d)
Start importing Assets/MoreAssets/Window_Header.png using Guid(f1b45dc6e647cd44a81e08f2a2399815) Importer(2089858483,b0f066a214c2f5e87bad3c948f4d605d) (ScriptedImporter) -> (artifact id: '225cbe7c5e728a981835c98d8c6afd4a') in 0.0120083 seconds
Number of updated asset objects reloaded before import = 0Number of asset objects unloaded after import = 3

========================================================================
Received Import Request.
  Time since last request: 0.000023 seconds.
  path: Assets/MoreAssets/Window_Header_Resizable.png
  artifactKey: Guid(9e54a29f259118842a02920cc0734bae) Importer(2089858483,b0f066a214c2f5e87bad3c948f4d605d)
Start importing Assets/MoreAssets/Window_Header_Resizable.png using Guid(9e54a29f259118842a02920cc0734bae) Importer(2089858483,b0f066a214c2f5e87bad3c948f4d605d) (ScriptedImporter) -> (artifact id: '10a2c04d3ff91e0d374d9c17b8eeaf98') in 0.01243 seconds
Number of updated asset objects reloaded before import = 0Number of asset objects unloaded after import = 3

========================================================================
Received Import Request.
  Time since last request: 0.000022 seconds.
  path: Assets/MoreAssets/Window_Header_Resizable_Inactive.png
  artifactKey: Guid(8401ae9712f420245a7c667fa8baa708) Importer(2089858483,b0f066a214c2f5e87bad3c948f4d605d)
Start importing Assets/MoreAssets/Window_Header_Resizable_Inactive.png using Guid(8401ae9712f420245a7c667fa8baa708) Importer(2089858483,b0f066a214c2f5e87bad3c948f4d605d) (ScriptedImporter) -> (artifact id: '6ea0a5dc8ab8ae6c4fd14b309ed28e44') in 0.0182153 seconds
Number of updated asset objects reloaded before import = 0Number of asset objects unloaded after import = 3

========================================================================
Received Import Request.
  Time since last request: 0.000025 seconds.
  path: Assets/MoreAssets/Windows_Button_Inactive.png
  artifactKey: Guid(d440aed354bb80344b95fd19bbba9c92) Importer(2089858483,b0f066a214c2f5e87bad3c948f4d605d)
Start importing Assets/MoreAssets/Windows_Button_Inactive.png using Guid(d440aed354bb80344b95fd19bbba9c92) Importer(2089858483,b0f066a214c2f5e87bad3c948f4d605d) (ScriptedImporter) -> (artifact id: 'bf88f6f7533f61c644f34661f18412e5') in 0.0116772 seconds
Number of updated asset objects reloaded before import = 0Number of asset objects unloaded after import = 3

========================================================================
Received Import Request.
  Time since last request: 6.448124 seconds.
  path: Assets/Scenes/Tutorial.unity
  artifactKey: Guid(9e53dac88eb80c941be1bc0c4e926627) Importer(815301076,1909f56bfc062723c751e8b465ee728b)
Start importing Assets/Scenes/Tutorial.unity using Guid(9e53dac88eb80c941be1bc0c4e926627) Importer(815301076,1909f56bfc062723c751e8b465ee728b) (PreviewImporter) -> (artifact id: 'b78f6f4fc772e900c024c183ab5a56c6') in 0.0005192 seconds
Number of updated asset objects reloaded before import = 0Number of asset objects unloaded after import = 0

========================================================================
Received Import Request.
  Time since last request: 2.930140 seconds.
  path: Assets/RetroWindowsGUI/MoreAssets/Windows_Button_Inactive.png
  artifactKey: Guid(d440aed354bb80344b95fd19bbba9c92) Importer(2089858483,b0f066a214c2f5e87bad3c948f4d605d)
Start importing Assets/RetroWindowsGUI/MoreAssets/Windows_Button_Inactive.png using Guid(d440aed354bb80344b95fd19bbba9c92) Importer(2089858483,b0f066a214c2f5e87bad3c948f4d605d) (ScriptedImporter) -> (artifact id: 'd5321e830510fecff7e22e10c202fdc4') in 0.01228 seconds
Number of updated asset objects reloaded before import = 0Number of asset objects unloaded after import = 3

========================================================================
Received Import Request.
  Time since last request: 0.772462 seconds.
  path: Assets/RetroWindowsGUI/MoreAssets
  artifactKey: Guid(97d3e087bfab8c445bcb12d291865422) Importer(2089858483,b0f066a214c2f5e87bad3c948f4d605d)
Start importing Assets/RetroWindowsGUI/MoreAssets using Guid(97d3e087bfab8c445bcb12d291865422) Importer(2089858483,b0f066a214c2f5e87bad3c948f4d605d) (ScriptedImporter) -> (artifact id: '86906afacdd39b83a8ef094ab86668ed') in 0.0101718 seconds
Number of updated asset objects reloaded before import = 0Number of asset objects unloaded after import = 1

========================================================================
Received Import Request.
  Time since last request: 0.000024 seconds.
  path: Assets/RetroWindowsGUI/MoreAssets/Window_Base.png
  artifactKey: Guid(d3cb4b1b5fb4b194c9ce3fcd75c02836) Importer(2089858483,b0f066a214c2f5e87bad3c948f4d605d)
Start importing Assets/RetroWindowsGUI/MoreAssets/Window_Base.png using Guid(d3cb4b1b5fb4b194c9ce3fcd75c02836) Importer(2089858483,b0f066a214c2f5e87bad3c948f4d605d) (ScriptedImporter) -> (artifact id: 'fb86d85bfd293d3f013041aea7d832e6') in 0.0126327 seconds
Number of updated asset objects reloaded before import = 0Number of asset objects unloaded after import = 3

========================================================================
Received Import Request.
  Time since last request: 0.000022 seconds.
  path: Assets/RetroWindowsGUI/MoreAssets/Windows_SideBar_Underside.png
  artifactKey: Guid(5513a2182c3ad5d45b406b1b43c2130b) Importer(2089858483,b0f066a214c2f5e87bad3c948f4d605d)
Start importing Assets/RetroWindowsGUI/MoreAssets/Windows_SideBar_Underside.png using Guid(5513a2182c3ad5d45b406b1b43c2130b) Importer(2089858483,b0f066a214c2f5e87bad3c948f4d605d) (ScriptedImporter) -> (artifact id: '41f2fbdd92feb98eb6f870cc9b5c00fa') in 0.0119385 seconds
Number of updated asset objects reloaded before import = 0Number of asset objects unloaded after import = 3

========================================================================
Received Import Request.
  Time since last request: 0.000022 seconds.
  path: Assets/RetroWindowsGUI/MoreAssets/Windows_Ratio_Selected.png
  artifactKey: Guid(41eeb2b12191c674b913345a679d36e0) Importer(2089858483,b0f066a214c2f5e87bad3c948f4d605d)
Start importing Assets/RetroWindowsGUI/MoreAssets/Windows_Ratio_Selected.png using Guid(41eeb2b12191c674b913345a679d36e0) Importer(2089858483,b0f066a214c2f5e87bad3c948f4d605d) (ScriptedImporter) -> (artifact id: '92fb827b40db5acc332063c97669ca48') in 0.011807 seconds
Number of updated asset objects reloaded before import = 0Number of asset objects unloaded after import = 3

========================================================================
Received Import Request.
  Time since last request: 0.000040 seconds.
  path: Assets/RetroWindowsGUI/MoreAssets/Windows_Ratio.png
  artifactKey: Guid(a8cff7744fba409408f748531b683e07) Importer(2089858483,b0f066a214c2f5e87bad3c948f4d605d)
Start importing Assets/RetroWindowsGUI/MoreAssets/Windows_Ratio.png using Guid(a8cff7744fba409408f748531b683e07) Importer(2089858483,b0f066a214c2f5e87bad3c948f4d605d) (ScriptedImporter) -> (artifact id: '82db05634d3d4a0aaad003b4128da8ee') in 0.0116893 seconds
Number of updated asset objects reloaded before import = 0Number of asset objects unloaded after import = 3

========================================================================
Received Prepare
Begin MonoManager ReloadAssembly
[Licensing::Client] Successfully resolved entitlement details
- Loaded All Assemblies, in  0.716 seconds
Refreshing native plugins compatible for Editor in 6.49 ms, found 8 plugins.
Native extension for Android target not found
Native extension for WindowsStandalone target not found
[Package Manager] Failed to launch server process. Reason: Unity was launched with the -noUpm command-line argument
[Package Manager] Unable to send message (not connected to server process).
[Package Manager] Cannot connect to Unity Package Manager local server
ScheduleIndexationOnStartup MainProcess:False IndexOnStartup:True
Mono: successfully reloaded assembly
[Package Manager] Failed to launch server process. Reason: Unity was launched with the -noUpm command-line argument
[Package Manager] Unable to send message (not connected to server process).
[Package Manager] Cannot connect to Unity Package Manager local server
- Finished resetting the current domain, in  0.746 seconds
Domain Reload Profiling: 1463ms
	BeginReloadAssembly (244ms)
		ExecutionOrderSort (0ms)
		DisableScriptedObjects (17ms)
		BackupInstance (0ms)
		ReleaseScriptingObjects (0ms)
		CreateAndSetChildDomain (58ms)
	RebuildCommonClasses (32ms)
	RebuildNativeTypeToScriptingClass (11ms)
	initialDomainReloadingComplete (21ms)
	LoadAllAssembliesAndSetupDomain (409ms)
		LoadAssemblies (338ms)
		RebuildTransferFunctionScriptingTraits (0ms)
		AnalyzeDomain (170ms)
			TypeCache.Refresh (7ms)
				TypeCache.ScanAssembly (0ms)
			BuildScriptInfoCaches (149ms)
			ResolveRequiredComponents (11ms)
	FinalizeReload (746ms)
		ReleaseScriptCaches (0ms)
		RebuildScriptCaches (0ms)
		SetupLoadedEditorAssemblies (575ms)
			LogAssemblyErrors (0ms)
			InitializePlatformSupportModulesInManaged (8ms)
			SetLoadedEditorAssemblies (3ms)
			BeforeProcessingInitializeOnLoad (136ms)
			ProcessInitializeOnLoadAttributes (292ms)
			ProcessInitializeOnLoadMethodAttributes (134ms)
			AfterProcessingInitializeOnLoad (2ms)
			EditorAssembliesLoaded (0ms)
		ExecutionOrderSort2 (0ms)
		AwakeInstancesAfterBackupRestoration (17ms)
WARNING: Shader Unsupported: 'Hidden/Simulation/URP/Synthetic' - All subshaders removed
WARNING: Shader Did you use #pragma only_renderers and omit this platform?
WARNING: Shader If subshaders removal was intentional, you may have forgotten turning Fallback off?
WARNING: Shader Unsupported: 'Hidden/Simulation/URP/Synthetic' - All subshaders removed
WARNING: Shader Did you use #pragma only_renderers and omit this platform?
WARNING: Shader If subshaders removal was intentional, you may have forgotten turning Fallback off?
WARNING: Shader Unsupported: 'Hidden/Simulation/Synthetic Lit' - All subshaders removed
WARNING: Shader Did you use #pragma only_renderers and omit this platform?
WARNING: Shader If subshaders removal was intentional, you may have forgotten turning Fallback off?
WARNING: Shader Unsupported: 'Hidden/Simulation/Synthetic Lit' - All subshaders removed
WARNING: Shader Did you use #pragma only_renderers and omit this platform?
WARNING: Shader If subshaders removal was intentional, you may have forgotten turning Fallback off?
WARNING: Shader Unsupported: 'Simulation/Standard Lit' - All subshaders removed
WARNING: Shader Did you use #pragma only_renderers and omit this platform?
WARNING: Shader If subshaders removal was intentional, you may have forgotten turning Fallback off?
WARNING: Shader Unsupported: 'Simulation/Standard Lit' - All subshaders removed
WARNING: Shader Did you use #pragma only_renderers and omit this platform?
WARNING: Shader If subshaders removal was intentional, you may have forgotten turning Fallback off?
WARNING: Shader Unsupported: 'Simulation/URP/Room X-Ray' - All subshaders removed
WARNING: Shader Did you use #pragma only_renderers and omit this platform?
WARNING: Shader If subshaders removal was intentional, you may have forgotten turning Fallback off?
WARNING: Shader Unsupported: 'Simulation/URP/Room X-Ray' - All subshaders removed
WARNING: Shader Did you use #pragma only_renderers and omit this platform?
WARNING: Shader If subshaders removal was intentional, you may have forgotten turning Fallback off?
WARNING: Shader Unsupported: 'Simulation/Room X-Ray' - All subshaders removed
WARNING: Shader Did you use #pragma only_renderers and omit this platform?
WARNING: Shader If subshaders removal was intentional, you may have forgotten turning Fallback off?
WARNING: Shader Unsupported: 'Simulation/Room X-Ray' - All subshaders removed
WARNING: Shader Did you use #pragma only_renderers and omit this platform?
WARNING: Shader If subshaders removal was intentional, you may have forgotten turning Fallback off?
WARNING: Shader Unsupported: 'Simulation/URP/Lit' - All subshaders removed
WARNING: Shader Did you use #pragma only_renderers and omit this platform?
WARNING: Shader If subshaders removal was intentional, you may have forgotten turning Fallback off?
WARNING: Shader Unsupported: 'Simulation/URP/Lit' - All subshaders removed
WARNING: Shader Did you use #pragma only_renderers and omit this platform?
WARNING: Shader If subshaders removal was intentional, you may have forgotten turning Fallback off?
Refreshing native plugins compatible for Editor in 6.74 ms, found 8 plugins.
Preloading 0 native plugins for Editor in 0.00 ms.
Unloading 34 Unused Serialized files (Serialized files now loaded: 0)
Unloading 6514 unused Assets / (10.3 MB). Loaded Objects now: 7340.
Memory consumption went from 196.4 MB to 186.0 MB.
Total: 9.872300 ms (FindLiveObjects: 0.711600 ms CreateObjectMapping: 0.351700 ms MarkObjects: 4.940400 ms  DeleteObjects: 3.868100 ms)

Prepare: number of updated asset objects reloaded= 0
Editor requested this worker to shutdown with reason: Scaling down because of idle timeout
AssetImportWorker is now disconnected from the server
Process exiting
Exiting without the bug reporter. Application will terminate with return code 0