[Licensing::Module] Trying to connect to existing licensing client channel...
[Licensing::IpcConnector] Successfully connected to: "LicenseClient-furansupan" at "2026-03-16T22:45:12.1106176Z"
Built from '6000.3/staging' branch; Version is '6000.3.9f1 (7a9955a4f2fa) revision 8034645'; Using compiler version '194234433'; Build Type 'Release'
OS: 'Windows 11  (10.0.26200) Core' Language: 'en' Physical Memory: 32693 MB
BatchMode: 1, IsHumanControllingUs: 0, StartBugReporterOnCrash: 0, Is64bit: 1
System  architecture: x64
Process architecture: x64
Date: 2026-03-16T22:45:12Z

COMMAND LINE ARGUMENTS:
D:\Unity\Editor\6000.3.9f1\Editor\Unity.exe
-adb2
-batchMode
-noUpm
-name
AssetImportWorker15
-projectPath
D:/Github Repositories/iat445/iat445
-logFile
Logs/AssetImportWorker15.log
-srvPort
50172
-licensingIpc
LicenseClient-furansupan
-job-worker-count
11
-background-job-worker-count
8
-gc-helper-count
1
-name
AssetImport
Successfully changed project path to: D:/Github Repositories/iat445/iat445
D:/Github Repositories/iat445/iat445
[UnityMemory] Configuration Parameters - Can be set up in boot.config
    "memorysetup-temp-allocator-size-nav-mesh-worker=65536"
    "memorysetup-temp-allocator-size-audio-worker=65536"
    "memorysetup-temp-allocator-size-gfx=262144"
    "memorysetup-allocator-temp-initial-block-size-main=262144"
    "memorysetup-allocator-temp-initial-block-size-worker=262144"
    "memorysetup-temp-allocator-size-background-worker=32768"
    "memorysetup-temp-allocator-size-job-worker=262144"
    "memorysetup-temp-allocator-size-preload-manager=33554432"
    "memorysetup-temp-allocator-size-gi-baking-worker=262144"
    "memorysetup-temp-allocator-size-gi-baking-worker=262144"
    "memorysetup-temp-allocator-size-gi-baking-worker=262144"
    "memorysetup-temp-allocator-size-gi-baking-worker=262144"
    "memorysetup-temp-allocator-size-gi-baking-worker=262144"
    "memorysetup-bucket-allocator-granularity=16"
    "memorysetup-bucket-allocator-bucket-count=8"
    "memorysetup-bucket-allocator-block-size=33554432"
    "memorysetup-bucket-allocator-block-count=8"
    "memorysetup-main-allocator-block-size=16777216"
    "memorysetup-thread-allocator-block-size=16777216"
    "memorysetup-gfx-main-allocator-block-size=16777216"
    "memorysetup-gfx-thread-allocator-block-size=16777216"
    "memorysetup-cache-allocator-block-size=4194304"
    "memorysetup-typetree-allocator-block-size=2097152"
    "memorysetup-profiler-bucket-allocator-granularity=16"
    "memorysetup-profiler-bucket-allocator-bucket-count=8"
    "memorysetup-profiler-bucket-allocator-block-size=33554432"
    "memorysetup-profiler-bucket-allocator-block-count=8"
    "memorysetup-profiler-allocator-block-size=16777216"
    "memorysetup-profiler-editor-allocator-block-size=1048576"
    "memorysetup-temp-allocator-size-main=16777216"
    "memorysetup-job-temp-allocator-block-size=2097152"
    "memorysetup-job-temp-allocator-block-size-background=1048576"
    "memorysetup-job-temp-allocator-reduction-small-platforms=262144"
    "memorysetup-temp-allocator-size-cloud-worker=32768"
Player connection [18848]  Target information:

Player connection [18848]  * "[IP] 192.168.1.73 [Port] 0 [Flags] 2 [Guid] 3807139097 [EditorId] 3807139097 [Version] 1048832 [Id] WindowsEditor(7,DESKTOP-UCS7CI6) [Debug] 1 [PackageName] WindowsEditor [ProjectName] Editor" 

Player connection [18848] Host joined multi-casting on [225.0.0.222:54997]...
Player connection [18848] Host joined alternative multi-casting on [225.0.0.222:34997]...
JobSystem: Creating JobQueue using job-worker-count value 11
Input System module state changed to: Initialized.
[Physics::Module] Initialized fallback backend.
[Physics::Module] Id: 0xdecafbad
Library Redirect Path: Library/
[Physics::Module] Selected backend.
[Physics::Module] Name: PhysX
[Physics::Module] Id: 0xf2b8ea05
[Physics::Module] SDK Version: 4.1.2
[Physics::Module] Integration Version: 1.0.0
[Physics::Module] Threading Mode: Multi-Threaded
Refreshing native plugins compatible for Editor in 24.49 ms, found 8 plugins.
Preloading 0 native plugins for Editor in 0.00 ms.
Initialize engine version: 6000.3.9f1 (7a9955a4f2fa)
[Subsystems] Discovering subsystems at path D:/Unity/Editor/6000.3.9f1/Editor/Data/Resources/UnitySubsystems
[Subsystems] Discovering subsystems at path D:/Github Repositories/iat445/iat445/Assets
GfxDevice: creating device client; kGfxThreadingModeNonThreaded
Direct3D:
    Version:  Direct3D 11.0 [level 11.1]
    Renderer: NVIDIA GeForce RTX 3070 (ID=0x2484)
    Vendor:   NVIDIA
    VRAM:     8018 MB
    Driver:   32.0.15.9186
Initialize mono
Mono path[0] = 'D:/Unity/Editor/6000.3.9f1/Editor/Data/Managed'
Mono path[1] = 'D:/Unity/Editor/6000.3.9f1/Editor/Data/MonoBleedingEdge/lib/mono/unityjit-win32'
Mono config path = 'D:/Unity/Editor/6000.3.9f1/Editor/Data/MonoBleedingEdge/etc'
Using monoOptions --debugger-agent=transport=dt_socket,embedding=1,server=y,suspend=n,address=127.0.0.1:56872
Begin MonoManager ReloadAssembly
Registering precompiled unity dll's ...
Register platform support module: D:/Unity/Editor/6000.3.9f1/Editor/Data/PlaybackEngines/WindowsStandaloneSupport/UnityEditor.WindowsStandalone.Extensions.dll
[Licensing::Module] Licensing is not yet initialized.
[Licensing::Client] Handshaking with LicensingClient:
  Version:                 1.17.4+4293ba1
  Session Id:              ef368115b8674331958293c754432de6
  Correlation Id:          07c7df741d03456c1e440d491689c651
  External correlation Id: 1674084133917356247
  Machine Id:              /bDJ+qBQanEKSmET3CKn1ku2+fI=
[Licensing::Module] Successfully connected to LicensingClient on channel: "LicenseClient-furansupan" (connect: 0.00s, validation: 0.00s, handshake: 1.33s)
[Licensing::IpcConnector] Successfully connected to: "LicenseClient-furansupan-notifications" at "2026-03-16T22:45:13.4419691Z"
[Licensing::Module] Licensing Background thread has ended after 1.33s
[Licensing::Module] Licensing is initialized (took 0.03s).
[Licensing::Client] Successfully resolved entitlement details
[Licensing::Module] License group:
  Id: 3574294610923-UnityPersXXXX
  Product: Unity Personal
  Type: Assigned
  Expiration: Unlimited
Register platform support module: D:/Unity/Editor/6000.3.9f1/Editor/Data/PlaybackEngines/AndroidPlayer/UnityEditor.Android.Extensions.dll
Registered in 0.031652 seconds.
- Loaded All Assemblies, in  0.552 seconds
Native extension for Android target not found
Android Extension - Scanning For ADB Devices 307 ms
Native extension for WindowsStandalone target not found
ScheduleIndexationOnStartup MainProcess:False IndexOnStartup:True
Mono: successfully reloaded assembly
- Finished resetting the current domain, in  0.947 seconds
Domain Reload Profiling: 1495ms
	BeginReloadAssembly (177ms)
		ExecutionOrderSort (0ms)
		DisableScriptedObjects (0ms)
		BackupInstance (0ms)
		ReleaseScriptingObjects (0ms)
		CreateAndSetChildDomain (1ms)
	RebuildCommonClasses (62ms)
	RebuildNativeTypeToScriptingClass (19ms)
	initialDomainReloadingComplete (79ms)
	LoadAllAssembliesAndSetupDomain (210ms)
		LoadAssemblies (176ms)
		RebuildTransferFunctionScriptingTraits (0ms)
		AnalyzeDomain (204ms)
			TypeCache.Refresh (202ms)
				TypeCache.ScanAssembly (187ms)
			BuildScriptInfoCaches (0ms)
			ResolveRequiredComponents (0ms)
	FinalizeReload (948ms)
		ReleaseScriptCaches (0ms)
		RebuildScriptCaches (0ms)
		SetupLoadedEditorAssemblies (894ms)
			LogAssemblyErrors (0ms)
			InitializePlatformSupportModulesInManaged (417ms)
			SetLoadedEditorAssemblies (5ms)
			BeforeProcessingInitializeOnLoad (86ms)
			ProcessInitializeOnLoadAttributes (266ms)
			ProcessInitializeOnLoadMethodAttributes (121ms)
			AfterProcessingInitializeOnLoad (0ms)
			EditorAssembliesLoaded (0ms)
		ExecutionOrderSort2 (0ms)
		AwakeInstancesAfterBackupRestoration (0ms)
========================================================================
Worker process is ready to serve import requests
Import Worker Mode flag is 0x00
Begin MonoManager ReloadAssembly
[Licensing::Client] Successfully resolved entitlement details
- Loaded All Assemblies, in  1.046 seconds
Refreshing native plugins compatible for Editor in 11.06 ms, found 8 plugins.
Native extension for Android target not found
Native extension for WindowsStandalone target not found
Package Manager log level set to [2]
[Package Manager] Failed to launch server process. Reason: Unity was launched with the -noUpm command-line argument
[Package Manager] Unable to send message (not connected to server process).
[Package Manager] Cannot connect to Unity Package Manager local server
ScheduleIndexationOnStartup MainProcess:False IndexOnStartup:True
Mono: successfully reloaded assembly
[Package Manager] Failed to launch server process. Reason: Unity was launched with the -noUpm command-line argument
[Package Manager] Unable to send message (not connected to server process).
[Package Manager] Cannot connect to Unity Package Manager local server
[Package Manager] Failed to launch server process. Reason: Unity was launched with the -noUpm command-line argument
[Package Manager] Unable to send message (not connected to server process).
[Package Manager] Cannot connect to Unity Package Manager local server
- Finished resetting the current domain, in  1.075 seconds
Domain Reload Profiling: 2118ms
	BeginReloadAssembly (261ms)
		ExecutionOrderSort (0ms)
		DisableScriptedObjects (9ms)
		BackupInstance (0ms)
		ReleaseScriptingObjects (0ms)
		CreateAndSetChildDomain (60ms)
	RebuildCommonClasses (51ms)
	RebuildNativeTypeToScriptingClass (17ms)
	initialDomainReloadingComplete (44ms)
	LoadAllAssembliesAndSetupDomain (671ms)
		LoadAssemblies (428ms)
		RebuildTransferFunctionScriptingTraits (0ms)
		AnalyzeDomain (380ms)
			TypeCache.Refresh (258ms)
				TypeCache.ScanAssembly (236ms)
			BuildScriptInfoCaches (101ms)
			ResolveRequiredComponents (17ms)
	FinalizeReload (1076ms)
		ReleaseScriptCaches (0ms)
		RebuildScriptCaches (0ms)
		SetupLoadedEditorAssemblies (869ms)
			LogAssemblyErrors (0ms)
			InitializePlatformSupportModulesInManaged (11ms)
			SetLoadedEditorAssemblies (6ms)
			BeforeProcessingInitializeOnLoad (203ms)
			ProcessInitializeOnLoadAttributes (399ms)
			ProcessInitializeOnLoadMethodAttributes (245ms)
			AfterProcessingInitializeOnLoad (5ms)
			EditorAssembliesLoaded (0ms)
		ExecutionOrderSort2 (0ms)
		AwakeInstancesAfterBackupRestoration (8ms)
WARNING: Shader Unsupported: 'Simulation/Standard Lit' - All subshaders removed
WARNING: Shader Did you use #pragma only_renderers and omit this platform?
WARNING: Shader If subshaders removal was intentional, you may have forgotten turning Fallback off?
WARNING: Shader Unsupported: 'Simulation/Standard Lit' - All subshaders removed
WARNING: Shader Did you use #pragma only_renderers and omit this platform?
WARNING: Shader If subshaders removal was intentional, you may have forgotten turning Fallback off?
WARNING: Shader Unsupported: 'Simulation/URP/Room X-Ray' - All subshaders removed
WARNING: Shader Did you use #pragma only_renderers and omit this platform?
WARNING: Shader If subshaders removal was intentional, you may have forgotten turning Fallback off?
WARNING: Shader Unsupported: 'Simulation/URP/Room X-Ray' - All subshaders removed
WARNING: Shader Did you use #pragma only_renderers and omit this platform?
WARNING: Shader If subshaders removal was intentional, you may have forgotten turning Fallback off?
WARNING: Shader Unsupported: 'Simulation/URP/Lit' - All subshaders removed
WARNING: Shader Did you use #pragma only_renderers and omit this platform?
WARNING: Shader If subshaders removal was intentional, you may have forgotten turning Fallback off?
WARNING: Shader Unsupported: 'Simulation/URP/Lit' - All subshaders removed
WARNING: Shader Did you use #pragma only_renderers and omit this platform?
WARNING: Shader If subshaders removal was intentional, you may have forgotten turning Fallback off?
WARNING: Shader Unsupported: 'Hidden/Simulation/URP/Synthetic' - All subshaders removed
WARNING: Shader Did you use #pragma only_renderers and omit this platform?
WARNING: Shader If subshaders removal was intentional, you may have forgotten turning Fallback off?
WARNING: Shader Unsupported: 'Hidden/Simulation/URP/Synthetic' - All subshaders removed
WARNING: Shader Did you use #pragma only_renderers and omit this platform?
WARNING: Shader If subshaders removal was intentional, you may have forgotten turning Fallback off?
WARNING: Shader Unsupported: 'Hidden/Simulation/Synthetic Lit' - All subshaders removed
WARNING: Shader Did you use #pragma only_renderers and omit this platform?
WARNING: Shader If subshaders removal was intentional, you may have forgotten turning Fallback off?
WARNING: Shader Unsupported: 'Hidden/Simulation/Synthetic Lit' - All subshaders removed
WARNING: Shader Did you use #pragma only_renderers and omit this platform?
WARNING: Shader If subshaders removal was intentional, you may have forgotten turning Fallback off?
WARNING: Shader Unsupported: 'Simulation/Room X-Ray' - All subshaders removed
WARNING: Shader Did you use #pragma only_renderers and omit this platform?
WARNING: Shader If subshaders removal was intentional, you may have forgotten turning Fallback off?
WARNING: Shader Unsupported: 'Simulation/Room X-Ray' - All subshaders removed
WARNING: Shader Did you use #pragma only_renderers and omit this platform?
WARNING: Shader If subshaders removal was intentional, you may have forgotten turning Fallback off?
Launched and connected shader compiler UnityShaderCompiler.exe after 0.04 seconds
Refreshing native plugins compatible for Editor in 9.93 ms, found 8 plugins.
Preloading 0 native plugins for Editor in 0.00 ms.
Unloading 34 Unused Serialized files (Serialized files now loaded: 0)
Unloading 6474 unused Assets / (10.7 MB). Loaded Objects now: 7342.
Memory consumption went from 169.7 MB to 159.1 MB.
Total: 17.139200 ms (FindLiveObjects: 0.985100 ms CreateObjectMapping: 0.706700 ms MarkObjects: 8.810100 ms  DeleteObjects: 6.636300 ms)

========================================================================
Received Import Request.
  Time since last request: 340456.499733 seconds.
  path: Assets/XRISamples/UI_3D/Textures/SheepPrize_MS.png
  artifactKey: Guid(379f62ffbf906f1479a9499b0a3c3dcb) Importer(2089858483,b0f066a214c2f5e87bad3c948f4d605d)
Start importing Assets/XRISamples/UI_3D/Textures/SheepPrize_MS.png using Guid(379f62ffbf906f1479a9499b0a3c3dcb) Importer(2089858483,b0f066a214c2f5e87bad3c948f4d605d) (ScriptedImporter) -> (artifact id: '915e7d3aaaba48b7a8313cb43c197771') in 0.1464457 seconds
Number of updated asset objects reloaded before import = 0Number of asset objects unloaded after import = 1

========================================================================
Received Import Request.
  Time since last request: 0.000031 seconds.
  path: Assets/XRISamples/UI_2D/Prefabs/MainMenu/PanelOutline.prefab
  artifactKey: Guid(d00799943706bef479e427c494829f1f) Importer(2089858483,b0f066a214c2f5e87bad3c948f4d605d)
Start importing Assets/XRISamples/UI_2D/Prefabs/MainMenu/PanelOutline.prefab using Guid(d00799943706bef479e427c494829f1f) Importer(2089858483,b0f066a214c2f5e87bad3c948f4d605d) (ScriptedImporter) -> (artifact id: 'fcce944401b65a7cca44ed31e6099eab') in 0.0789639 seconds
Number of updated asset objects reloaded before import = 0Number of asset objects unloaded after import = 8

========================================================================
Received Import Request.
  Time since last request: 0.000020 seconds.
  path: Assets/XRISamples/SocketInteractors/SocketKeys/PerlerGridSocketKey.asset
  artifactKey: Guid(2149d49466e188349aa5d9287540ca20) Importer(2089858483,b0f066a214c2f5e87bad3c948f4d605d)
Start importing Assets/XRISamples/SocketInteractors/SocketKeys/PerlerGridSocketKey.asset using Guid(2149d49466e188349aa5d9287540ca20) Importer(2089858483,b0f066a214c2f5e87bad3c948f4d605d) (ScriptedImporter) -> (artifact id: '8f03b30cd938941978454643bfe3bd3e') in 0.008894 seconds
Number of updated asset objects reloaded before import = 0Number of asset objects unloaded after import = 1

========================================================================
Received Import Request.
  Time since last request: 0.000024 seconds.
  path: Assets/XRISamples/UI_2D/Sprites
  artifactKey: Guid(7eb5961d155703141a8d9a8d69ff2611) Importer(2089858483,b0f066a214c2f5e87bad3c948f4d605d)
Start importing Assets/XRISamples/UI_2D/Sprites using Guid(7eb5961d155703141a8d9a8d69ff2611) Importer(2089858483,b0f066a214c2f5e87bad3c948f4d605d) (ScriptedImporter) -> (artifact id: '16063668c7f1ae26cacd3f2f60f0a6f7') in 0.0093538 seconds
Number of updated asset objects reloaded before import = 0Number of asset objects unloaded after import = 1

========================================================================
Received Import Request.
  Time since last request: 0.000016 seconds.
  path: Assets/XRISamples/ActivateInteractables/Animation/LauncherController.controller
  artifactKey: Guid(06aaa5fd42555114baf1f8f8392c3018) Importer(2089858483,b0f066a214c2f5e87bad3c948f4d605d)
Start importing Assets/XRISamples/ActivateInteractables/Animation/LauncherController.controller using Guid(06aaa5fd42555114baf1f8f8392c3018) Importer(2089858483,b0f066a214c2f5e87bad3c948f4d605d) (ScriptedImporter) -> (artifact id: 'bb3e6f110b68354735cba942fd007255') in 0.0112522 seconds
Number of updated asset objects reloaded before import = 0Number of asset objects unloaded after import = 8

========================================================================
Received Import Request.
  Time since last request: 0.000021 seconds.
  path: Assets/XRISamples/ActivateInteractables/Prefabs/SimpleActivateShape.prefab
  artifactKey: Guid(3ff9f50d1b0d1fa4f96b849e64c9c84a) Importer(2089858483,b0f066a214c2f5e87bad3c948f4d605d)
Start importing Assets/XRISamples/ActivateInteractables/Prefabs/SimpleActivateShape.prefab using Guid(3ff9f50d1b0d1fa4f96b849e64c9c84a) Importer(2089858483,b0f066a214c2f5e87bad3c948f4d605d) (ScriptedImporter) -> (artifact id: 'ef9f8d311f443cc449f9eb3faef70de4') in 0.0977289 seconds
Number of updated asset objects reloaded before import = 0Number of asset objects unloaded after import = 18

========================================================================
Received Import Request.
  Time since last request: 0.000023 seconds.
  path: Assets/XRISamples/ActivateInteractables/Materials/Lighter_Red.mat
  artifactKey: Guid(5300e09a87738c841a01088234c2c125) Importer(2089858483,b0f066a214c2f5e87bad3c948f4d605d)
Start importing Assets/XRISamples/ActivateInteractables/Materials/Lighter_Red.mat using Guid(5300e09a87738c841a01088234c2c125) Importer(2089858483,b0f066a214c2f5e87bad3c948f4d605d) (ScriptedImporter) -> (artifact id: '3987d8628e5a78d7e6e0fcef79733309') in 0.0156633 seconds
Number of updated asset objects reloaded before import = 0Number of asset objects unloaded after import = 2

========================================================================
Received Import Request.
  Time since last request: 0.000034 seconds.
  path: Assets/XRISamples/Global/Scripts/Analytics/Behaviours/XrcSocketInteractorsStationAnalytics.cs
  artifactKey: Guid(51e2b2d7ea5934243ad1542b8dc5f501) Importer(2089858483,b0f066a214c2f5e87bad3c948f4d605d)
Start importing Assets/XRISamples/Global/Scripts/Analytics/Behaviours/XrcSocketInteractorsStationAnalytics.cs using Guid(51e2b2d7ea5934243ad1542b8dc5f501) Importer(2089858483,b0f066a214c2f5e87bad3c948f4d605d) (ScriptedImporter) -> (artifact id: '85ce270f46978035edf2f425ffcac801') in 0.0173677 seconds
Number of updated asset objects reloaded before import = 0Number of asset objects unloaded after import = 0

========================================================================
Received Import Request.
  Time since last request: 0.000017 seconds.
  path: Assets/XRISamples/Global/Scripts/Analytics/Behaviours/XrcPhysicsInteractionStationAnalytics.cs
  artifactKey: Guid(1af61162fa5f63a439f65912f4410ee5) Importer(2089858483,b0f066a214c2f5e87bad3c948f4d605d)
Start importing Assets/XRISamples/Global/Scripts/Analytics/Behaviours/XrcPhysicsInteractionStationAnalytics.cs using Guid(1af61162fa5f63a439f65912f4410ee5) Importer(2089858483,b0f066a214c2f5e87bad3c948f4d605d) (ScriptedImporter) -> (artifact id: 'cbbb4866d68ace1c10c84d93add5df01') in 0.0099199 seconds
Number of updated asset objects reloaded before import = 0Number of asset objects unloaded after import = 0

========================================================================
Received Import Request.
  Time since last request: 0.000031 seconds.
  path: Assets/XRISamples/SocketInteractors/Materials/Machine_DarkBlue.mat
  artifactKey: Guid(d5149054c130c8e4985e936d825fa42f) Importer(2089858483,b0f066a214c2f5e87bad3c948f4d605d)
Start importing Assets/XRISamples/SocketInteractors/Materials/Machine_DarkBlue.mat using Guid(d5149054c130c8e4985e936d825fa42f) Importer(2089858483,b0f066a214c2f5e87bad3c948f4d605d) (ScriptedImporter) -> (artifact id: '72b179b5bd7dc96dd9767728d6777cc1') in 0.0124681 seconds
Number of updated asset objects reloaded before import = 0Number of asset objects unloaded after import = 1

========================================================================
Received Import Request.
  Time since last request: 0.000015 seconds.
  path: Assets/XRISamples/UI_2D/Prefabs/MainMenu
  artifactKey: Guid(dc6e87f12183a1040888676a6dcda946) Importer(2089858483,b0f066a214c2f5e87bad3c948f4d605d)
Start importing Assets/XRISamples/UI_2D/Prefabs/MainMenu using Guid(dc6e87f12183a1040888676a6dcda946) Importer(2089858483,b0f066a214c2f5e87bad3c948f4d605d) (ScriptedImporter) -> (artifact id: 'e4e821d834c40d6bf78ec3046706877f') in 0.0096133 seconds
Number of updated asset objects reloaded before import = 0Number of asset objects unloaded after import = 1

========================================================================
Received Import Request.
  Time since last request: 0.000013 seconds.
  path: Assets/XRISamples/UI_3D/Materials/AccentButton.mat
  artifactKey: Guid(07c2795a3fc76224f9e44b842ccf3ff0) Importer(2089858483,b0f066a214c2f5e87bad3c948f4d605d)
Start importing Assets/XRISamples/UI_3D/Materials/AccentButton.mat using Guid(07c2795a3fc76224f9e44b842ccf3ff0) Importer(2089858483,b0f066a214c2f5e87bad3c948f4d605d) (ScriptedImporter) -> (artifact id: 'c3d260676c51d6c30d95d42c3d233f41') in 0.0121754 seconds
Number of updated asset objects reloaded before import = 0Number of asset objects unloaded after import = 1

========================================================================
Received Import Request.
  Time since last request: 0.000023 seconds.
  path: Assets/XRISamples/UI_3D/Scripts/XRLever.cs
  artifactKey: Guid(e601cf28e9702c945abe3b90e7f51974) Importer(2089858483,b0f066a214c2f5e87bad3c948f4d605d)
Start importing Assets/XRISamples/UI_3D/Scripts/XRLever.cs using Guid(e601cf28e9702c945abe3b90e7f51974) Importer(2089858483,b0f066a214c2f5e87bad3c948f4d605d) (ScriptedImporter) -> (artifact id: '115f9487c6c377541ce4829a827a569d') in 0.0108343 seconds
Number of updated asset objects reloaded before import = 0Number of asset objects unloaded after import = 0

========================================================================
Received Import Request.
  Time since last request: 0.000025 seconds.
  path: Assets/XRISamples/Global/Scripts/Analytics/Behaviours
  artifactKey: Guid(f3f3013822812274da9b194d92391e3c) Importer(2089858483,b0f066a214c2f5e87bad3c948f4d605d)
Start importing Assets/XRISamples/Global/Scripts/Analytics/Behaviours using Guid(f3f3013822812274da9b194d92391e3c) Importer(2089858483,b0f066a214c2f5e87bad3c948f4d605d) (ScriptedImporter) -> (artifact id: '4edfd0ad31effde8b078f638536b693f') in 0.01059 seconds
Number of updated asset objects reloaded before import = 0Number of asset objects unloaded after import = 1

========================================================================
Received Import Request.
  Time since last request: 0.000014 seconds.
  path: Assets/XRISamples/UI_3D/Materials/MediumGrey.mat
  artifactKey: Guid(dc1d2c50d7463b847ba30ff50e1959b3) Importer(2089858483,b0f066a214c2f5e87bad3c948f4d605d)
Start importing Assets/XRISamples/UI_3D/Materials/MediumGrey.mat using Guid(dc1d2c50d7463b847ba30ff50e1959b3) Importer(2089858483,b0f066a214c2f5e87bad3c948f4d605d) (ScriptedImporter) -> (artifact id: 'c5822f81a1a2e5b1679339ea44a97e28') in 0.0108571 seconds
Number of updated asset objects reloaded before import = 0Number of asset objects unloaded after import = 1

========================================================================
Received Import Request.
  Time since last request: 0.000015 seconds.
  path: Assets/XRISamples/ActivateInteractables/Materials/Lighter_FlatBlack.mat
  artifactKey: Guid(1445765c7b38f6e43ab142156ffd2196) Importer(2089858483,b0f066a214c2f5e87bad3c948f4d605d)
Start importing Assets/XRISamples/ActivateInteractables/Materials/Lighter_FlatBlack.mat using Guid(1445765c7b38f6e43ab142156ffd2196) Importer(2089858483,b0f066a214c2f5e87bad3c948f4d605d) (ScriptedImporter) -> (artifact id: '0e73b1e75ee9d7e976e0c8b76ae2fb4b') in 0.0125629 seconds
Number of updated asset objects reloaded before import = 0Number of asset objects unloaded after import = 2

========================================================================
Received Import Request.
  Time since last request: 0.000018 seconds.
  path: Assets/XRISamples/VRWalkthrough/Textures/Icon/Circle_60x60.png
  artifactKey: Guid(d0aadb92d3d05c14b8125b75d8c3e487) Importer(2089858483,b0f066a214c2f5e87bad3c948f4d605d)
Start importing Assets/XRISamples/VRWalkthrough/Textures/Icon/Circle_60x60.png using Guid(d0aadb92d3d05c14b8125b75d8c3e487) Importer(2089858483,b0f066a214c2f5e87bad3c948f4d605d) (ScriptedImporter) -> (artifact id: '97e35d286526eefcb5c765b237b4b7db') in 0.0199953 seconds
Number of updated asset objects reloaded before import = 0Number of asset objects unloaded after import = 3

========================================================================
Received Import Request.
  Time since last request: 0.000014 seconds.
  path: Assets/XRISamples/UI_3D/Models/Button.fbx
  artifactKey: Guid(01f6e5eb43df77749a8c310479d00438) Importer(2089858483,b0f066a214c2f5e87bad3c948f4d605d)
Start importing Assets/XRISamples/UI_3D/Models/Button.fbx using Guid(01f6e5eb43df77749a8c310479d00438) Importer(2089858483,b0f066a214c2f5e87bad3c948f4d605d) (ScriptedImporter) -> (artifact id: 'ede64ba7dfbf2e766da3ae1fdb880d49') in 0.0302375 seconds
Number of updated asset objects reloaded before import = 0Number of asset objects unloaded after import = 14

========================================================================
Received Import Request.
  Time since last request: 0.000027 seconds.
  path: Assets/XRISamples/UI_2D/Prefabs/Tooltips/TooltipBig.prefab
  artifactKey: Guid(41e88d92074a8dc42887691c60a6a60c) Importer(2089858483,b0f066a214c2f5e87bad3c948f4d605d)
Start importing Assets/XRISamples/UI_2D/Prefabs/Tooltips/TooltipBig.prefab using Guid(41e88d92074a8dc42887691c60a6a60c) Importer(2089858483,b0f066a214c2f5e87bad3c948f4d605d) (ScriptedImporter) -> (artifact id: '36dab2d7f26debc28c8570a9182ffb3e') in 0.0378217 seconds
Number of updated asset objects reloaded before import = 0Number of asset objects unloaded after import = 25

========================================================================
Received Import Request.
  Time since last request: 0.000023 seconds.
  path: Assets/XRISamples/SocketInteractors/Materials/Peg_Orange.mat
  artifactKey: Guid(cda5ff44748963e4d9bb10715f07dbc5) Importer(2089858483,b0f066a214c2f5e87bad3c948f4d605d)
Start importing Assets/XRISamples/SocketInteractors/Materials/Peg_Orange.mat using Guid(cda5ff44748963e4d9bb10715f07dbc5) Importer(2089858483,b0f066a214c2f5e87bad3c948f4d605d) (ScriptedImporter) -> (artifact id: '489c72fff5d5a356a8dc55a209d59bff') in 0.0097112 seconds
Number of updated asset objects reloaded before import = 0Number of asset objects unloaded after import = 1

========================================================================
Received Import Request.
  Time since last request: 0.000012 seconds.
  path: Assets/XRISamples/Environment/Prefabs/DistantTerrain.prefab
  artifactKey: Guid(ff32deaec288ec544a233b8d0fd080fc) Importer(2089858483,b0f066a214c2f5e87bad3c948f4d605d)
Start importing Assets/XRISamples/Environment/Prefabs/DistantTerrain.prefab using Guid(ff32deaec288ec544a233b8d0fd080fc) Importer(2089858483,b0f066a214c2f5e87bad3c948f4d605d) (ScriptedImporter) -> (artifact id: '42857de1922d2e2beb67cd59347d8b9a') in 0.0146469 seconds
Number of updated asset objects reloaded before import = 0Number of asset objects unloaded after import = 86

========================================================================
Received Import Request.
  Time since last request: 0.000018 seconds.
  path: Assets/XRISamples/UI_2D/Prefabs/MainMenu/SpatialPanelNoNav.prefab
  artifactKey: Guid(4a0b42a560105eb478d0a55132fb017d) Importer(2089858483,b0f066a214c2f5e87bad3c948f4d605d)
Start importing Assets/XRISamples/UI_2D/Prefabs/MainMenu/SpatialPanelNoNav.prefab using Guid(4a0b42a560105eb478d0a55132fb017d) Importer(2089858483,b0f066a214c2f5e87bad3c948f4d605d) (ScriptedImporter) -> (artifact id: '74cab187d2f20f04b37eff5795453062') in 0.0422159 seconds
Number of updated asset objects reloaded before import = 0Number of asset objects unloaded after import = 253

========================================================================
Received Import Request.
  Time since last request: 0.000015 seconds.
  path: Assets/XRISamples/Setup/Prefabs
  artifactKey: Guid(a3b9da544eee3234fb97180ebadb52cb) Importer(2089858483,b0f066a214c2f5e87bad3c948f4d605d)
Start importing Assets/XRISamples/Setup/Prefabs using Guid(a3b9da544eee3234fb97180ebadb52cb) Importer(2089858483,b0f066a214c2f5e87bad3c948f4d605d) (ScriptedImporter) -> (artifact id: '27f0fe3284446086e11c5f3393a76c4a') in 0.0105391 seconds
Number of updated asset objects reloaded before import = 0Number of asset objects unloaded after import = 1

========================================================================
Received Import Request.
  Time since last request: 0.000018 seconds.
  path: Assets/XRISamples/ActivateInteractables/Prefabs/Lighter.prefab
  artifactKey: Guid(e5f583eb414b93849a117c40250890ca) Importer(2089858483,b0f066a214c2f5e87bad3c948f4d605d)
Start importing Assets/XRISamples/ActivateInteractables/Prefabs/Lighter.prefab using Guid(e5f583eb414b93849a117c40250890ca) Importer(2089858483,b0f066a214c2f5e87bad3c948f4d605d) (ScriptedImporter) -> (artifact id: '137330f7714bd8d5656c1928adf07553') in 0.0267448 seconds
Number of updated asset objects reloaded before import = 0Number of asset objects unloaded after import = 60

========================================================================
Received Import Request.
  Time since last request: 0.000024 seconds.
  path: Assets/XRISamples/Global/Textures/Teleport_Highlight.png
  artifactKey: Guid(e33ab2b5f1dc9e34981a87b5e6196682) Importer(2089858483,b0f066a214c2f5e87bad3c948f4d605d)
Start importing Assets/XRISamples/Global/Textures/Teleport_Highlight.png using Guid(e33ab2b5f1dc9e34981a87b5e6196682) Importer(2089858483,b0f066a214c2f5e87bad3c948f4d605d) (ScriptedImporter) -> (artifact id: '58907978b8eb80d3b3e0cc0721801457') in 0.011183 seconds
Number of updated asset objects reloaded before import = 0Number of asset objects unloaded after import = 1

========================================================================
Received Import Request.
  Time since last request: 0.000016 seconds.
  path: Assets/XRISamples/Props/Materials/WaterSprinkles_Drops.mat
  artifactKey: Guid(61dae1cd54b2c3d4eacb50ea7e720da0) Importer(2089858483,b0f066a214c2f5e87bad3c948f4d605d)
Start importing Assets/XRISamples/Props/Materials/WaterSprinkles_Drops.mat using Guid(61dae1cd54b2c3d4eacb50ea7e720da0) Importer(2089858483,b0f066a214c2f5e87bad3c948f4d605d) (ScriptedImporter) -> (artifact id: '0829c3fba430860f21978c21bd419eb2') in 0.0129549 seconds
Number of updated asset objects reloaded before import = 0Number of asset objects unloaded after import = 4

========================================================================
Received Import Request.
  Time since last request: 0.000019 seconds.
  path: Assets/XRISamples/SocketInteractors/Models/Battery.fbx
  artifactKey: Guid(b26a19852ffbba24cbd3eaac1dc7ca8f) Importer(2089858483,b0f066a214c2f5e87bad3c948f4d605d)
Start importing Assets/XRISamples/SocketInteractors/Models/Battery.fbx using Guid(b26a19852ffbba24cbd3eaac1dc7ca8f) Importer(2089858483,b0f066a214c2f5e87bad3c948f4d605d) (ScriptedImporter) -> (artifact id: '10f2235ac3b81c5a3bf5bcbdae29900a') in 0.0133486 seconds
Number of updated asset objects reloaded before import = 0Number of asset objects unloaded after import = 10

========================================================================
Received Import Request.
  Time since last request: 0.000018 seconds.
  path: Assets/XRISamples/Props/Materials/Candle_Small_Angular_Wax.mat
  artifactKey: Guid(8deb39ecda61f6b4fa6784c7ac7df3eb) Importer(2089858483,b0f066a214c2f5e87bad3c948f4d605d)
Start importing Assets/XRISamples/Props/Materials/Candle_Small_Angular_Wax.mat using Guid(8deb39ecda61f6b4fa6784c7ac7df3eb) Importer(2089858483,b0f066a214c2f5e87bad3c948f4d605d) (ScriptedImporter) -> (artifact id: '9194220b1f01cd071e2593f5c5a92c8b') in 0.0130074 seconds
Number of updated asset objects reloaded before import = 0Number of asset objects unloaded after import = 2

========================================================================
Received Import Request.
  Time since last request: 0.000020 seconds.
  path: Assets/XRISamples/UI_2D/Sprites/Icons
  artifactKey: Guid(aac47fac966662647acfa1cdf7586431) Importer(2089858483,b0f066a214c2f5e87bad3c948f4d605d)
Start importing Assets/XRISamples/UI_2D/Sprites/Icons using Guid(aac47fac966662647acfa1cdf7586431) Importer(2089858483,b0f066a214c2f5e87bad3c948f4d605d) (ScriptedImporter) -> (artifact id: 'ac281cea28a86f169c53c1b5831166cc') in 0.0105012 seconds
Number of updated asset objects reloaded before import = 0Number of asset objects unloaded after import = 1

========================================================================
Received Import Request.
  Time since last request: 0.000018 seconds.
  path: Assets/XRISamples/ActivateInteractables/Scripts/LaunchProjectile.cs
  artifactKey: Guid(623c5848030e9674893bb3bb376834b8) Importer(2089858483,b0f066a214c2f5e87bad3c948f4d605d)
Start importing Assets/XRISamples/ActivateInteractables/Scripts/LaunchProjectile.cs using Guid(623c5848030e9674893bb3bb376834b8) Importer(2089858483,b0f066a214c2f5e87bad3c948f4d605d) (ScriptedImporter) -> (artifact id: '89a70eb47f294c3f478fb39aa4b6751d') in 0.0094355 seconds
Number of updated asset objects reloaded before import = 0Number of asset objects unloaded after import = 0

========================================================================
Received Import Request.
  Time since last request: 0.000024 seconds.
  path: Assets/XRISamples/UI_3D/Models/Wheel.fbx
  artifactKey: Guid(a11f302f22bbcb1428d33568733c6dfb) Importer(2089858483,b0f066a214c2f5e87bad3c948f4d605d)
Start importing Assets/XRISamples/UI_3D/Models/Wheel.fbx using Guid(a11f302f22bbcb1428d33568733c6dfb) Importer(2089858483,b0f066a214c2f5e87bad3c948f4d605d) (ScriptedImporter) -> (artifact id: '0efe5411d296f9cc295d9e2f379efbb7') in 0.0151456 seconds
Number of updated asset objects reloaded before import = 0Number of asset objects unloaded after import = 13

========================================================================
Received Import Request.
  Time since last request: 0.000017 seconds.
  path: Assets/XRISamples/UI_3D/Prefabs/GripButton.prefab
  artifactKey: Guid(f82abdd31bfe9b749b21edfda28e5130) Importer(2089858483,b0f066a214c2f5e87bad3c948f4d605d)
Start importing Assets/XRISamples/UI_3D/Prefabs/GripButton.prefab using Guid(f82abdd31bfe9b749b21edfda28e5130) Importer(2089858483,b0f066a214c2f5e87bad3c948f4d605d) (ScriptedImporter) -> (artifact id: 'a088fd2b6a05d52fe399ae6c3bc1cb0f') in 0.012304 seconds
Number of updated asset objects reloaded before import = 0Number of asset objects unloaded after import = 25

========================================================================
Received Import Request.
  Time since last request: 0.000019 seconds.
  path: Assets/XRISamples/VRWalkthrough/Materials/BezierLink.mat
  artifactKey: Guid(1d51280265623074b8edcf74794b731f) Importer(2089858483,b0f066a214c2f5e87bad3c948f4d605d)
Start importing Assets/XRISamples/VRWalkthrough/Materials/BezierLink.mat using Guid(1d51280265623074b8edcf74794b731f) Importer(2089858483,b0f066a214c2f5e87bad3c948f4d605d) (ScriptedImporter) -> (artifact id: '1326aff8b47aba0854510d4e72327700') in 0.0119097 seconds
Number of updated asset objects reloaded before import = 0Number of asset objects unloaded after import = 1

========================================================================
Received Import Request.
  Time since last request: 0.000015 seconds.
  path: Assets/XRISamples/Props/Textures/PiggyBank_MS.png
  artifactKey: Guid(39f7c34d8740a6242b8f5f357ef147a6) Importer(2089858483,b0f066a214c2f5e87bad3c948f4d605d)
Start importing Assets/XRISamples/Props/Textures/PiggyBank_MS.png using Guid(39f7c34d8740a6242b8f5f357ef147a6) Importer(2089858483,b0f066a214c2f5e87bad3c948f4d605d) (ScriptedImporter) -> (artifact id: 'db0f9b83ce669f9ea20992f28b7ae855') in 0.0148663 seconds
Number of updated asset objects reloaded before import = 0Number of asset objects unloaded after import = 1

========================================================================
Received Import Request.
  Time since last request: 0.000015 seconds.
  path: Assets/XRISamples/Props/Animation/CandleFlame_PointLight.anim
  artifactKey: Guid(20b141fc632ee8a4e84f25d077aa67e3) Importer(2089858483,b0f066a214c2f5e87bad3c948f4d605d)
Start importing Assets/XRISamples/Props/Animation/CandleFlame_PointLight.anim using Guid(20b141fc632ee8a4e84f25d077aa67e3) Importer(2089858483,b0f066a214c2f5e87bad3c948f4d605d) (ScriptedImporter) -> (artifact id: '2d6b1489447d4eb70146c8baa9051864') in 0.0298943 seconds
Number of updated asset objects reloaded before import = 0Number of asset objects unloaded after import = 1

========================================================================
Received Import Request.
  Time since last request: 0.000021 seconds.
  path: Assets/XRISamples/SocketInteractors/Materials/Peg_White.mat
  artifactKey: Guid(81fb32909b9811241bfb5aab0aff7ee8) Importer(2089858483,b0f066a214c2f5e87bad3c948f4d605d)
Start importing Assets/XRISamples/SocketInteractors/Materials/Peg_White.mat using Guid(81fb32909b9811241bfb5aab0aff7ee8) Importer(2089858483,b0f066a214c2f5e87bad3c948f4d605d) (ScriptedImporter) -> (artifact id: '5d0f116551c6caaf6263d5d777fefc3c') in 0.0117753 seconds
Number of updated asset objects reloaded before import = 0Number of asset objects unloaded after import = 1

========================================================================
Received Import Request.
  Time since last request: 0.000026 seconds.
  path: Assets/XRISamples/Physics/Prefabs
  artifactKey: Guid(526c73052090c5948ad1d6b2a147486b) Importer(2089858483,b0f066a214c2f5e87bad3c948f4d605d)
Start importing Assets/XRISamples/Physics/Prefabs using Guid(526c73052090c5948ad1d6b2a147486b) Importer(2089858483,b0f066a214c2f5e87bad3c948f4d605d) (ScriptedImporter) -> (artifact id: 'c72caf5134ce936fa6a42874814da41f') in 0.0116065 seconds
Number of updated asset objects reloaded before import = 0Number of asset objects unloaded after import = 1

========================================================================
Received Import Request.
  Time since last request: 0.000013 seconds.
  path: Assets/XRISamples/Environment
  artifactKey: Guid(035c8f7d45fb41144b50dc811dd4f52d) Importer(2089858483,b0f066a214c2f5e87bad3c948f4d605d)
Start importing Assets/XRISamples/Environment using Guid(035c8f7d45fb41144b50dc811dd4f52d) Importer(2089858483,b0f066a214c2f5e87bad3c948f4d605d) (ScriptedImporter) -> (artifact id: 'cc762017288e8ca6b2ee8dc81a572d9c') in 0.0540347 seconds
Number of updated asset objects reloaded before import = 0Number of asset objects unloaded after import = 1

========================================================================
Received Import Request.
  Time since last request: 0.000016 seconds.
  path: Assets/XRISamples/Scenes/XRI_Examples_Main/Lightmap-20_comp_dir.png
  artifactKey: Guid(1d24c7056f025374cb87f80d87aebe6b) Importer(2089858483,b0f066a214c2f5e87bad3c948f4d605d)
Start importing Assets/XRISamples/Scenes/XRI_Examples_Main/Lightmap-20_comp_dir.png using Guid(1d24c7056f025374cb87f80d87aebe6b) Importer(2089858483,b0f066a214c2f5e87bad3c948f4d605d) (ScriptedImporter) -> (artifact id: '96e3e827f55f6c0df8ebf7ac9fc47d04') in 0.0124378 seconds
Number of updated asset objects reloaded before import = 0Number of asset objects unloaded after import = 1

========================================================================
Received Import Request.
  Time since last request: 0.000016 seconds.
  path: Assets/XRISamples/HoverHighlight/Materials
  artifactKey: Guid(17b102bef8fc53a469be76eccb326785) Importer(2089858483,b0f066a214c2f5e87bad3c948f4d605d)
Start importing Assets/XRISamples/HoverHighlight/Materials using Guid(17b102bef8fc53a469be76eccb326785) Importer(2089858483,b0f066a214c2f5e87bad3c948f4d605d) (ScriptedImporter) -> (artifact id: '23e891a380657f4b29a82c1ddac7c5cd') in 0.0084326 seconds
Number of updated asset objects reloaded before import = 0Number of asset objects unloaded after import = 1

========================================================================
Received Import Request.
  Time since last request: 0.000020 seconds.
  path: Assets/XRISamples/UI_3D/Scripts/XRJoystick.cs
  artifactKey: Guid(754d27665ba38d44b9c1633441bdd691) Importer(2089858483,b0f066a214c2f5e87bad3c948f4d605d)
Start importing Assets/XRISamples/UI_3D/Scripts/XRJoystick.cs using Guid(754d27665ba38d44b9c1633441bdd691) Importer(2089858483,b0f066a214c2f5e87bad3c948f4d605d) (ScriptedImporter) -> (artifact id: '75d6c5d7ef5134728a6f2e34bdb2c4bf') in 0.0107046 seconds
Number of updated asset objects reloaded before import = 0Number of asset objects unloaded after import = 0

========================================================================
Received Import Request.
  Time since last request: 0.000025 seconds.
  path: Assets/XRISamples/Environment/Textures/Waterfall_N.png
  artifactKey: Guid(d724e6d7d30fcd54999e19d950e3bec8) Importer(2089858483,b0f066a214c2f5e87bad3c948f4d605d)
Start importing Assets/XRISamples/Environment/Textures/Waterfall_N.png using Guid(d724e6d7d30fcd54999e19d950e3bec8) Importer(2089858483,b0f066a214c2f5e87bad3c948f4d605d) (ScriptedImporter) -> (artifact id: '717706e7cfdb26649fe7e4a2a019d297') in 0.0125773 seconds
Number of updated asset objects reloaded before import = 0Number of asset objects unloaded after import = 1

========================================================================
Received Import Request.
  Time since last request: 0.000023 seconds.
  path: Assets/XRISamples/Environment/Materials/Light_White.mat
  artifactKey: Guid(a15eb7313f6484343bbdbb958c0acf49) Importer(2089858483,b0f066a214c2f5e87bad3c948f4d605d)
Start importing Assets/XRISamples/Environment/Materials/Light_White.mat using Guid(a15eb7313f6484343bbdbb958c0acf49) Importer(2089858483,b0f066a214c2f5e87bad3c948f4d605d) (ScriptedImporter) -> (artifact id: 'db46a816f88def4ed87a9819cad57ecf') in 0.0115785 seconds
Number of updated asset objects reloaded before import = 0Number of asset objects unloaded after import = 1

========================================================================
Received Import Request.
  Time since last request: 0.000016 seconds.
  path: Assets/XRISamples/Props/Materials/Plant_Green_02.mat
  artifactKey: Guid(f2afe2812659ba345acc385cfdc80b81) Importer(2089858483,b0f066a214c2f5e87bad3c948f4d605d)
Start importing Assets/XRISamples/Props/Materials/Plant_Green_02.mat using Guid(f2afe2812659ba345acc385cfdc80b81) Importer(2089858483,b0f066a214c2f5e87bad3c948f4d605d) (ScriptedImporter) -> (artifact id: '090e23cb7f682cbdf7b45eac5cec4dae') in 0.0113171 seconds
Number of updated asset objects reloaded before import = 0Number of asset objects unloaded after import = 1

========================================================================
Received Import Request.
  Time since last request: 0.000019 seconds.
  path: Assets/XRISamples/Environment/Materials/Metal.mat
  artifactKey: Guid(8be3de33f88ee6040af0c635c8da0abe) Importer(2089858483,b0f066a214c2f5e87bad3c948f4d605d)
Start importing Assets/XRISamples/Environment/Materials/Metal.mat using Guid(8be3de33f88ee6040af0c635c8da0abe) Importer(2089858483,b0f066a214c2f5e87bad3c948f4d605d) (ScriptedImporter) -> (artifact id: '1b566df952917b2937adff3215873bf4') in 0.0108508 seconds
Number of updated asset objects reloaded before import = 0Number of asset objects unloaded after import = 1

========================================================================
Received Import Request.
  Time since last request: 0.000017 seconds.
  path: Assets/XRISamples/UI_2D/Fonts/Inter
  artifactKey: Guid(8afa94a637c366d4b91d3b043d12ca10) Importer(2089858483,b0f066a214c2f5e87bad3c948f4d605d)
Start importing Assets/XRISamples/UI_2D/Fonts/Inter using Guid(8afa94a637c366d4b91d3b043d12ca10) Importer(2089858483,b0f066a214c2f5e87bad3c948f4d605d) (ScriptedImporter) -> (artifact id: 'abaea65e0bb99aff5e991425b5c0281f') in 0.0087364 seconds
Number of updated asset objects reloaded before import = 0Number of asset objects unloaded after import = 1

========================================================================
Received Import Request.
  Time since last request: 0.000018 seconds.
  path: Assets/XRISamples/Environment/Materials/Stucco.mat
  artifactKey: Guid(484cff06ebc737c4d91da37e869ede17) Importer(2089858483,b0f066a214c2f5e87bad3c948f4d605d)
Start importing Assets/XRISamples/Environment/Materials/Stucco.mat using Guid(484cff06ebc737c4d91da37e869ede17) Importer(2089858483,b0f066a214c2f5e87bad3c948f4d605d) (ScriptedImporter) -> (artifact id: '0ade7a9118152aabcb8528da9a04e155') in 0.0229492 seconds
Number of updated asset objects reloaded before import = 0Number of asset objects unloaded after import = 4

========================================================================
Received Import Request.
  Time since last request: 0.000025 seconds.
  path: Assets/XRISamples/Global/Scripts/Analytics/Events
  artifactKey: Guid(394a48890cf77134fa1b45d12f6fc5b1) Importer(2089858483,b0f066a214c2f5e87bad3c948f4d605d)
Start importing Assets/XRISamples/Global/Scripts/Analytics/Events using Guid(394a48890cf77134fa1b45d12f6fc5b1) Importer(2089858483,b0f066a214c2f5e87bad3c948f4d605d) (ScriptedImporter) -> (artifact id: '949007a4b120d07e6ba2e5d2334b73b2') in 0.0101451 seconds
Number of updated asset objects reloaded before import = 0Number of asset objects unloaded after import = 1

========================================================================
Received Import Request.
  Time since last request: 0.000013 seconds.
  path: Assets/XRISamples/SocketInteractors/Materials/Machine_Grey.mat
  artifactKey: Guid(a736c70acd93f0b419b8a24bb0b658e8) Importer(2089858483,b0f066a214c2f5e87bad3c948f4d605d)
Start importing Assets/XRISamples/SocketInteractors/Materials/Machine_Grey.mat using Guid(a736c70acd93f0b419b8a24bb0b658e8) Importer(2089858483,b0f066a214c2f5e87bad3c948f4d605d) (ScriptedImporter) -> (artifact id: '7643e7377f725df564a180e5bba83a54') in 0.0107347 seconds
Number of updated asset objects reloaded before import = 0Number of asset objects unloaded after import = 1

========================================================================
Received Import Request.
  Time since last request: 0.000014 seconds.
  path: Assets/XRISamples/UI_3D/Models/ClawMachine/SheepPrize.fbx
  artifactKey: Guid(d6b7ca764414d004f9dc66709111e878) Importer(2089858483,b0f066a214c2f5e87bad3c948f4d605d)
Start importing Assets/XRISamples/UI_3D/Models/ClawMachine/SheepPrize.fbx using Guid(d6b7ca764414d004f9dc66709111e878) Importer(2089858483,b0f066a214c2f5e87bad3c948f4d605d) (ScriptedImporter) -> (artifact id: 'a8cc32dd37e9132013c10f831717d61f') in 0.0148313 seconds
Number of updated asset objects reloaded before import = 0Number of asset objects unloaded after import = 8

========================================================================
Received Import Request.
  Time since last request: 0.000015 seconds.
  path: Assets/XRISamples/VRWalkthrough/Prefabs/WaypointLink.prefab
  artifactKey: Guid(69c03c22cdfecf248a817d38c7023d9a) Importer(2089858483,b0f066a214c2f5e87bad3c948f4d605d)
Start importing Assets/XRISamples/VRWalkthrough/Prefabs/WaypointLink.prefab using Guid(69c03c22cdfecf248a817d38c7023d9a) Importer(2089858483,b0f066a214c2f5e87bad3c948f4d605d) (ScriptedImporter) -> (artifact id: '11b7276a3afbb65b036b8fcea990d336') in 0.0101708 seconds
Number of updated asset objects reloaded before import = 0Number of asset objects unloaded after import = 16

========================================================================
Received Import Request.
  Time since last request: 0.000015 seconds.
  path: Assets/XRISamples/Scenes/XRI_Examples_Main/Lightmap-14_comp_light.exr
  artifactKey: Guid(8d9b8893b14c1b549b924aeae83e606c) Importer(2089858483,b0f066a214c2f5e87bad3c948f4d605d)
Start importing Assets/XRISamples/Scenes/XRI_Examples_Main/Lightmap-14_comp_light.exr using Guid(8d9b8893b14c1b549b924aeae83e606c) Importer(2089858483,b0f066a214c2f5e87bad3c948f4d605d) (ScriptedImporter) -> (artifact id: '17854d210f0030df121e143e43aedcf7') in 0.0124795 seconds
Number of updated asset objects reloaded before import = 0Number of asset objects unloaded after import = 1

========================================================================
Received Import Request.
  Time since last request: 0.000017 seconds.
  path: Assets/XRISamples/UI_3D/Models/Dial.fbx
  artifactKey: Guid(7df1e18cc7ed2b04088dc94ee9fd931e) Importer(2089858483,b0f066a214c2f5e87bad3c948f4d605d)
Start importing Assets/XRISamples/UI_3D/Models/Dial.fbx using Guid(7df1e18cc7ed2b04088dc94ee9fd931e) Importer(2089858483,b0f066a214c2f5e87bad3c948f4d605d) (ScriptedImporter) -> (artifact id: '06096691f61f776991cf9e6fd73d0cbf') in 0.0128877 seconds
Number of updated asset objects reloaded before import = 0Number of asset objects unloaded after import = 16

========================================================================
Received Import Request.
  Time since last request: 0.000026 seconds.
  path: Assets/XRISamples/Global/Audio/HoverSound.wav
  artifactKey: Guid(e5e88e22a2e4bc946bcecb9cb1737035) Importer(2089858483,b0f066a214c2f5e87bad3c948f4d605d)
Start importing Assets/XRISamples/Global/Audio/HoverSound.wav using Guid(e5e88e22a2e4bc946bcecb9cb1737035) Importer(2089858483,b0f066a214c2f5e87bad3c948f4d605d) (ScriptedImporter) -> (artifact id: 'a9ebb454e88b0ac51dff31312dc532f8') in 0.0331923 seconds
Number of updated asset objects reloaded before import = 0Number of asset objects unloaded after import = 1

========================================================================
Received Import Request.
  Time since last request: 0.000014 seconds.
  path: Assets/XRISamples/Scenes/XRI_Examples_Main.unity
  artifactKey: Guid(ba755f5a181505a4799b21685d4c7576) Importer(2089858483,b0f066a214c2f5e87bad3c948f4d605d)
Start importing Assets/XRISamples/Scenes/XRI_Examples_Main.unity using Guid(ba755f5a181505a4799b21685d4c7576) Importer(2089858483,b0f066a214c2f5e87bad3c948f4d605d) (ScriptedImporter) -> (artifact id: '3aaf971225cc9418aa016f43d682f326') in 0.0255091 seconds
Number of updated asset objects reloaded before import = 0Number of asset objects unloaded after import = 1

========================================================================
Received Import Request.
  Time since last request: 0.000024 seconds.
  path: Assets/XRISamples/Props/Materials/Candle_Small_Round_Gray.mat
  artifactKey: Guid(c9b60ee12bcc9994fbbda85f64ea938c) Importer(2089858483,b0f066a214c2f5e87bad3c948f4d605d)
Start importing Assets/XRISamples/Props/Materials/Candle_Small_Round_Gray.mat using Guid(c9b60ee12bcc9994fbbda85f64ea938c) Importer(2089858483,b0f066a214c2f5e87bad3c948f4d605d) (ScriptedImporter) -> (artifact id: '495d7bf24063d29f08889aa8636c7937') in 0.0112775 seconds
Number of updated asset objects reloaded before import = 0Number of asset objects unloaded after import = 2

========================================================================
Received Import Request.
  Time since last request: 0.000015 seconds.
  path: Assets/XRISamples/UI_2D/Prefabs/Legibility
  artifactKey: Guid(61016ac91c4287c4e9f9b5baa31fdc9b) Importer(2089858483,b0f066a214c2f5e87bad3c948f4d605d)
Start importing Assets/XRISamples/UI_2D/Prefabs/Legibility using Guid(61016ac91c4287c4e9f9b5baa31fdc9b) Importer(2089858483,b0f066a214c2f5e87bad3c948f4d605d) (ScriptedImporter) -> (artifact id: '612188d47e1e30060f10d0acc0d005c8') in 0.0098984 seconds
Number of updated asset objects reloaded before import = 0Number of asset objects unloaded after import = 1

========================================================================
Received Import Request.
  Time since last request: 0.000017 seconds.
  path: Assets/XRISamples/Physics/Models/DoorKey.fbx
  artifactKey: Guid(e966bff0ad273cd4393f6f88b68e3ea1) Importer(2089858483,b0f066a214c2f5e87bad3c948f4d605d)
Start importing Assets/XRISamples/Physics/Models/DoorKey.fbx using Guid(e966bff0ad273cd4393f6f88b68e3ea1) Importer(2089858483,b0f066a214c2f5e87bad3c948f4d605d) (ScriptedImporter) -> (artifact id: 'a69deec2c941d3d868f8dd7737c4021a') in 0.0126622 seconds
Number of updated asset objects reloaded before import = 0Number of asset objects unloaded after import = 8

========================================================================
Received Import Request.
  Time since last request: 0.000031 seconds.
  path: Assets/XRISamples/Props/Materials/GlowingOrange.mat
  artifactKey: Guid(ee82f60f75c1c924087cbde1d7784440) Importer(2089858483,b0f066a214c2f5e87bad3c948f4d605d)
Start importing Assets/XRISamples/Props/Materials/GlowingOrange.mat using Guid(ee82f60f75c1c924087cbde1d7784440) Importer(2089858483,b0f066a214c2f5e87bad3c948f4d605d) (ScriptedImporter) -> (artifact id: '358f1f00f47359f7e758aa29885fdef7') in 0.0096788 seconds
Number of updated asset objects reloaded before import = 0Number of asset objects unloaded after import = 1

========================================================================
Received Import Request.
  Time since last request: 8.315557 seconds.
  path: Assets/XRISamples/Physics/Models/Door_Flip.fbx
  artifactKey: Guid(5079b45197d4f31468ef1ef2f528fb1c) Importer(815301076,1909f56bfc062723c751e8b465ee728b)
Start importing Assets/XRISamples/Physics/Models/Door_Flip.fbx using Guid(5079b45197d4f31468ef1ef2f528fb1c) Importer(815301076,1909f56bfc062723c751e8b465ee728b) (PreviewImporter) -> (artifact id: 'a88e4deff2bb18aa7b088e19f5c93ea2') in 0.3790338 seconds
Number of updated asset objects reloaded before import = 0Number of asset objects unloaded after import = 21

========================================================================
Received Import Request.
  Time since last request: 26.773331 seconds.
  path: Assets/XRISamples/Physics/Prefabs/Door_Flip.prefab
  artifactKey: Guid(ef8968d3811b4f9448c64ac756317715) Importer(815301076,1909f56bfc062723c751e8b465ee728b)
Start importing Assets/XRISamples/Physics/Prefabs/Door_Flip.prefab using Guid(ef8968d3811b4f9448c64ac756317715) Importer(815301076,1909f56bfc062723c751e8b465ee728b) (PreviewImporter) -> (artifact id: '12873a1e7dc5efb62a5126d4dea36b38') in 0.0156639 seconds
Number of updated asset objects reloaded before import = 0Number of asset objects unloaded after import = 38

========================================================================
Received Prepare
WARNING: Shader Unsupported: 'Simulation/Standard Lit' - All subshaders removed
WARNING: Shader Did you use #pragma only_renderers and omit this platform?
WARNING: Shader If subshaders removal was intentional, you may have forgotten turning Fallback off?
WARNING: Shader Unsupported: 'Simulation/Standard Lit' - All subshaders removed
WARNING: Shader Did you use #pragma only_renderers and omit this platform?
WARNING: Shader If subshaders removal was intentional, you may have forgotten turning Fallback off?
WARNING: Shader Unsupported: 'Simulation/URP/Room X-Ray' - All subshaders removed
WARNING: Shader Did you use #pragma only_renderers and omit this platform?
WARNING: Shader If subshaders removal was intentional, you may have forgotten turning Fallback off?
WARNING: Shader Unsupported: 'Simulation/URP/Room X-Ray' - All subshaders removed
WARNING: Shader Did you use #pragma only_renderers and omit this platform?
WARNING: Shader If subshaders removal was intentional, you may have forgotten turning Fallback off?
WARNING: Shader Unsupported: 'Simulation/URP/Lit' - All subshaders removed
WARNING: Shader Did you use #pragma only_renderers and omit this platform?
WARNING: Shader If subshaders removal was intentional, you may have forgotten turning Fallback off?
WARNING: Shader Unsupported: 'Simulation/URP/Lit' - All subshaders removed
WARNING: Shader Did you use #pragma only_renderers and omit this platform?
WARNING: Shader If subshaders removal was intentional, you may have forgotten turning Fallback off?
WARNING: Shader Unsupported: 'Hidden/Simulation/URP/Synthetic' - All subshaders removed
WARNING: Shader Did you use #pragma only_renderers and omit this platform?
WARNING: Shader If subshaders removal was intentional, you may have forgotten turning Fallback off?
WARNING: Shader Unsupported: 'Hidden/Simulation/URP/Synthetic' - All subshaders removed
WARNING: Shader Did you use #pragma only_renderers and omit this platform?
WARNING: Shader If subshaders removal was intentional, you may have forgotten turning Fallback off?
WARNING: Shader Unsupported: 'Hidden/Simulation/Synthetic Lit' - All subshaders removed
WARNING: Shader Did you use #pragma only_renderers and omit this platform?
WARNING: Shader If subshaders removal was intentional, you may have forgotten turning Fallback off?
WARNING: Shader Unsupported: 'Hidden/Simulation/Synthetic Lit' - All subshaders removed
WARNING: Shader Did you use #pragma only_renderers and omit this platform?
WARNING: Shader If subshaders removal was intentional, you may have forgotten turning Fallback off?
WARNING: Shader Unsupported: 'Simulation/Room X-Ray' - All subshaders removed
WARNING: Shader Did you use #pragma only_renderers and omit this platform?
WARNING: Shader If subshaders removal was intentional, you may have forgotten turning Fallback off?
WARNING: Shader Unsupported: 'Simulation/Room X-Ray' - All subshaders removed
WARNING: Shader Did you use #pragma only_renderers and omit this platform?
WARNING: Shader If subshaders removal was intentional, you may have forgotten turning Fallback off?
Refreshing native plugins compatible for Editor in 8.78 ms, found 8 plugins.
Preloading 0 native plugins for Editor in 0.00 ms.
Unloading 34 Unused Serialized files (Serialized files now loaded: 0)
Unloading 6342 unused Assets / (10.5 MB). Loaded Objects now: 7345.
Memory consumption went from 172.3 MB to 161.7 MB.
Total: 17.647900 ms (FindLiveObjects: 0.855700 ms CreateObjectMapping: 0.373400 ms MarkObjects: 9.839100 ms  DeleteObjects: 6.576900 ms)

Prepare: number of updated asset objects reloaded= 3
========================================================================
Received Prepare
Begin MonoManager ReloadAssembly
[Licensing::Client] Successfully resolved entitlement details
ADTM: Control thread waiting for realtime thread timed out, have to lock...
- Loaded All Assemblies, in  1.741 seconds
Refreshing native plugins compatible for Editor in 9.19 ms, found 8 plugins.
Native extension for Android target not found
Native extension for WindowsStandalone target not found
[Package Manager] Failed to launch server process. Reason: Unity was launched with the -noUpm command-line argument
[Package Manager] Unable to send message (not connected to server process).
[Package Manager] Cannot connect to Unity Package Manager local server
ScheduleIndexationOnStartup MainProcess:False IndexOnStartup:True
Mono: successfully reloaded assembly
[Package Manager] Failed to launch server process. Reason: Unity was launched with the -noUpm command-line argument
[Package Manager] Unable to send message (not connected to server process).
[Package Manager] Cannot connect to Unity Package Manager local server
- Finished resetting the current domain, in  0.813 seconds
Domain Reload Profiling: 2556ms
	BeginReloadAssembly (1246ms)
		ExecutionOrderSort (0ms)
		DisableScriptedObjects (17ms)
		BackupInstance (0ms)
		ReleaseScriptingObjects (0ms)
		CreateAndSetChildDomain (1061ms)
	RebuildCommonClasses (34ms)
	RebuildNativeTypeToScriptingClass (12ms)
	initialDomainReloadingComplete (25ms)
	LoadAllAssembliesAndSetupDomain (425ms)
		LoadAssemblies (335ms)
		RebuildTransferFunctionScriptingTraits (0ms)
		AnalyzeDomain (190ms)
			TypeCache.Refresh (8ms)
				TypeCache.ScanAssembly (0ms)
			BuildScriptInfoCaches (166ms)
			ResolveRequiredComponents (11ms)
	FinalizeReload (814ms)
		ReleaseScriptCaches (0ms)
		RebuildScriptCaches (0ms)
		SetupLoadedEditorAssemblies (612ms)
			LogAssemblyErrors (0ms)
			InitializePlatformSupportModulesInManaged (10ms)
			SetLoadedEditorAssemblies (5ms)
			BeforeProcessingInitializeOnLoad (171ms)
			ProcessInitializeOnLoadAttributes (299ms)
			ProcessInitializeOnLoadMethodAttributes (122ms)
			AfterProcessingInitializeOnLoad (4ms)
			EditorAssembliesLoaded (0ms)
		ExecutionOrderSort2 (0ms)
		AwakeInstancesAfterBackupRestoration (14ms)
WARNING: Shader Unsupported: 'Simulation/Standard Lit' - All subshaders removed
WARNING: Shader Did you use #pragma only_renderers and omit this platform?
WARNING: Shader If subshaders removal was intentional, you may have forgotten turning Fallback off?
WARNING: Shader Unsupported: 'Simulation/Standard Lit' - All subshaders removed
WARNING: Shader Did you use #pragma only_renderers and omit this platform?
WARNING: Shader If subshaders removal was intentional, you may have forgotten turning Fallback off?
WARNING: Shader Unsupported: 'Simulation/URP/Room X-Ray' - All subshaders removed
WARNING: Shader Did you use #pragma only_renderers and omit this platform?
WARNING: Shader If subshaders removal was intentional, you may have forgotten turning Fallback off?
WARNING: Shader Unsupported: 'Simulation/URP/Room X-Ray' - All subshaders removed
WARNING: Shader Did you use #pragma only_renderers and omit this platform?
WARNING: Shader If subshaders removal was intentional, you may have forgotten turning Fallback off?
WARNING: Shader Unsupported: 'Simulation/URP/Lit' - All subshaders removed
WARNING: Shader Did you use #pragma only_renderers and omit this platform?
WARNING: Shader If subshaders removal was intentional, you may have forgotten turning Fallback off?
WARNING: Shader Unsupported: 'Simulation/URP/Lit' - All subshaders removed
WARNING: Shader Did you use #pragma only_renderers and omit this platform?
WARNING: Shader If subshaders removal was intentional, you may have forgotten turning Fallback off?
WARNING: Shader Unsupported: 'Hidden/Simulation/URP/Synthetic' - All subshaders removed
WARNING: Shader Did you use #pragma only_renderers and omit this platform?
WARNING: Shader If subshaders removal was intentional, you may have forgotten turning Fallback off?
WARNING: Shader Unsupported: 'Hidden/Simulation/URP/Synthetic' - All subshaders removed
WARNING: Shader Did you use #pragma only_renderers and omit this platform?
WARNING: Shader If subshaders removal was intentional, you may have forgotten turning Fallback off?
WARNING: Shader Unsupported: 'Hidden/Simulation/Synthetic Lit' - All subshaders removed
WARNING: Shader Did you use #pragma only_renderers and omit this platform?
WARNING: Shader If subshaders removal was intentional, you may have forgotten turning Fallback off?
WARNING: Shader Unsupported: 'Hidden/Simulation/Synthetic Lit' - All subshaders removed
WARNING: Shader Did you use #pragma only_renderers and omit this platform?
WARNING: Shader If subshaders removal was intentional, you may have forgotten turning Fallback off?
WARNING: Shader Unsupported: 'Simulation/Room X-Ray' - All subshaders removed
WARNING: Shader Did you use #pragma only_renderers and omit this platform?
WARNING: Shader If subshaders removal was intentional, you may have forgotten turning Fallback off?
WARNING: Shader Unsupported: 'Simulation/Room X-Ray' - All subshaders removed
WARNING: Shader Did you use #pragma only_renderers and omit this platform?
WARNING: Shader If subshaders removal was intentional, you may have forgotten turning Fallback off?
Refreshing native plugins compatible for Editor in 7.61 ms, found 8 plugins.
Preloading 0 native plugins for Editor in 0.00 ms.
Unloading 34 Unused Serialized files (Serialized files now loaded: 0)
Unloading 6551 unused Assets / (10.8 MB). Loaded Objects now: 7322.
Memory consumption went from 201.5 MB to 190.7 MB.
Total: 13.119400 ms (FindLiveObjects: 0.862900 ms CreateObjectMapping: 0.499700 ms MarkObjects: 5.473200 ms  DeleteObjects: 6.282800 ms)

Prepare: number of updated asset objects reloaded= 0
Editor requested this worker to shutdown with reason: Scaling down because of idle timeout
AssetImportWorker is now disconnected from the server
Process exiting
Exiting without the bug reporter. Application will terminate with return code 0