[Licensing::Module] Trying to connect to existing licensing client channel...
Built from '6000.3/staging' branch; Version is '6000.3.9f1 (7a9955a4f2fa) revision 8034645'; Using compiler version '194234433'; Build Type 'Release'
[Licensing::IpcConnector] Successfully connected to: "LicenseClient-furansupan" at "2026-03-17T02:24:49.5754883Z"
OS: 'Windows 11  (10.0.26200) Core' Language: 'en' Physical Memory: 32693 MB
BatchMode: 1, IsHumanControllingUs: 0, StartBugReporterOnCrash: 0, Is64bit: 1
System  architecture: x64
Process architecture: x64
Date: 2026-03-17T02:24:49Z

COMMAND LINE ARGUMENTS:
D:\Unity\Editor\6000.3.9f1\Editor\Unity.exe
-adb2
-batchMode
-noUpm
-name
AssetImportWorker0
-projectPath
D:/Github Repositories/iat445/iat445
-logFile
Logs/AssetImportWorker0.log
-srvPort
62559
-licensingIpc
LicenseClient-furansupan
-job-worker-count
11
-background-job-worker-count
8
-gc-helper-count
1
-name
AssetImport
Successfully changed project path to: D:/Github Repositories/iat445/iat445
D:/Github Repositories/iat445/iat445
[UnityMemory] Configuration Parameters - Can be set up in boot.config
    "memorysetup-temp-allocator-size-nav-mesh-worker=65536"
    "memorysetup-temp-allocator-size-audio-worker=65536"
    "memorysetup-temp-allocator-size-gfx=262144"
    "memorysetup-allocator-temp-initial-block-size-main=262144"
    "memorysetup-allocator-temp-initial-block-size-worker=262144"
    "memorysetup-temp-allocator-size-background-worker=32768"
    "memorysetup-temp-allocator-size-job-worker=262144"
    "memorysetup-temp-allocator-size-preload-manager=33554432"
    "memorysetup-temp-allocator-size-gi-baking-worker=262144"
    "memorysetup-temp-allocator-size-gi-baking-worker=262144"
    "memorysetup-temp-allocator-size-gi-baking-worker=262144"
    "memorysetup-temp-allocator-size-gi-baking-worker=262144"
    "memorysetup-temp-allocator-size-gi-baking-worker=262144"
    "memorysetup-bucket-allocator-granularity=16"
    "memorysetup-bucket-allocator-bucket-count=8"
    "memorysetup-bucket-allocator-block-size=33554432"
    "memorysetup-bucket-allocator-block-count=8"
    "memorysetup-main-allocator-block-size=16777216"
    "memorysetup-thread-allocator-block-size=16777216"
    "memorysetup-gfx-main-allocator-block-size=16777216"
    "memorysetup-gfx-thread-allocator-block-size=16777216"
    "memorysetup-cache-allocator-block-size=4194304"
    "memorysetup-typetree-allocator-block-size=2097152"
    "memorysetup-profiler-bucket-allocator-granularity=16"
    "memorysetup-profiler-bucket-allocator-bucket-count=8"
    "memorysetup-profiler-bucket-allocator-block-size=33554432"
    "memorysetup-profiler-bucket-allocator-block-count=8"
    "memorysetup-profiler-allocator-block-size=16777216"
    "memorysetup-profiler-editor-allocator-block-size=1048576"
    "memorysetup-temp-allocator-size-main=16777216"
    "memorysetup-job-temp-allocator-block-size=2097152"
    "memorysetup-job-temp-allocator-block-size-background=1048576"
    "memorysetup-job-temp-allocator-reduction-small-platforms=262144"
    "memorysetup-temp-allocator-size-cloud-worker=32768"
Player connection [36552]  Target information:

Player connection [36552]  * "[IP] 192.168.1.73 [Port] 0 [Flags] 2 [Guid] 4153877010 [EditorId] 4153877010 [Version] 1048832 [Id] WindowsEditor(7,DESKTOP-UCS7CI6) [Debug] 1 [PackageName] WindowsEditor [ProjectName] Editor" 

Player connection [36552] Host joined multi-casting on [225.0.0.222:54997]...
Player connection [36552] Host joined alternative multi-casting on [225.0.0.222:34997]...
JobSystem: Creating JobQueue using job-worker-count value 11
Input System module state changed to: Initialized.
[Physics::Module] Initialized fallback backend.
[Physics::Module] Id: 0xdecafbad
Library Redirect Path: Library/
[Physics::Module] Selected backend.
[Physics::Module] Name: PhysX
[Physics::Module] Id: 0xf2b8ea05
[Physics::Module] SDK Version: 4.1.2
[Physics::Module] Integration Version: 1.0.0
[Physics::Module] Threading Mode: Multi-Threaded
Refreshing native plugins compatible for Editor in 12.62 ms, found 8 plugins.
Preloading 0 native plugins for Editor in 0.00 ms.
Initialize engine version: 6000.3.9f1 (7a9955a4f2fa)
[Subsystems] Discovering subsystems at path D:/Unity/Editor/6000.3.9f1/Editor/Data/Resources/UnitySubsystems
[Subsystems] Discovering subsystems at path D:/Github Repositories/iat445/iat445/Assets
GfxDevice: creating device client; kGfxThreadingModeNonThreaded
Direct3D:
    Version:  Direct3D 11.0 [level 11.1]
    Renderer: NVIDIA GeForce RTX 3070 (ID=0x2484)
    Vendor:   NVIDIA
    VRAM:     8018 MB
    Driver:   32.0.15.9186
Initialize mono
Mono path[0] = 'D:/Unity/Editor/6000.3.9f1/Editor/Data/Managed'
Mono path[1] = 'D:/Unity/Editor/6000.3.9f1/Editor/Data/MonoBleedingEdge/lib/mono/unityjit-win32'
Mono config path = 'D:/Unity/Editor/6000.3.9f1/Editor/Data/MonoBleedingEdge/etc'
Using monoOptions --debugger-agent=transport=dt_socket,embedding=1,server=y,suspend=n,address=127.0.0.1:56376
Begin MonoManager ReloadAssembly
Registering precompiled unity dll's ...
Register platform support module: D:/Unity/Editor/6000.3.9f1/Editor/Data/PlaybackEngines/WindowsStandaloneSupport/UnityEditor.WindowsStandalone.Extensions.dll
[Licensing::Module] Licensing is not yet initialized.
[Licensing::Client] Handshaking with LicensingClient:
  Version:                 1.17.4+4293ba1
  Session Id:              1f2e7fcd990d4429bb214c4792c51cc0
  Correlation Id:          07c7df741d03456c1e440d491689c651
  External correlation Id: 7644460366609189072
  Machine Id:              /bDJ+qBQanEKSmET3CKn1ku2+fI=
[Licensing::Module] Successfully connected to LicensingClient on channel: "LicenseClient-furansupan" (connect: 0.00s, validation: 0.00s, handshake: 0.87s)
[Licensing::IpcConnector] Successfully connected to: "LicenseClient-furansupan-notifications" at "2026-03-17T02:24:50.4447024Z"
[Licensing::Module] Licensing Background thread has ended after 0.87s
[Licensing::Module] Licensing is initialized (took 0.17s).
[Licensing::Client] Successfully resolved entitlement details
[Licensing::Module] License group:
  Id: 3574294610923-UnityPersXXXX
  Product: Unity Personal
  Type: Assigned
  Expiration: Unlimited
Register platform support module: D:/Unity/Editor/6000.3.9f1/Editor/Data/PlaybackEngines/AndroidPlayer/UnityEditor.Android.Extensions.dll
Registered in 0.171974 seconds.
- Loaded All Assemblies, in  0.499 seconds
Native extension for Android target not found
Android Extension - Scanning For ADB Devices 2212 ms
Native extension for WindowsStandalone target not found
ScheduleIndexationOnStartup MainProcess:False IndexOnStartup:True
Mono: successfully reloaded assembly
- Finished resetting the current domain, in  2.646 seconds
Domain Reload Profiling: 3144ms
	BeginReloadAssembly (109ms)
		ExecutionOrderSort (0ms)
		DisableScriptedObjects (0ms)
		BackupInstance (0ms)
		ReleaseScriptingObjects (0ms)
		CreateAndSetChildDomain (1ms)
	RebuildCommonClasses (31ms)
	RebuildNativeTypeToScriptingClass (10ms)
	initialDomainReloadingComplete (207ms)
	LoadAllAssembliesAndSetupDomain (141ms)
		LoadAssemblies (108ms)
		RebuildTransferFunctionScriptingTraits (0ms)
		AnalyzeDomain (138ms)
			TypeCache.Refresh (136ms)
				TypeCache.ScanAssembly (123ms)
			BuildScriptInfoCaches (0ms)
			ResolveRequiredComponents (0ms)
	FinalizeReload (2647ms)
		ReleaseScriptCaches (0ms)
		RebuildScriptCaches (0ms)
		SetupLoadedEditorAssemblies (2606ms)
			LogAssemblyErrors (0ms)
			InitializePlatformSupportModulesInManaged (2299ms)
			SetLoadedEditorAssemblies (3ms)
			BeforeProcessingInitializeOnLoad (94ms)
			ProcessInitializeOnLoadAttributes (154ms)
			ProcessInitializeOnLoadMethodAttributes (56ms)
			AfterProcessingInitializeOnLoad (0ms)
			EditorAssembliesLoaded (0ms)
		ExecutionOrderSort2 (0ms)
		AwakeInstancesAfterBackupRestoration (0ms)
========================================================================
Worker process is ready to serve import requests
Import Worker Mode flag is 0x00
Begin MonoManager ReloadAssembly
[Licensing::Client] Successfully resolved entitlement details
- Loaded All Assemblies, in  0.841 seconds
Refreshing native plugins compatible for Editor in 7.34 ms, found 8 plugins.
Native extension for Android target not found
Native extension for WindowsStandalone target not found
Package Manager log level set to [2]
[Package Manager] Failed to launch server process. Reason: Unity was launched with the -noUpm command-line argument
[Package Manager] Unable to send message (not connected to server process).
[Package Manager] Cannot connect to Unity Package Manager local server
ScheduleIndexationOnStartup MainProcess:False IndexOnStartup:True
Mono: successfully reloaded assembly
[Package Manager] Failed to launch server process. Reason: Unity was launched with the -noUpm command-line argument
[Package Manager] Unable to send message (not connected to server process).
[Package Manager] Cannot connect to Unity Package Manager local server
[Package Manager] Failed to launch server process. Reason: Unity was launched with the -noUpm command-line argument
[Package Manager] Unable to send message (not connected to server process).
[Package Manager] Cannot connect to Unity Package Manager local server
- Finished resetting the current domain, in  0.846 seconds
Domain Reload Profiling: 1684ms
	BeginReloadAssembly (200ms)
		ExecutionOrderSort (0ms)
		DisableScriptedObjects (10ms)
		BackupInstance (0ms)
		ReleaseScriptingObjects (0ms)
		CreateAndSetChildDomain (34ms)
	RebuildCommonClasses (49ms)
	RebuildNativeTypeToScriptingClass (18ms)
	initialDomainReloadingComplete (42ms)
	LoadAllAssembliesAndSetupDomain (529ms)
		LoadAssemblies (352ms)
		RebuildTransferFunctionScriptingTraits (0ms)
		AnalyzeDomain (291ms)
			TypeCache.Refresh (189ms)
				TypeCache.ScanAssembly (174ms)
			BuildScriptInfoCaches (87ms)
			ResolveRequiredComponents (10ms)
	FinalizeReload (846ms)
		ReleaseScriptCaches (0ms)
		RebuildScriptCaches (0ms)
		SetupLoadedEditorAssemblies (623ms)
			LogAssemblyErrors (0ms)
			InitializePlatformSupportModulesInManaged (8ms)
			SetLoadedEditorAssemblies (4ms)
			BeforeProcessingInitializeOnLoad (153ms)
			ProcessInitializeOnLoadAttributes (304ms)
			ProcessInitializeOnLoadMethodAttributes (152ms)
			AfterProcessingInitializeOnLoad (3ms)
			EditorAssembliesLoaded (0ms)
		ExecutionOrderSort2 (0ms)
		AwakeInstancesAfterBackupRestoration (5ms)
WARNING: Shader Unsupported: 'Hidden/Simulation/URP/Synthetic' - All subshaders removed
WARNING: Shader Did you use #pragma only_renderers and omit this platform?
WARNING: Shader If subshaders removal was intentional, you may have forgotten turning Fallback off?
WARNING: Shader Unsupported: 'Hidden/Simulation/URP/Synthetic' - All subshaders removed
WARNING: Shader Did you use #pragma only_renderers and omit this platform?
WARNING: Shader If subshaders removal was intentional, you may have forgotten turning Fallback off?
WARNING: Shader Unsupported: 'Hidden/Simulation/Synthetic Lit' - All subshaders removed
WARNING: Shader Did you use #pragma only_renderers and omit this platform?
WARNING: Shader If subshaders removal was intentional, you may have forgotten turning Fallback off?
WARNING: Shader Unsupported: 'Hidden/Simulation/Synthetic Lit' - All subshaders removed
WARNING: Shader Did you use #pragma only_renderers and omit this platform?
WARNING: Shader If subshaders removal was intentional, you may have forgotten turning Fallback off?
WARNING: Shader Unsupported: 'Simulation/Standard Lit' - All subshaders removed
WARNING: Shader Did you use #pragma only_renderers and omit this platform?
WARNING: Shader If subshaders removal was intentional, you may have forgotten turning Fallback off?
WARNING: Shader Unsupported: 'Simulation/Standard Lit' - All subshaders removed
WARNING: Shader Did you use #pragma only_renderers and omit this platform?
WARNING: Shader If subshaders removal was intentional, you may have forgotten turning Fallback off?
WARNING: Shader Unsupported: 'Simulation/URP/Room X-Ray' - All subshaders removed
WARNING: Shader Did you use #pragma only_renderers and omit this platform?
WARNING: Shader If subshaders removal was intentional, you may have forgotten turning Fallback off?
WARNING: Shader Unsupported: 'Simulation/URP/Room X-Ray' - All subshaders removed
WARNING: Shader Did you use #pragma only_renderers and omit this platform?
WARNING: Shader If subshaders removal was intentional, you may have forgotten turning Fallback off?
WARNING: Shader Unsupported: 'Simulation/Room X-Ray' - All subshaders removed
WARNING: Shader Did you use #pragma only_renderers and omit this platform?
WARNING: Shader If subshaders removal was intentional, you may have forgotten turning Fallback off?
WARNING: Shader Unsupported: 'Simulation/Room X-Ray' - All subshaders removed
WARNING: Shader Did you use #pragma only_renderers and omit this platform?
WARNING: Shader If subshaders removal was intentional, you may have forgotten turning Fallback off?
WARNING: Shader Unsupported: 'Simulation/URP/Lit' - All subshaders removed
WARNING: Shader Did you use #pragma only_renderers and omit this platform?
WARNING: Shader If subshaders removal was intentional, you may have forgotten turning Fallback off?
WARNING: Shader Unsupported: 'Simulation/URP/Lit' - All subshaders removed
WARNING: Shader Did you use #pragma only_renderers and omit this platform?
WARNING: Shader If subshaders removal was intentional, you may have forgotten turning Fallback off?
Launched and connected shader compiler UnityShaderCompiler.exe after 0.01 seconds
Refreshing native plugins compatible for Editor in 9.81 ms, found 8 plugins.
Preloading 0 native plugins for Editor in 0.00 ms.
Unloading 34 Unused Serialized files (Serialized files now loaded: 0)
Unloading 6382 unused Assets / (8.8 MB). Loaded Objects now: 7257.
Memory consumption went from 161.1 MB to 152.3 MB.
Total: 11.506200 ms (FindLiveObjects: 0.893300 ms CreateObjectMapping: 0.564000 ms MarkObjects: 6.761400 ms  DeleteObjects: 3.286800 ms)

========================================================================
Received Import Request.
  Time since last request: 353634.396278 seconds.
  path: Assets/VRTemplateAssets/Graphics/Post Process Volume Profile.asset
  artifactKey: Guid(12bd4b8ecc486d84b9e059255860c49b) Importer(2089858483,b0f066a214c2f5e87bad3c948f4d605d)
Start importing Assets/VRTemplateAssets/Graphics/Post Process Volume Profile.asset using Guid(12bd4b8ecc486d84b9e059255860c49b) Importer(2089858483,b0f066a214c2f5e87bad3c948f4d605d) (ScriptedImporter) -> (artifact id: 'ca730d29f1e292909b251df718b70921') in 0.0809488 seconds
Number of updated asset objects reloaded before import = 0Number of asset objects unloaded after import = 9

========================================================================
Received Import Request.
  Time since last request: 0.000023 seconds.
  path: Assets/Scenes/CodingTest.unity
  artifactKey: Guid(0b6fa7bb681ed324b8a505f394367927) Importer(2089858483,b0f066a214c2f5e87bad3c948f4d605d)
Start importing Assets/Scenes/CodingTest.unity using Guid(0b6fa7bb681ed324b8a505f394367927) Importer(2089858483,b0f066a214c2f5e87bad3c948f4d605d) (ScriptedImporter) -> (artifact id: '4f7f0edb9805c823e16c4f2e3057aa51') in 0.019613 seconds
Number of updated asset objects reloaded before import = 0Number of asset objects unloaded after import = 1

========================================================================
Received Import Request.
  Time since last request: 0.000016 seconds.
  path: Assets/Prefabs/Post Process Volume.prefab
  artifactKey: Guid(358cba6b9653bf246b1b7d03de72d192) Importer(2089858483,b0f066a214c2f5e87bad3c948f4d605d)
Start importing Assets/Prefabs/Post Process Volume.prefab using Guid(358cba6b9653bf246b1b7d03de72d192) Importer(2089858483,b0f066a214c2f5e87bad3c948f4d605d) (ScriptedImporter) -> (artifact id: 'd3afa21f3d35be8180ad93395b90a190') in 0.0434193 seconds
Number of updated asset objects reloaded before import = 0Number of asset objects unloaded after import = 14

========================================================================
Received Import Request.
  Time since last request: 6.120299 seconds.
  path: Assets/RetroWindowsGUI/Window_Header_Resizable.png
  artifactKey: Guid(956754d5e7800f0428d9208d08cd7a77) Importer(2089858483,b0f066a214c2f5e87bad3c948f4d605d)
Start importing Assets/RetroWindowsGUI/Window_Header_Resizable.png using Guid(956754d5e7800f0428d9208d08cd7a77) Importer(2089858483,b0f066a214c2f5e87bad3c948f4d605d) (ScriptedImporter) -> (artifact id: '0c6d3061762dee88ae0a2dc0d08f251d') in 0.0554155 seconds
Number of updated asset objects reloaded before import = 0Number of asset objects unloaded after import = 1

========================================================================
Received Import Request.
  Time since last request: 0.000020 seconds.
  path: Assets/RetroWindowsGUI/Windows_Slider_Background.png
  artifactKey: Guid(daa811800c0f76f4c9e9700eda715292) Importer(2089858483,b0f066a214c2f5e87bad3c948f4d605d)
Start importing Assets/RetroWindowsGUI/Windows_Slider_Background.png using Guid(daa811800c0f76f4c9e9700eda715292) Importer(2089858483,b0f066a214c2f5e87bad3c948f4d605d) (ScriptedImporter) -> (artifact id: 'a9ad16f2bb1623dada8de0bf9b35b63a') in 0.0150485 seconds
Number of updated asset objects reloaded before import = 0Number of asset objects unloaded after import = 1

========================================================================
Received Import Request.
  Time since last request: 0.000031 seconds.
  path: Assets/RetroWindowsGUI/Windows_Button_Inactive.png
  artifactKey: Guid(700cc7e09fa1fa740b13a60cc4b08daf) Importer(2089858483,b0f066a214c2f5e87bad3c948f4d605d)
Start importing Assets/RetroWindowsGUI/Windows_Button_Inactive.png using Guid(700cc7e09fa1fa740b13a60cc4b08daf) Importer(2089858483,b0f066a214c2f5e87bad3c948f4d605d) (ScriptedImporter) -> (artifact id: '9a4e24e86f81c9fbc69c6d72db6b5ca6') in 0.0143017 seconds
Number of updated asset objects reloaded before import = 0Number of asset objects unloaded after import = 1

========================================================================
Received Import Request.
  Time since last request: 0.000021 seconds.
  path: Assets/RetroWindowsGUI/Windows_Progress_Fill.png
  artifactKey: Guid(e6f7cbdebc2c03d4f89ac742f9f26941) Importer(2089858483,b0f066a214c2f5e87bad3c948f4d605d)
Start importing Assets/RetroWindowsGUI/Windows_Progress_Fill.png using Guid(e6f7cbdebc2c03d4f89ac742f9f26941) Importer(2089858483,b0f066a214c2f5e87bad3c948f4d605d) (ScriptedImporter) -> (artifact id: 'f5fbc3a918dbd68e7166232648776817') in 0.0138088 seconds
Number of updated asset objects reloaded before import = 0Number of asset objects unloaded after import = 1

========================================================================
Received Import Request.
  Time since last request: 0.000018 seconds.
  path: Assets/RetroWindowsGUI/Windows_Toggle_Active.png
  artifactKey: Guid(733723ecd312d6c488171166850a0ecc) Importer(2089858483,b0f066a214c2f5e87bad3c948f4d605d)
Start importing Assets/RetroWindowsGUI/Windows_Toggle_Active.png using Guid(733723ecd312d6c488171166850a0ecc) Importer(2089858483,b0f066a214c2f5e87bad3c948f4d605d) (ScriptedImporter) -> (artifact id: '278bbf4fec751b7965e0eceef7173d9d') in 0.0193389 seconds
Number of updated asset objects reloaded before import = 0Number of asset objects unloaded after import = 1

========================================================================
Received Import Request.
  Time since last request: 0.000016 seconds.
  path: Assets/RetroWindowsGUI/Windows_Button.png
  artifactKey: Guid(dae6f5e9025f2b94695600dec69abff1) Importer(2089858483,b0f066a214c2f5e87bad3c948f4d605d)
Start importing Assets/RetroWindowsGUI/Windows_Button.png using Guid(dae6f5e9025f2b94695600dec69abff1) Importer(2089858483,b0f066a214c2f5e87bad3c948f4d605d) (ScriptedImporter) -> (artifact id: '0c3f850dfeed162b9062ef53c380b944') in 0.0171161 seconds
Number of updated asset objects reloaded before import = 0Number of asset objects unloaded after import = 1

========================================================================
Received Import Request.
  Time since last request: 0.000020 seconds.
  path: Assets/RetroWindowsGUI/Windows_Slider_Handle.png
  artifactKey: Guid(55cf6183510154e439ca3f355e3b2586) Importer(2089858483,b0f066a214c2f5e87bad3c948f4d605d)
Start importing Assets/RetroWindowsGUI/Windows_Slider_Handle.png using Guid(55cf6183510154e439ca3f355e3b2586) Importer(2089858483,b0f066a214c2f5e87bad3c948f4d605d) (ScriptedImporter) -> (artifact id: 'dd1d2e22acb82f4d08a0bdf355e0786a') in 0.011999 seconds
Number of updated asset objects reloaded before import = 0Number of asset objects unloaded after import = 1

========================================================================
Received Import Request.
  Time since last request: 0.000031 seconds.
  path: Assets/RetroWindowsGUI/Windows_Button_Focus.png
  artifactKey: Guid(7fc37b33d8ff8594eac932d9f93f4a35) Importer(2089858483,b0f066a214c2f5e87bad3c948f4d605d)
Start importing Assets/RetroWindowsGUI/Windows_Button_Focus.png using Guid(7fc37b33d8ff8594eac932d9f93f4a35) Importer(2089858483,b0f066a214c2f5e87bad3c948f4d605d) (ScriptedImporter) -> (artifact id: '06bb966d01cad273b829f46ea783df4e') in 0.0140844 seconds
Number of updated asset objects reloaded before import = 0Number of asset objects unloaded after import = 1

========================================================================
Received Import Request.
  Time since last request: 0.000019 seconds.
  path: Assets/RetroWindowsGUI/Window_Header.png
  artifactKey: Guid(fb09331a050e4c4489fcbf6edfb752bb) Importer(2089858483,b0f066a214c2f5e87bad3c948f4d605d)
Start importing Assets/RetroWindowsGUI/Window_Header.png using Guid(fb09331a050e4c4489fcbf6edfb752bb) Importer(2089858483,b0f066a214c2f5e87bad3c948f4d605d) (ScriptedImporter) -> (artifact id: '6d35ed3f6eaf3741a3f292f01bfd1ffa') in 0.0149852 seconds
Number of updated asset objects reloaded before import = 0Number of asset objects unloaded after import = 1

========================================================================
Received Import Request.
  Time since last request: 0.000017 seconds.
  path: Assets/RetroWindowsGUI/Windows_Icons.png
  artifactKey: Guid(36b9baf7dd86a134cae66132f471e3f0) Importer(2089858483,b0f066a214c2f5e87bad3c948f4d605d)
Start importing Assets/RetroWindowsGUI/Windows_Icons.png using Guid(36b9baf7dd86a134cae66132f471e3f0) Importer(2089858483,b0f066a214c2f5e87bad3c948f4d605d) (ScriptedImporter) -> (artifact id: 'c89b1494a93dfd4e6f5803546c6e63f8') in 0.0353566 seconds
Number of updated asset objects reloaded before import = 0Number of asset objects unloaded after import = 1

========================================================================
Received Import Request.
  Time since last request: 0.000020 seconds.
  path: Assets/RetroWindowsGUI/Windows_Ratio_Selected.png
  artifactKey: Guid(4bbad5f69361e4a4da7ae719b78ba4ea) Importer(2089858483,b0f066a214c2f5e87bad3c948f4d605d)
Start importing Assets/RetroWindowsGUI/Windows_Ratio_Selected.png using Guid(4bbad5f69361e4a4da7ae719b78ba4ea) Importer(2089858483,b0f066a214c2f5e87bad3c948f4d605d) (ScriptedImporter) -> (artifact id: '04fae8a2a1d73fe391594bf9ec41a964') in 0.0150114 seconds
Number of updated asset objects reloaded before import = 0Number of asset objects unloaded after import = 1

========================================================================
Received Import Request.
  Time since last request: 0.000023 seconds.
  path: Assets/RetroWindowsGUI/Window_Base.png
  artifactKey: Guid(b865770108e4b5745b9eee3f1fb7ca76) Importer(2089858483,b0f066a214c2f5e87bad3c948f4d605d)
Start importing Assets/RetroWindowsGUI/Window_Base.png using Guid(b865770108e4b5745b9eee3f1fb7ca76) Importer(2089858483,b0f066a214c2f5e87bad3c948f4d605d) (ScriptedImporter) -> (artifact id: '075a8280dc543d929d30f60caf5d3369') in 0.0151267 seconds
Number of updated asset objects reloaded before import = 0Number of asset objects unloaded after import = 1

========================================================================
Received Import Request.
  Time since last request: 0.000024 seconds.
  path: Assets/RetroWindowsGUI/Windows_Button_Focus_Outlined.png
  artifactKey: Guid(c9cccc9a6eb77d54ba742399569fdde1) Importer(2089858483,b0f066a214c2f5e87bad3c948f4d605d)
Start importing Assets/RetroWindowsGUI/Windows_Button_Focus_Outlined.png using Guid(c9cccc9a6eb77d54ba742399569fdde1) Importer(2089858483,b0f066a214c2f5e87bad3c948f4d605d) (ScriptedImporter) -> (artifact id: 'ac3421bea30028fb2e2f5d601cb62748') in 0.0114794 seconds
Number of updated asset objects reloaded before import = 0Number of asset objects unloaded after import = 1

========================================================================
Received Import Request.
  Time since last request: 0.000015 seconds.
  path: Assets/RetroWindowsGUI/Windows_Divider_Line.png
  artifactKey: Guid(4fd03dbe9c9272e409793d03b65e6427) Importer(2089858483,b0f066a214c2f5e87bad3c948f4d605d)
Start importing Assets/RetroWindowsGUI/Windows_Divider_Line.png using Guid(4fd03dbe9c9272e409793d03b65e6427) Importer(2089858483,b0f066a214c2f5e87bad3c948f4d605d) (ScriptedImporter) -> (artifact id: 'f312c55936de747a13e30cd48e622183') in 0.0133134 seconds
Number of updated asset objects reloaded before import = 0Number of asset objects unloaded after import = 1

========================================================================
Received Import Request.
  Time since last request: 0.000020 seconds.
  path: Assets/RetroWindowsGUI/Windows_Ratio_Inactive.png
  artifactKey: Guid(ccd79fbc97061004896ed70da2eb367d) Importer(2089858483,b0f066a214c2f5e87bad3c948f4d605d)
Start importing Assets/RetroWindowsGUI/Windows_Ratio_Inactive.png using Guid(ccd79fbc97061004896ed70da2eb367d) Importer(2089858483,b0f066a214c2f5e87bad3c948f4d605d) (ScriptedImporter) -> (artifact id: 'b25261b3fd7bb21634b277205ae4e133') in 0.0155711 seconds
Number of updated asset objects reloaded before import = 0Number of asset objects unloaded after import = 1

========================================================================
Received Import Request.
  Time since last request: 1.913487 seconds.
  path: Assets/RetroWindowsGUI
  artifactKey: Guid(038b63049902d264291b55ee9081100c) Importer(815301076,1909f56bfc062723c751e8b465ee728b)
Start importing Assets/RetroWindowsGUI using Guid(038b63049902d264291b55ee9081100c) Importer(815301076,1909f56bfc062723c751e8b465ee728b) (PreviewImporter) -> (artifact id: 'e84b8c09f6578db810c222420c22bd19') in 0.0005529 seconds
Number of updated asset objects reloaded before import = 0Number of asset objects unloaded after import = 0

========================================================================
Received Import Request.
  Time since last request: 0.011504 seconds.
  path: Assets/RetroWindowsGUI/Window_Base.png
  artifactKey: Guid(b865770108e4b5745b9eee3f1fb7ca76) Importer(815301076,1909f56bfc062723c751e8b465ee728b)
Start importing Assets/RetroWindowsGUI/Window_Base.png using Guid(b865770108e4b5745b9eee3f1fb7ca76) Importer(815301076,1909f56bfc062723c751e8b465ee728b) (PreviewImporter) -> (artifact id: '56565bca83b920473bb50f3055b1f2f0') in 0.0478683 seconds
Number of updated asset objects reloaded before import = 0Number of asset objects unloaded after import = 2

========================================================================
Received Import Request.
  Time since last request: 0.000015 seconds.
  path: Assets/RetroWindowsGUI/Window_Header_Resizable.png
  artifactKey: Guid(956754d5e7800f0428d9208d08cd7a77) Importer(815301076,1909f56bfc062723c751e8b465ee728b)
Start importing Assets/RetroWindowsGUI/Window_Header_Resizable.png using Guid(956754d5e7800f0428d9208d08cd7a77) Importer(815301076,1909f56bfc062723c751e8b465ee728b) (PreviewImporter) -> (artifact id: '4e68a87751cbde4bbbc69ba1a8a1dd02') in 0.0116354 seconds
Number of updated asset objects reloaded before import = 0Number of asset objects unloaded after import = 2

========================================================================
Received Import Request.
  Time since last request: 0.000015 seconds.
  path: Assets/RetroWindowsGUI/Windows_Button_Focus_Outlined.png
  artifactKey: Guid(c9cccc9a6eb77d54ba742399569fdde1) Importer(815301076,1909f56bfc062723c751e8b465ee728b)
Start importing Assets/RetroWindowsGUI/Windows_Button_Focus_Outlined.png using Guid(c9cccc9a6eb77d54ba742399569fdde1) Importer(815301076,1909f56bfc062723c751e8b465ee728b) (PreviewImporter) -> (artifact id: '9f40ed28e9d155f096162e4e61552288') in 0.0112478 seconds
Number of updated asset objects reloaded before import = 0Number of asset objects unloaded after import = 2

========================================================================
Received Import Request.
  Time since last request: 0.000025 seconds.
  path: Assets/RetroWindowsGUI/Window_Header_Resizable_Inactive.png
  artifactKey: Guid(1a266503577ab764c9d4f08810b811fe) Importer(815301076,1909f56bfc062723c751e8b465ee728b)
Start importing Assets/RetroWindowsGUI/Window_Header_Resizable_Inactive.png using Guid(1a266503577ab764c9d4f08810b811fe) Importer(815301076,1909f56bfc062723c751e8b465ee728b) (PreviewImporter) -> (artifact id: 'e7675dda22897bf4af1df6c5e41d1969') in 0.0100805 seconds
Number of updated asset objects reloaded before import = 0Number of asset objects unloaded after import = 2

========================================================================
Received Import Request.
  Time since last request: 0.000014 seconds.
  path: Assets/RetroWindowsGUI/Windows_Inner_Frame.png
  artifactKey: Guid(ffd9056d3c64c77468ee714f29a00484) Importer(815301076,1909f56bfc062723c751e8b465ee728b)
Start importing Assets/RetroWindowsGUI/Windows_Inner_Frame.png using Guid(ffd9056d3c64c77468ee714f29a00484) Importer(815301076,1909f56bfc062723c751e8b465ee728b) (PreviewImporter) -> (artifact id: '76d5dbf56087d251339a5f96df46a5f9') in 0.0352709 seconds
Number of updated asset objects reloaded before import = 0Number of asset objects unloaded after import = 2

========================================================================
Received Import Request.
  Time since last request: 0.000020 seconds.
  path: Assets/RetroWindowsGUI/Windows_Toggle_Active.png
  artifactKey: Guid(733723ecd312d6c488171166850a0ecc) Importer(815301076,1909f56bfc062723c751e8b465ee728b)
Start importing Assets/RetroWindowsGUI/Windows_Toggle_Active.png using Guid(733723ecd312d6c488171166850a0ecc) Importer(815301076,1909f56bfc062723c751e8b465ee728b) (PreviewImporter) -> (artifact id: 'baf49f32016f4c8e498b7e72f3d333e1') in 0.0126631 seconds
Number of updated asset objects reloaded before import = 0Number of asset objects unloaded after import = 2

========================================================================
Received Import Request.
  Time since last request: 0.000017 seconds.
  path: Assets/RetroWindowsGUI/Window_Header_Inactive.png
  artifactKey: Guid(aaba0d9bccab0274796ccc1974906272) Importer(815301076,1909f56bfc062723c751e8b465ee728b)
Start importing Assets/RetroWindowsGUI/Window_Header_Inactive.png using Guid(aaba0d9bccab0274796ccc1974906272) Importer(815301076,1909f56bfc062723c751e8b465ee728b) (PreviewImporter) -> (artifact id: '32a18616bbfe290e8a63d335d5daa67b') in 0.0105567 seconds
Number of updated asset objects reloaded before import = 0Number of asset objects unloaded after import = 2

========================================================================
Received Import Request.
  Time since last request: 0.000018 seconds.
  path: Assets/RetroWindowsGUI/Windows_Slider_Background.png
  artifactKey: Guid(daa811800c0f76f4c9e9700eda715292) Importer(815301076,1909f56bfc062723c751e8b465ee728b)
Start importing Assets/RetroWindowsGUI/Windows_Slider_Background.png using Guid(daa811800c0f76f4c9e9700eda715292) Importer(815301076,1909f56bfc062723c751e8b465ee728b) (PreviewImporter) -> (artifact id: 'bac901c49e358f6b15dab214dd5b0c71') in 0.0154732 seconds
Number of updated asset objects reloaded before import = 0Number of asset objects unloaded after import = 2

========================================================================
Received Import Request.
  Time since last request: 0.000016 seconds.
  path: Assets/RetroWindowsGUI/Windows_Example_ItchPic.png
  artifactKey: Guid(49747182bec7bc643b583351b2cd7ee6) Importer(815301076,1909f56bfc062723c751e8b465ee728b)
Start importing Assets/RetroWindowsGUI/Windows_Example_ItchPic.png using Guid(49747182bec7bc643b583351b2cd7ee6) Importer(815301076,1909f56bfc062723c751e8b465ee728b) (PreviewImporter) -> (artifact id: '4ae62765d9e51c743b043abf175d684c') in 0.037487 seconds
Number of updated asset objects reloaded before import = 0Number of asset objects unloaded after import = 2

========================================================================
Received Import Request.
  Time since last request: 0.000031 seconds.
  path: Assets/RetroWindowsGUI/Windows_Button_Pressed_Outlined.png
  artifactKey: Guid(86d8ebcb4f7fa1c429cfeaf7e91c6c84) Importer(815301076,1909f56bfc062723c751e8b465ee728b)
Start importing Assets/RetroWindowsGUI/Windows_Button_Pressed_Outlined.png using Guid(86d8ebcb4f7fa1c429cfeaf7e91c6c84) Importer(815301076,1909f56bfc062723c751e8b465ee728b) (PreviewImporter) -> (artifact id: '24c1ff1f9447b741e472f06e8d9a6917') in 0.0322328 seconds
Number of updated asset objects reloaded before import = 0Number of asset objects unloaded after import = 2

========================================================================
Received Import Request.
  Time since last request: 0.000017 seconds.
  path: Assets/RetroWindowsGUI/Windows_Inner_Frame_Inverted.png
  artifactKey: Guid(7a2e478a78ade6a4394f2fee8a09a2ed) Importer(815301076,1909f56bfc062723c751e8b465ee728b)
Start importing Assets/RetroWindowsGUI/Windows_Inner_Frame_Inverted.png using Guid(7a2e478a78ade6a4394f2fee8a09a2ed) Importer(815301076,1909f56bfc062723c751e8b465ee728b) (PreviewImporter) -> (artifact id: '828427ee47dda0ffb6106c3cfa04ed78') in 0.0666331 seconds
Number of updated asset objects reloaded before import = 0Number of asset objects unloaded after import = 2

========================================================================
Received Import Request.
  Time since last request: 0.000013 seconds.
  path: Assets/RetroWindowsGUI/Windows_Toggle_Inactive.png
  artifactKey: Guid(d7bbe8bb9b2d8fa45842b576e1edfed1) Importer(815301076,1909f56bfc062723c751e8b465ee728b)
Start importing Assets/RetroWindowsGUI/Windows_Toggle_Inactive.png using Guid(d7bbe8bb9b2d8fa45842b576e1edfed1) Importer(815301076,1909f56bfc062723c751e8b465ee728b) (PreviewImporter) -> (artifact id: 'a03ed1615e9bf44ffdae00c68b7bff14') in 0.0640284 seconds
Number of updated asset objects reloaded before import = 0Number of asset objects unloaded after import = 2

========================================================================
Received Import Request.
  Time since last request: 0.000019 seconds.
  path: Assets/RetroWindowsGUI/Windows_Button_Focus.png
  artifactKey: Guid(7fc37b33d8ff8594eac932d9f93f4a35) Importer(815301076,1909f56bfc062723c751e8b465ee728b)
Start importing Assets/RetroWindowsGUI/Windows_Button_Focus.png using Guid(7fc37b33d8ff8594eac932d9f93f4a35) Importer(815301076,1909f56bfc062723c751e8b465ee728b) (PreviewImporter) -> (artifact id: '01a5f351d196bf1b081e46efd53b7a57') in 0.0342855 seconds
Number of updated asset objects reloaded before import = 0Number of asset objects unloaded after import = 2

========================================================================
Received Import Request.
  Time since last request: 0.000028 seconds.
  path: Assets/RetroWindowsGUI/Windows_Example_Main.png
  artifactKey: Guid(8f9ee6f612f99504ea91723b59cbc9dd) Importer(815301076,1909f56bfc062723c751e8b465ee728b)
Start importing Assets/RetroWindowsGUI/Windows_Example_Main.png using Guid(8f9ee6f612f99504ea91723b59cbc9dd) Importer(815301076,1909f56bfc062723c751e8b465ee728b) (PreviewImporter) -> (artifact id: 'a8b7f7309387fd373a36d7518f0732e3') in 0.0316695 seconds
Number of updated asset objects reloaded before import = 0Number of asset objects unloaded after import = 2

========================================================================
Received Import Request.
  Time since last request: 13.485292 seconds.
  path: Assets/Windows_Ratio.png
  artifactKey: Guid(a8cff7744fba409408f748531b683e07) Importer(2089858483,b0f066a214c2f5e87bad3c948f4d605d)
Start importing Assets/Windows_Ratio.png using Guid(a8cff7744fba409408f748531b683e07) Importer(2089858483,b0f066a214c2f5e87bad3c948f4d605d) (ScriptedImporter) -> (artifact id: '6deec1094420717be080d24b2a956af2') in 0.0202824 seconds
Number of updated asset objects reloaded before import = 0Number of asset objects unloaded after import = 3

========================================================================
Received Import Request.
  Time since last request: 0.000019 seconds.
  path: Assets/Window_Base.png
  artifactKey: Guid(d3cb4b1b5fb4b194c9ce3fcd75c02836) Importer(2089858483,b0f066a214c2f5e87bad3c948f4d605d)
Start importing Assets/Window_Base.png using Guid(d3cb4b1b5fb4b194c9ce3fcd75c02836) Importer(2089858483,b0f066a214c2f5e87bad3c948f4d605d) (ScriptedImporter) -> (artifact id: 'a3e1daf27cac38386f7302a3b45ffa0e') in 0.0120906 seconds
Number of updated asset objects reloaded before import = 0Number of asset objects unloaded after import = 3

========================================================================
Received Import Request.
  Time since last request: 0.000018 seconds.
  path: Assets/M 8pt SDF.asset
  artifactKey: Guid(a9fb72713462bd34a99acbf23a40dd74) Importer(2089858483,b0f066a214c2f5e87bad3c948f4d605d)
Start importing Assets/M 8pt SDF.asset using Guid(a9fb72713462bd34a99acbf23a40dd74) Importer(2089858483,b0f066a214c2f5e87bad3c948f4d605d) (ScriptedImporter) -> (artifact id: '0a88a57ed71825af8f10af3d639de8d2') in 0.0455619 seconds
Number of updated asset objects reloaded before import = 0Number of asset objects unloaded after import = 5

========================================================================
Received Import Request.
  Time since last request: 0.000019 seconds.
  path: Assets/Windows_Button_Focus.png
  artifactKey: Guid(d727d1a0b34fcc64f8275a7e72143498) Importer(2089858483,b0f066a214c2f5e87bad3c948f4d605d)
Start importing Assets/Windows_Button_Focus.png using Guid(d727d1a0b34fcc64f8275a7e72143498) Importer(2089858483,b0f066a214c2f5e87bad3c948f4d605d) (ScriptedImporter) -> (artifact id: 'ae51fc2dae9c188371dfe24e1bf3057a') in 0.012477 seconds
Number of updated asset objects reloaded before import = 0Number of asset objects unloaded after import = 3

========================================================================
Received Import Request.
  Time since last request: 0.000025 seconds.
  path: Assets/Toggle_Inactive.png
  artifactKey: Guid(03c4028a676fe71428f2f76f5d347eab) Importer(2089858483,b0f066a214c2f5e87bad3c948f4d605d)
Start importing Assets/Toggle_Inactive.png using Guid(03c4028a676fe71428f2f76f5d347eab) Importer(2089858483,b0f066a214c2f5e87bad3c948f4d605d) (ScriptedImporter) -> (artifact id: 'bc1c51c2d8a961e80f43cca3e4f151de') in 0.0121719 seconds
Number of updated asset objects reloaded before import = 0Number of asset objects unloaded after import = 3

========================================================================
Received Import Request.
  Time since last request: 19.099125 seconds.
  path: Assets/Toggle_Active.png
  artifactKey: Guid(744ab3b5a362248458e2a4afe72b1610) Importer(815301076,1909f56bfc062723c751e8b465ee728b)
Start importing Assets/Toggle_Active.png using Guid(744ab3b5a362248458e2a4afe72b1610) Importer(815301076,1909f56bfc062723c751e8b465ee728b) (PreviewImporter) -> (artifact id: '53279862ef08fe08d85a36b1b3c480d3') in 0.0373693 seconds
Number of updated asset objects reloaded before import = 0Number of asset objects unloaded after import = 3

========================================================================
Received Import Request.
  Time since last request: 0.000018 seconds.
  path: Assets/Windows_SideBar_Underside.png
  artifactKey: Guid(5513a2182c3ad5d45b406b1b43c2130b) Importer(815301076,1909f56bfc062723c751e8b465ee728b)
Start importing Assets/Windows_SideBar_Underside.png using Guid(5513a2182c3ad5d45b406b1b43c2130b) Importer(815301076,1909f56bfc062723c751e8b465ee728b) (PreviewImporter) -> (artifact id: '08adc7436386cf435bb1eb3ddda0f0db') in 0.0115504 seconds
Number of updated asset objects reloaded before import = 0Number of asset objects unloaded after import = 3

========================================================================
Received Import Request.
  Time since last request: 0.000023 seconds.
  path: Assets/Window_Header_Resizable.png
  artifactKey: Guid(9e54a29f259118842a02920cc0734bae) Importer(815301076,1909f56bfc062723c751e8b465ee728b)
Start importing Assets/Window_Header_Resizable.png using Guid(9e54a29f259118842a02920cc0734bae) Importer(815301076,1909f56bfc062723c751e8b465ee728b) (PreviewImporter) -> (artifact id: '4e19c03781ec9fc07ce5fe1e9d9f2612') in 0.0141268 seconds
Number of updated asset objects reloaded before import = 0Number of asset objects unloaded after import = 3

========================================================================
Received Import Request.
  Time since last request: 0.000036 seconds.
  path: Assets/Window_Header_Resizable_Inactive.png
  artifactKey: Guid(8401ae9712f420245a7c667fa8baa708) Importer(815301076,1909f56bfc062723c751e8b465ee728b)
Start importing Assets/Window_Header_Resizable_Inactive.png using Guid(8401ae9712f420245a7c667fa8baa708) Importer(815301076,1909f56bfc062723c751e8b465ee728b) (PreviewImporter) -> (artifact id: '9c52f04024bc0e370c9e8fee5e6d9392') in 0.0125139 seconds
Number of updated asset objects reloaded before import = 0Number of asset objects unloaded after import = 3

========================================================================
Received Import Request.
  Time since last request: 0.000014 seconds.
  path: Assets/Windows_Button.png
  artifactKey: Guid(5e315e818f312d341bb0d8e6410c487f) Importer(815301076,1909f56bfc062723c751e8b465ee728b)
Start importing Assets/Windows_Button.png using Guid(5e315e818f312d341bb0d8e6410c487f) Importer(815301076,1909f56bfc062723c751e8b465ee728b) (PreviewImporter) -> (artifact id: 'aa9968d358eea40ac78b3baed6d2bc48') in 0.0070589 seconds
Number of updated asset objects reloaded before import = 0Number of asset objects unloaded after import = 3

========================================================================
Received Import Request.
  Time since last request: 0.000014 seconds.
  path: Assets/Windows_Inner_Frame_Inverted.png
  artifactKey: Guid(043d44c4d4dde7241a7e71cc03e0969b) Importer(815301076,1909f56bfc062723c751e8b465ee728b)
Start importing Assets/Windows_Inner_Frame_Inverted.png using Guid(043d44c4d4dde7241a7e71cc03e0969b) Importer(815301076,1909f56bfc062723c751e8b465ee728b) (PreviewImporter) -> (artifact id: 'e4186d6034c1a8fdb640dc5f037ead4a') in 0.0110168 seconds
Number of updated asset objects reloaded before import = 0Number of asset objects unloaded after import = 3

========================================================================
Received Import Request.
  Time since last request: 0.000014 seconds.
  path: Assets/Windows_Ratio.png
  artifactKey: Guid(a8cff7744fba409408f748531b683e07) Importer(815301076,1909f56bfc062723c751e8b465ee728b)
Start importing Assets/Windows_Ratio.png using Guid(a8cff7744fba409408f748531b683e07) Importer(815301076,1909f56bfc062723c751e8b465ee728b) (PreviewImporter) -> (artifact id: '73df4204a960800070ee8264646db133') in 0.0120522 seconds
Number of updated asset objects reloaded before import = 0Number of asset objects unloaded after import = 3

Editor requested this worker to shutdown with reason: Scaling down because of idle timeout
AssetImportWorker is now disconnected from the server
Process exiting
Exiting without the bug reporter. Application will terminate with return code 0