Built from '6000.3/staging' branch; Version is '6000.3.9f1 (7a9955a4f2fa) revision 8034645'; Using compiler version '194234433'; Build Type 'Release'
OS: 'Windows 11  (10.0.26200) CoreSingleLanguage' Language: 'en' Physical Memory: 16171 MB
BatchMode: 1, IsHumanControllingUs: 0, StartBugReporterOnCrash: 0, Is64bit: 1
System  architecture: x64
Process architecture: x64
Date: 2026-03-15T08:29:20Z
[Licensing::Module] Trying to connect to existing licensing client channel...
[Licensing::IpcConnector] Successfully connected to: "LicenseClient-Shiro" at "2026-03-15T08:29:20.6075333Z"

COMMAND LINE ARGUMENTS:
C:\Program Files\Unity\Hub\Editor\6000.3.9f1\Editor\Unity.exe
-adb2
-batchMode
-noUpm
-name
AssetImportWorker4
-projectPath
F:/Unity/iat445/iat445
-logFile
Logs/AssetImportWorker4.log
-srvPort
52894
-licensingIpc
LicenseClient-Shiro
-job-worker-count
3
-background-job-worker-count
8
-gc-helper-count
1
-name
AssetImport
Successfully changed project path to: F:/Unity/iat445/iat445
F:/Unity/iat445/iat445
[UnityMemory] Configuration Parameters - Can be set up in boot.config
    "memorysetup-temp-allocator-size-nav-mesh-worker=65536"
    "memorysetup-temp-allocator-size-audio-worker=65536"
    "memorysetup-temp-allocator-size-gfx=262144"
    "memorysetup-allocator-temp-initial-block-size-main=262144"
    "memorysetup-allocator-temp-initial-block-size-worker=262144"
    "memorysetup-temp-allocator-size-background-worker=32768"
    "memorysetup-temp-allocator-size-job-worker=262144"
    "memorysetup-temp-allocator-size-preload-manager=33554432"
    "memorysetup-temp-allocator-size-gi-baking-worker=262144"
    "memorysetup-temp-allocator-size-gi-baking-worker=262144"
    "memorysetup-temp-allocator-size-gi-baking-worker=262144"
    "memorysetup-temp-allocator-size-gi-baking-worker=262144"
    "memorysetup-temp-allocator-size-gi-baking-worker=262144"
    "memorysetup-bucket-allocator-granularity=16"
    "memorysetup-bucket-allocator-bucket-count=8"
    "memorysetup-bucket-allocator-block-size=33554432"
    "memorysetup-bucket-allocator-block-count=8"
    "memorysetup-main-allocator-block-size=16777216"
    "memorysetup-thread-allocator-block-size=16777216"
    "memorysetup-gfx-main-allocator-block-size=16777216"
    "memorysetup-gfx-thread-allocator-block-size=16777216"
    "memorysetup-cache-allocator-block-size=4194304"
    "memorysetup-typetree-allocator-block-size=2097152"
    "memorysetup-profiler-bucket-allocator-granularity=16"
    "memorysetup-profiler-bucket-allocator-bucket-count=8"
    "memorysetup-profiler-bucket-allocator-block-size=33554432"
    "memorysetup-profiler-bucket-allocator-block-count=8"
    "memorysetup-profiler-allocator-block-size=16777216"
    "memorysetup-profiler-editor-allocator-block-size=1048576"
    "memorysetup-temp-allocator-size-main=16777216"
    "memorysetup-job-temp-allocator-block-size=2097152"
    "memorysetup-job-temp-allocator-block-size-background=1048576"
    "memorysetup-job-temp-allocator-reduction-small-platforms=262144"
    "memorysetup-temp-allocator-size-cloud-worker=32768"
Player connection [57828]  Target information:

Player connection [57828]  * "[IP] 192.168.1.68 [Port] 0 [Flags] 2 [Guid] 3096347349 [EditorId] 3096347349 [Version] 1048832 [Id] WindowsEditor(7,Shiro) [Debug] 1 [PackageName] WindowsEditor [ProjectName] Editor" 

Player connection [57828] Host joined multi-casting on [225.0.0.222:54997]...
Player connection [57828] Host joined alternative multi-casting on [225.0.0.222:34997]...
JobSystem: Creating JobQueue using job-worker-count value 3
Input System module state changed to: Initialized.
[Physics::Module] Initialized fallback backend.
[Physics::Module] Id: 0xdecafbad
Library Redirect Path: Library/
[Physics::Module] Selected backend.
[Physics::Module] Name: PhysX
[Physics::Module] Id: 0xf2b8ea05
[Physics::Module] SDK Version: 4.1.2
[Physics::Module] Integration Version: 1.0.0
[Physics::Module] Threading Mode: Multi-Threaded
Refreshing native plugins compatible for Editor in 78.67 ms, found 8 plugins.
Preloading 0 native plugins for Editor in 0.00 ms.
Initialize engine version: 6000.3.9f1 (7a9955a4f2fa)
[Subsystems] Discovering subsystems at path C:/Program Files/Unity/Hub/Editor/6000.3.9f1/Editor/Data/Resources/UnitySubsystems
[Subsystems] Discovering subsystems at path F:/Unity/iat445/iat445/Assets
GfxDevice: creating device client; kGfxThreadingModeNonThreaded
Direct3D:
    Version:  Direct3D 11.0 [level 11.1]
    Renderer: NVIDIA GeForce GTX 1650 Ti (ID=0x1f95)
    Vendor:   NVIDIA
    VRAM:     3935 MB
    Driver:   32.0.15.9174
Initialize mono
Mono path[0] = 'C:/Program Files/Unity/Hub/Editor/6000.3.9f1/Editor/Data/Managed'
Mono path[1] = 'C:/Program Files/Unity/Hub/Editor/6000.3.9f1/Editor/Data/MonoBleedingEdge/lib/mono/unityjit-win32'
Mono config path = 'C:/Program Files/Unity/Hub/Editor/6000.3.9f1/Editor/Data/MonoBleedingEdge/etc'
Using monoOptions --debugger-agent=transport=dt_socket,embedding=1,server=y,suspend=n,address=127.0.0.1:56464
Begin MonoManager ReloadAssembly
Registering precompiled unity dll's ...
Register platform support module: C:/Program Files/Unity/Hub/Editor/6000.3.9f1/Editor/Data/PlaybackEngines/WindowsStandaloneSupport/UnityEditor.WindowsStandalone.Extensions.dll
[Licensing::Module] Licensing is not yet initialized.
[Licensing::Client] Handshaking with LicensingClient:
  Version:                 1.17.4+4293ba1
  Session Id:              2428832ab27642ee9f01700697cae326
  Correlation Id:          2cc775fc258f6406c566cb3e6aa0ce64
  External correlation Id: 8340357718533766779
  Machine Id:              n4nzmS/RRhpfUkuB4P3ahyy7hgs=
[Licensing::Module] Successfully connected to LicensingClient on channel: "LicenseClient-Shiro" (connect: 0.00s, validation: 0.01s, handshake: 3.94s)
[Licensing::IpcConnector] Successfully connected to: "LicenseClient-Shiro-notifications" at "2026-03-15T08:29:24.5583638Z"
[Licensing::Module] Licensing Background thread has ended after 3.95s
[Licensing::Module] Licensing is initialized (took 0.78s).
[Licensing::Client] Successfully resolved entitlement details
[Licensing::Module] License group:
  Id: 18968356356170-phuongdangjapan123-UnityProStuXXXX
  Product: Unity Student
  Type: Assigned
  Expiration: 2026-12-13T00:22:22Z
Register platform support module: C:/Program Files/Unity/Hub/Editor/6000.3.9f1/Editor/Data/PlaybackEngines/AndroidPlayer/UnityEditor.Android.Extensions.dll
Registered in 0.793813 seconds.
- Loaded All Assemblies, in  1.890 seconds
Native extension for Android target not found
Android Extension - Scanning For ADB Devices 725 ms
Native extension for WindowsStandalone target not found
ScheduleIndexationOnStartup MainProcess:False IndexOnStartup:True
Mono: successfully reloaded assembly
- Finished resetting the current domain, in  1.906 seconds
Domain Reload Profiling: 3791ms
	BeginReloadAssembly (476ms)
		ExecutionOrderSort (0ms)
		DisableScriptedObjects (0ms)
		BackupInstance (0ms)
		ReleaseScriptingObjects (0ms)
		CreateAndSetChildDomain (2ms)
	RebuildCommonClasses (142ms)
	RebuildNativeTypeToScriptingClass (55ms)
	initialDomainReloadingComplete (882ms)
	LoadAllAssembliesAndSetupDomain (328ms)
		LoadAssemblies (467ms)
		RebuildTransferFunctionScriptingTraits (0ms)
		AnalyzeDomain (323ms)
			TypeCache.Refresh (320ms)
				TypeCache.ScanAssembly (299ms)
			BuildScriptInfoCaches (0ms)
			ResolveRequiredComponents (1ms)
	FinalizeReload (1906ms)
		ReleaseScriptCaches (0ms)
		RebuildScriptCaches (0ms)
		SetupLoadedEditorAssemblies (1809ms)
			LogAssemblyErrors (0ms)
			InitializePlatformSupportModulesInManaged (920ms)
			SetLoadedEditorAssemblies (20ms)
			BeforeProcessingInitializeOnLoad (361ms)
			ProcessInitializeOnLoadAttributes (375ms)
			ProcessInitializeOnLoadMethodAttributes (133ms)
			AfterProcessingInitializeOnLoad (0ms)
			EditorAssembliesLoaded (0ms)
		ExecutionOrderSort2 (0ms)
		AwakeInstancesAfterBackupRestoration (0ms)
========================================================================
Worker process is ready to serve import requests
Import Worker Mode flag is 0x00
Begin MonoManager ReloadAssembly
[Licensing::Client] Successfully resolved entitlement details
- Loaded All Assemblies, in  1.434 seconds
Refreshing native plugins compatible for Editor in 12.13 ms, found 8 plugins.
Native extension for Android target not found
Native extension for WindowsStandalone target not found
Package Manager log level set to [2]
[Package Manager] Failed to launch server process. Reason: Unity was launched with the -noUpm command-line argument
[Package Manager] Unable to send message (not connected to server process).
[Package Manager] Cannot connect to Unity Package Manager local server
Error loading the file 'Assets/XR/AndroidXR/AndroidXRSettingsInitializer'. File is either empty or corrupted, please verify the file contents.
UnityEngine.Debug:ExtractStackTraceNoAlloc (byte*,int,string)
UnityEngine.StackTraceUtility:ExtractStackTrace ()
UnityEditorInternal.InternalEditorUtility:SaveToSerializedFileAndForgetInternal (string,UnityEngine.Object[],bool)
UnityEditorInternal.InternalEditorUtility:SaveToSerializedFileAndForget (UnityEngine.Object[],string,bool)
UnityEditor.ScriptableSingleton`1<UnityEditor.XR.OpenXR.Features.Android.AndroidXRSettingsInitializer>:Save (bool)
UnityEditor.XR.OpenXR.Features.Android.AndroidXRSettingsInitializer:OnLoad () (at ./Library/PackageCache/com.unity.xr.androidxr-openxr@06acef508aa4/Editor/AndroidXRSettingsInitializer.cs:20)
System.Reflection.RuntimeMethodInfo:Invoke (object,System.Reflection.BindingFlags,System.Reflection.Binder,object[],System.Globalization.CultureInfo)
System.Reflection.MethodBase:Invoke (object,object[])
UnityEditor.EditorAssemblies:ProcessInitializeOnLoadMethodAttributes ()

[./Library/PackageCache/com.unity.xr.androidxr-openxr@06acef508aa4/Editor/AndroidXRSettingsInitializer.cs line 20]

ScheduleIndexationOnStartup MainProcess:False IndexOnStartup:True
Mono: successfully reloaded assembly
[Package Manager] Failed to launch server process. Reason: Unity was launched with the -noUpm command-line argument
[Package Manager] Unable to send message (not connected to server process).
[Package Manager] Cannot connect to Unity Package Manager local server
[Package Manager] Failed to launch server process. Reason: Unity was launched with the -noUpm command-line argument
[Package Manager] Unable to send message (not connected to server process).
[Package Manager] Cannot connect to Unity Package Manager local server
- Finished resetting the current domain, in  1.572 seconds
Domain Reload Profiling: 3002ms
	BeginReloadAssembly (377ms)
		ExecutionOrderSort (0ms)
		DisableScriptedObjects (14ms)
		BackupInstance (0ms)
		ReleaseScriptingObjects (0ms)
		CreateAndSetChildDomain (79ms)
	RebuildCommonClasses (72ms)
	RebuildNativeTypeToScriptingClass (24ms)
	initialDomainReloadingComplete (58ms)
	LoadAllAssembliesAndSetupDomain (898ms)
		LoadAssemblies (627ms)
		RebuildTransferFunctionScriptingTraits (0ms)
		AnalyzeDomain (460ms)
			TypeCache.Refresh (333ms)
				TypeCache.ScanAssembly (307ms)
			BuildScriptInfoCaches (100ms)
			ResolveRequiredComponents (20ms)
	FinalizeReload (1572ms)
		ReleaseScriptCaches (0ms)
		RebuildScriptCaches (0ms)
		SetupLoadedEditorAssemblies (1290ms)
			LogAssemblyErrors (0ms)
			InitializePlatformSupportModulesInManaged (19ms)
			SetLoadedEditorAssemblies (8ms)
			BeforeProcessingInitializeOnLoad (348ms)
			ProcessInitializeOnLoadAttributes (577ms)
			ProcessInitializeOnLoadMethodAttributes (328ms)
			AfterProcessingInitializeOnLoad (10ms)
			EditorAssembliesLoaded (0ms)
		ExecutionOrderSort2 (0ms)
		AwakeInstancesAfterBackupRestoration (8ms)
WARNING: Shader Unsupported: 'Hidden/Simulation/URP/Synthetic' - All subshaders removed
WARNING: Shader Did you use #pragma only_renderers and omit this platform?
WARNING: Shader If subshaders removal was intentional, you may have forgotten turning Fallback off?
WARNING: Shader Unsupported: 'Hidden/Simulation/URP/Synthetic' - All subshaders removed
WARNING: Shader Did you use #pragma only_renderers and omit this platform?
WARNING: Shader If subshaders removal was intentional, you may have forgotten turning Fallback off?
WARNING: Shader Unsupported: 'Hidden/Simulation/Synthetic Lit' - All subshaders removed
WARNING: Shader Did you use #pragma only_renderers and omit this platform?
WARNING: Shader If subshaders removal was intentional, you may have forgotten turning Fallback off?
WARNING: Shader Unsupported: 'Hidden/Simulation/Synthetic Lit' - All subshaders removed
WARNING: Shader Did you use #pragma only_renderers and omit this platform?
WARNING: Shader If subshaders removal was intentional, you may have forgotten turning Fallback off?
WARNING: Shader Unsupported: 'Simulation/Standard Lit' - All subshaders removed
WARNING: Shader Did you use #pragma only_renderers and omit this platform?
WARNING: Shader If subshaders removal was intentional, you may have forgotten turning Fallback off?
WARNING: Shader Unsupported: 'Simulation/Standard Lit' - All subshaders removed
WARNING: Shader Did you use #pragma only_renderers and omit this platform?
WARNING: Shader If subshaders removal was intentional, you may have forgotten turning Fallback off?
WARNING: Shader Unsupported: 'Simulation/URP/Room X-Ray' - All subshaders removed
WARNING: Shader Did you use #pragma only_renderers and omit this platform?
WARNING: Shader If subshaders removal was intentional, you may have forgotten turning Fallback off?
WARNING: Shader Unsupported: 'Simulation/URP/Room X-Ray' - All subshaders removed
WARNING: Shader Did you use #pragma only_renderers and omit this platform?
WARNING: Shader If subshaders removal was intentional, you may have forgotten turning Fallback off?
WARNING: Shader Unsupported: 'Simulation/Room X-Ray' - All subshaders removed
WARNING: Shader Did you use #pragma only_renderers and omit this platform?
WARNING: Shader If subshaders removal was intentional, you may have forgotten turning Fallback off?
WARNING: Shader Unsupported: 'Simulation/Room X-Ray' - All subshaders removed
WARNING: Shader Did you use #pragma only_renderers and omit this platform?
WARNING: Shader If subshaders removal was intentional, you may have forgotten turning Fallback off?
WARNING: Shader Unsupported: 'Simulation/URP/Lit' - All subshaders removed
WARNING: Shader Did you use #pragma only_renderers and omit this platform?
WARNING: Shader If subshaders removal was intentional, you may have forgotten turning Fallback off?
WARNING: Shader Unsupported: 'Simulation/URP/Lit' - All subshaders removed
WARNING: Shader Did you use #pragma only_renderers and omit this platform?
WARNING: Shader If subshaders removal was intentional, you may have forgotten turning Fallback off?
Launched and connected shader compiler UnityShaderCompiler.exe after 0.02 seconds
Refreshing native plugins compatible for Editor in 38.68 ms, found 8 plugins.
Preloading 0 native plugins for Editor in 0.00 ms.
Unloading 22 Unused Serialized files (Serialized files now loaded: 0)
Unloading 6276 unused Assets / (11.1 MB). Loaded Objects now: 7100.
Memory consumption went from 152.0 MB to 140.9 MB.
Total: 39.935800 ms (FindLiveObjects: 1.663200 ms CreateObjectMapping: 4.688100 ms MarkObjects: 13.605600 ms  DeleteObjects: 19.977200 ms)

========================================================================
Received Import Request.
  Time since last request: 59551.526196 seconds.
  path: Assets/XR/AndroidXR/AndroidXRSettingsInitializer
  artifactKey: Guid(3fec5b1471b1cc94b8c784fe0555f504) Importer(2089858483,b0f066a214c2f5e87bad3c948f4d605d)
Start importing Assets/XR/AndroidXR/AndroidXRSettingsInitializer using Guid(3fec5b1471b1cc94b8c784fe0555f504) Importer(2089858483,b0f066a214c2f5e87bad3c948f4d605d) (ScriptedImporter) -> (artifact id: '2a05143c3178699eae698260ac3ef115') in 0.1549329 seconds
Number of updated asset objects reloaded before import = 0Number of asset objects unloaded after import = 1

========================================================================
Received Import Request.
  Time since last request: 62.273663 seconds.
  path: Assets/Models/house/textures/house_details_BaseColor.png
  artifactKey: Guid(03214a05609a21b44be5f23bd558afaf) Importer(815301076,1909f56bfc062723c751e8b465ee728b)
Start importing Assets/Models/house/textures/house_details_BaseColor.png using Guid(03214a05609a21b44be5f23bd558afaf) Importer(815301076,1909f56bfc062723c751e8b465ee728b) (PreviewImporter)[Licensing::Client] Successfully resolved entitlement details
 -> (artifact id: '19d2084baaa77e19f7af0f065668e0db') in 0.1082478 seconds
Number of updated asset objects reloaded before import = 0Number of asset objects unloaded after import = 2

========================================================================
Received Import Request.
  Time since last request: 25.262124 seconds.
  path: Assets/Models/house/Materials
  artifactKey: Guid(11dbb53672fef4747853fe366effc9ce) Importer(2089858483,b0f066a214c2f5e87bad3c948f4d605d)
Start importing Assets/Models/house/Materials using Guid(11dbb53672fef4747853fe366effc9ce) Importer(2089858483,b0f066a214c2f5e87bad3c948f4d605d) (ScriptedImporter) -> (artifact id: '4f2d60821ac4338ad5f55fb1f044f603') in 0.0244675 seconds
Number of updated asset objects reloaded before import = 0Number of asset objects unloaded after import = 1

========================================================================
Received Import Request.
  Time since last request: 51.399572 seconds.
  path: Assets/Models/house/Materials/house_uv_unwraped_roof_BaseColor.mat
  artifactKey: Guid(7edef838d80efac41af0cba1f0cb880d) Importer(2089858483,b0f066a214c2f5e87bad3c948f4d605d)
Start importing Assets/Models/house/Materials/house_uv_unwraped_roof_BaseColor.mat using Guid(7edef838d80efac41af0cba1f0cb880d) Importer(2089858483,b0f066a214c2f5e87bad3c948f4d605d) (ScriptedImporter) -> (artifact id: '2cd4ba20f96a804b30fff430434646aa') in 0.2784001 seconds
Number of updated asset objects reloaded before import = 0Number of asset objects unloaded after import = 2

========================================================================
Received Import Request.
  Time since last request: 72.620626 seconds.
  path: Assets/Models/house/Materials/house_uv_unwraped_walls_BaseColor.mat
  artifactKey: Guid(e9d3fff04da49034ead88c9e74512b5e) Importer(2089858483,b0f066a214c2f5e87bad3c948f4d605d)
Start importing Assets/Models/house/Materials/house_uv_unwraped_walls_BaseColor.mat using Guid(e9d3fff04da49034ead88c9e74512b5e) Importer(2089858483,b0f066a214c2f5e87bad3c948f4d605d) (ScriptedImporter) -> (artifact id: '032871141f70030b1f2d3461cf88accf') in 0.0235715 seconds
Number of updated asset objects reloaded before import = 0Number of asset objects unloaded after import = 2

========================================================================
Received Import Request.
  Time since last request: 0.000027 seconds.
  path: Assets/Models/house/Materials/house_details_BaseColor.mat
  artifactKey: Guid(5758d7521f891994aad34f8742bfb121) Importer(2089858483,b0f066a214c2f5e87bad3c948f4d605d)
Start importing Assets/Models/house/Materials/house_details_BaseColor.mat using Guid(5758d7521f891994aad34f8742bfb121) Importer(2089858483,b0f066a214c2f5e87bad3c948f4d605d) (ScriptedImporter) -> (artifact id: '2dc7c25b61d27c7baba61b9bf71695ac') in 0.0280719 seconds
Number of updated asset objects reloaded before import = 0Number of asset objects unloaded after import = 4

========================================================================
Received Import Request.
  Time since last request: 26.297051 seconds.
  path: Assets/Models/house/Materials/house_uv_unwraped_windows_BaseColor.mat
  artifactKey: Guid(ced9e286acd18c44aad23d2d3f0d1689) Importer(2089858483,b0f066a214c2f5e87bad3c948f4d605d)
Start importing Assets/Models/house/Materials/house_uv_unwraped_windows_BaseColor.mat using Guid(ced9e286acd18c44aad23d2d3f0d1689) Importer(2089858483,b0f066a214c2f5e87bad3c948f4d605d) (ScriptedImporter) -> (artifact id: 'cb3e9a068661e9017266ea81c6b301db') in 0.0636031 seconds
Number of updated asset objects reloaded before import = 0Number of asset objects unloaded after import = 2

========================================================================
Received Import Request.
  Time since last request: 2492.168447 seconds.
  path: Assets/Models/house
  artifactKey: Guid(55a646f061a96694983e54f70902eb23) Importer(815301076,1909f56bfc062723c751e8b465ee728b)
Start importing Assets/Models/house using Guid(55a646f061a96694983e54f70902eb23) Importer(815301076,1909f56bfc062723c751e8b465ee728b) (PreviewImporter) -> (artifact id: '7a1a00172040d9d9aeba81020d08b4e7') in 0.0218513 seconds
Number of updated asset objects reloaded before import = 0Number of asset objects unloaded after import = 0

========================================================================
Received Import Request.
  Time since last request: 91.172518 seconds.
  path: Assets/Models/house/textures/Okno2_albedo.jpg
  artifactKey: Guid(027546d21ea1cd64a8d9aa8152d9ced8) Importer(2089858483,b0f066a214c2f5e87bad3c948f4d605d)
Start importing Assets/Models/house/textures/Okno2_albedo.jpg using Guid(027546d21ea1cd64a8d9aa8152d9ced8) Importer(2089858483,b0f066a214c2f5e87bad3c948f4d605d) (ScriptedImporter) -> (artifact id: '9bb367638df01071ca2f0d6e1c004bc7') in 0.3602674 seconds
Number of updated asset objects reloaded before import = 0Number of asset objects unloaded after import = 1

========================================================================
Received Import Request.
  Time since last request: 0.000032 seconds.
  path: Assets/Models/house/textures/Stupeni_normal.jpg
  artifactKey: Guid(fb445a3a4e8b4894a85291436949334d) Importer(2089858483,b0f066a214c2f5e87bad3c948f4d605d)
Start importing Assets/Models/house/textures/Stupeni_normal.jpg using Guid(fb445a3a4e8b4894a85291436949334d) Importer(2089858483,b0f066a214c2f5e87bad3c948f4d605d) (ScriptedImporter) -> (artifact id: '7e6c374505218ca7ff77760b404f5b65') in 0.0622068 seconds
Number of updated asset objects reloaded before import = 0Number of asset objects unloaded after import = 1

========================================================================
Received Import Request.
  Time since last request: 0.000037 seconds.
  path: Assets/Models/house/textures/Pol_metallic.jpg
  artifactKey: Guid(6cca360613b67f24ea1259f8f58b954c) Importer(2089858483,b0f066a214c2f5e87bad3c948f4d605d)
Start importing Assets/Models/house/textures/Pol_metallic.jpg using Guid(6cca360613b67f24ea1259f8f58b954c) Importer(2089858483,b0f066a214c2f5e87bad3c948f4d605d) (ScriptedImporter) -> (artifact id: 'ada7a44bb6cb8d07c99af099d6e59ac3') in 0.1204714 seconds
Number of updated asset objects reloaded before import = 0Number of asset objects unloaded after import = 1

========================================================================
Received Import Request.
  Time since last request: 0.000029 seconds.
  path: Assets/Models/house/textures/Korob1_albedo.jpg
  artifactKey: Guid(d5d4455b369bd074ba5cddc96fb04f2c) Importer(2089858483,b0f066a214c2f5e87bad3c948f4d605d)
Start importing Assets/Models/house/textures/Korob1_albedo.jpg using Guid(d5d4455b369bd074ba5cddc96fb04f2c) Importer(2089858483,b0f066a214c2f5e87bad3c948f4d605d) (ScriptedImporter) -> (artifact id: '300e32199f78cbdc7c5d932bf6d2bf7f') in 0.0434747 seconds
Number of updated asset objects reloaded before import = 0Number of asset objects unloaded after import = 1

========================================================================
Received Import Request.
  Time since last request: 0.000041 seconds.
  path: Assets/Models/house/textures/Door2_AO.jpg
  artifactKey: Guid(874ab65d7c7f3a44f9e7a10d048eb6b5) Importer(2089858483,b0f066a214c2f5e87bad3c948f4d605d)
Start importing Assets/Models/house/textures/Door2_AO.jpg using Guid(874ab65d7c7f3a44f9e7a10d048eb6b5) Importer(2089858483,b0f066a214c2f5e87bad3c948f4d605d) (ScriptedImporter) -> (artifact id: '4beb0c678e023ad58aa1b84cbfe1b7e0') in 0.1064655 seconds
Number of updated asset objects reloaded before import = 0Number of asset objects unloaded after import = 1

========================================================================
Received Import Request.
  Time since last request: 0.000024 seconds.
  path: Assets/Models/house/textures/Okno1_roughness.jpg
  artifactKey: Guid(e38923c778685a542a442dfa69c18ea4) Importer(2089858483,b0f066a214c2f5e87bad3c948f4d605d)
Start importing Assets/Models/house/textures/Okno1_roughness.jpg using Guid(e38923c778685a542a442dfa69c18ea4) Importer(2089858483,b0f066a214c2f5e87bad3c948f4d605d) (ScriptedImporter) -> (artifact id: '246f7a00b129b7ab7be8cde5240f88bb') in 0.0317255 seconds
Number of updated asset objects reloaded before import = 0Number of asset objects unloaded after import = 1

========================================================================
Received Import Request.
  Time since last request: 0.000032 seconds.
  path: Assets/Models/house/textures/Korob2_normal.jpg
  artifactKey: Guid(bd7bd409cab8b00409deb29240fa5a85) Importer(2089858483,b0f066a214c2f5e87bad3c948f4d605d)
Start importing Assets/Models/house/textures/Korob2_normal.jpg using Guid(bd7bd409cab8b00409deb29240fa5a85) Importer(2089858483,b0f066a214c2f5e87bad3c948f4d605d) (ScriptedImporter) -> (artifact id: 'ebf8aa0aca1eb1e93cf25b01b7dcb260') in 0.0417323 seconds
Number of updated asset objects reloaded before import = 0Number of asset objects unloaded after import = 1

========================================================================
Received Import Request.
  Time since last request: 0.000021 seconds.
  path: Assets/Models/house/textures/Door1_roughness.jpg
  artifactKey: Guid(d51314d35f642884a80e7596410485d5) Importer(2089858483,b0f066a214c2f5e87bad3c948f4d605d)
Start importing Assets/Models/house/textures/Door1_roughness.jpg using Guid(d51314d35f642884a80e7596410485d5) Importer(2089858483,b0f066a214c2f5e87bad3c948f4d605d) (ScriptedImporter) -> (artifact id: '41b59883a1c8615c7c86218afb4ee413') in 0.0536552 seconds
Number of updated asset objects reloaded before import = 0Number of asset objects unloaded after import = 1

========================================================================
Received Import Request.
  Time since last request: 0.000027 seconds.
  path: Assets/Models/house/textures/Kozirek_albedo.jpg
  artifactKey: Guid(98de7b375df2e9148b02ef205b9dc38f) Importer(2089858483,b0f066a214c2f5e87bad3c948f4d605d)
Start importing Assets/Models/house/textures/Kozirek_albedo.jpg using Guid(98de7b375df2e9148b02ef205b9dc38f) Importer(2089858483,b0f066a214c2f5e87bad3c948f4d605d) (ScriptedImporter) -> (artifact id: '296c8609331b79f8078fcfdb6a874d44') in 0.0447399 seconds
Number of updated asset objects reloaded before import = 0Number of asset objects unloaded after import = 1

========================================================================
Received Import Request.
  Time since last request: 0.000035 seconds.
  path: Assets/Models/house/textures/Korob2_roughness.jpg
  artifactKey: Guid(932898ca00c473745892c84358f1ad31) Importer(2089858483,b0f066a214c2f5e87bad3c948f4d605d)
Start importing Assets/Models/house/textures/Korob2_roughness.jpg using Guid(932898ca00c473745892c84358f1ad31) Importer(2089858483,b0f066a214c2f5e87bad3c948f4d605d) (ScriptedImporter) -> (artifact id: '14649ef8f3ff192b73a7ebabe6bfb74f') in 0.0392797 seconds
Number of updated asset objects reloaded before import = 0Number of asset objects unloaded after import = 1

========================================================================
Received Import Request.
  Time since last request: 0.000022 seconds.
  path: Assets/Models/house/textures/Okno1_normal.jpg
  artifactKey: Guid(ed2676cab24185b45be0c880ee7e656d) Importer(2089858483,b0f066a214c2f5e87bad3c948f4d605d)
Start importing Assets/Models/house/textures/Okno1_normal.jpg using Guid(ed2676cab24185b45be0c880ee7e656d) Importer(2089858483,b0f066a214c2f5e87bad3c948f4d605d) (ScriptedImporter) -> (artifact id: 'f715f4726b2b9d5a413b208a792ef76d') in 0.0926391 seconds
Number of updated asset objects reloaded before import = 0Number of asset objects unloaded after import = 1

========================================================================
Received Import Request.
  Time since last request: 0.000025 seconds.
  path: Assets/Models/house/textures/internal_ground_ao_texture.jpeg
  artifactKey: Guid(78ff43bb238a9494d8b3c94412c2b658) Importer(2089858483,b0f066a214c2f5e87bad3c948f4d605d)
Start importing Assets/Models/house/textures/internal_ground_ao_texture.jpeg using Guid(78ff43bb238a9494d8b3c94412c2b658) Importer(2089858483,b0f066a214c2f5e87bad3c948f4d605d) (ScriptedImporter) -> (artifact id: '222cae44ab4ed3df80f7e4a826e2bd5c') in 0.0312621 seconds
Number of updated asset objects reloaded before import = 0Number of asset objects unloaded after import = 1

========================================================================
Received Import Request.
  Time since last request: 0.000036 seconds.
  path: Assets/Models/house/textures/Stena_albedo.jpg
  artifactKey: Guid(c648b207ff8761e469e7551480d213c3) Importer(2089858483,b0f066a214c2f5e87bad3c948f4d605d)
Start importing Assets/Models/house/textures/Stena_albedo.jpg using Guid(c648b207ff8761e469e7551480d213c3) Importer(2089858483,b0f066a214c2f5e87bad3c948f4d605d) (ScriptedImporter) -> (artifact id: 'a099e69cfc499ba57a76e1a291ea1178') in 0.0514599 seconds
Number of updated asset objects reloaded before import = 0Number of asset objects unloaded after import = 1

========================================================================
Received Import Request.
  Time since last request: 0.000023 seconds.
  path: Assets/Models/house/textures/Korob2_metallic.jpg
  artifactKey: Guid(65686a220d1dac749ad1b7f5479113fe) Importer(2089858483,b0f066a214c2f5e87bad3c948f4d605d)
Start importing Assets/Models/house/textures/Korob2_metallic.jpg using Guid(65686a220d1dac749ad1b7f5479113fe) Importer(2089858483,b0f066a214c2f5e87bad3c948f4d605d) (ScriptedImporter) -> (artifact id: '58a0d453065ed3ffbf200151e176557e') in 0.1183838 seconds
Number of updated asset objects reloaded before import = 0Number of asset objects unloaded after import = 1

========================================================================
Received Import Request.
  Time since last request: 0.000028 seconds.
  path: Assets/Models/house/textures/Stupeni_albedo.jpg
  artifactKey: Guid(8a2fcfe2964ac524e9d4f843fce7bafc) Importer(2089858483,b0f066a214c2f5e87bad3c948f4d605d)
Start importing Assets/Models/house/textures/Stupeni_albedo.jpg using Guid(8a2fcfe2964ac524e9d4f843fce7bafc) Importer(2089858483,b0f066a214c2f5e87bad3c948f4d605d) (ScriptedImporter) -> (artifact id: 'ab93ef71bd04fed49754accd43daafe0') in 0.47333 seconds
Number of updated asset objects reloaded before import = 0Number of asset objects unloaded after import = 1

========================================================================
Received Import Request.
  Time since last request: 0.000054 seconds.
  path: Assets/Models/house/old-russian-house.zip
  artifactKey: Guid(9387f12f324930249962ecceb13f1f35) Importer(2089858483,b0f066a214c2f5e87bad3c948f4d605d)
Start importing Assets/Models/house/old-russian-house.zip using Guid(9387f12f324930249962ecceb13f1f35) Importer(2089858483,b0f066a214c2f5e87bad3c948f4d605d) (ScriptedImporter) -> (artifact id: '9f98724fffb2f1dc7c30448e20c48a2b') in 0.0406279 seconds
Number of updated asset objects reloaded before import = 0Number of asset objects unloaded after import = 1

========================================================================
Received Import Request.
  Time since last request: 0.000035 seconds.
  path: Assets/Models/house/textures/Stupeni_AO.jpg
  artifactKey: Guid(d197a967613c9554a92429585fce3eff) Importer(2089858483,b0f066a214c2f5e87bad3c948f4d605d)
Start importing Assets/Models/house/textures/Stupeni_AO.jpg using Guid(d197a967613c9554a92429585fce3eff) Importer(2089858483,b0f066a214c2f5e87bad3c948f4d605d) (ScriptedImporter) -> (artifact id: '7372606c3c2af327b0bdab7cf0162cd8') in 0.0525471 seconds
Number of updated asset objects reloaded before import = 0Number of asset objects unloaded after import = 1

========================================================================
Received Import Request.
  Time since last request: 0.000075 seconds.
  path: Assets/Models/house/textures/Shifer_roughness.jpg
  artifactKey: Guid(daf2e7c88f0f6f04685709d2405d209f) Importer(2089858483,b0f066a214c2f5e87bad3c948f4d605d)
Start importing Assets/Models/house/textures/Shifer_roughness.jpg using Guid(daf2e7c88f0f6f04685709d2405d209f) Importer(2089858483,b0f066a214c2f5e87bad3c948f4d605d) (ScriptedImporter) -> (artifact id: '45da0987ddfc7bd910661294e58590c9') in 0.0328417 seconds
Number of updated asset objects reloaded before import = 0Number of asset objects unloaded after import = 1

========================================================================
Received Import Request.
  Time since last request: 0.000025 seconds.
  path: Assets/Models/house/textures/Pol_AO.jpg
  artifactKey: Guid(dc0dda265e7ed174f8111227e2754ee4) Importer(2089858483,b0f066a214c2f5e87bad3c948f4d605d)
Start importing Assets/Models/house/textures/Pol_AO.jpg using Guid(dc0dda265e7ed174f8111227e2754ee4) Importer(2089858483,b0f066a214c2f5e87bad3c948f4d605d) (ScriptedImporter) -> (artifact id: '41631ec20db57cafd45ac1dea493dc98') in 0.0385606 seconds
Number of updated asset objects reloaded before import = 0Number of asset objects unloaded after import = 1

========================================================================
Received Import Request.
  Time since last request: 0.000044 seconds.
  path: Assets/Models/house/textures/Pol_albedo.jpg
  artifactKey: Guid(3d9a0568b7daf054c8313bcffa45b20e) Importer(2089858483,b0f066a214c2f5e87bad3c948f4d605d)
Start importing Assets/Models/house/textures/Pol_albedo.jpg using Guid(3d9a0568b7daf054c8313bcffa45b20e) Importer(2089858483,b0f066a214c2f5e87bad3c948f4d605d) (ScriptedImporter) -> (artifact id: 'fcefb84f81d2dfc6cd949bf671276e8d') in 0.05348 seconds
Number of updated asset objects reloaded before import = 0Number of asset objects unloaded after import = 1

========================================================================
Received Import Request.
  Time since last request: 0.000038 seconds.
  path: Assets/Models/house/textures/Shifer_normal.jpg
  artifactKey: Guid(0c2c56a778337174595ebfa9b983e947) Importer(2089858483,b0f066a214c2f5e87bad3c948f4d605d)
Start importing Assets/Models/house/textures/Shifer_normal.jpg using Guid(0c2c56a778337174595ebfa9b983e947) Importer(2089858483,b0f066a214c2f5e87bad3c948f4d605d) (ScriptedImporter) -> (artifact id: '64f45f8902948daf6d676d98da64517e') in 0.0323295 seconds
Number of updated asset objects reloaded before import = 0Number of asset objects unloaded after import = 1

========================================================================
Received Import Request.
  Time since last request: 0.000080 seconds.
  path: Assets/Models/house/textures/Door2_albedo.jpg
  artifactKey: Guid(58e17cc3e9974c8499af36456963ae89) Importer(2089858483,b0f066a214c2f5e87bad3c948f4d605d)
Start importing Assets/Models/house/textures/Door2_albedo.jpg using Guid(58e17cc3e9974c8499af36456963ae89) Importer(2089858483,b0f066a214c2f5e87bad3c948f4d605d) (ScriptedImporter) -> (artifact id: '35fb67fd5ca894727e26e6995f71eed5') in 0.0303928 seconds
Number of updated asset objects reloaded before import = 0Number of asset objects unloaded after import = 1

========================================================================
Received Import Request.
  Time since last request: 0.000029 seconds.
  path: Assets/Models/house/textures/Door2_roughness.jpg
  artifactKey: Guid(3b27641d0bc2dd74fbc5c8f7e71d80c8) Importer(2089858483,b0f066a214c2f5e87bad3c948f4d605d)
Start importing Assets/Models/house/textures/Door2_roughness.jpg using Guid(3b27641d0bc2dd74fbc5c8f7e71d80c8) Importer(2089858483,b0f066a214c2f5e87bad3c948f4d605d) (ScriptedImporter) -> (artifact id: '7cca02aa271bd415ecbb0d435c3f547e') in 0.0286345 seconds
Number of updated asset objects reloaded before import = 0Number of asset objects unloaded after import = 1

========================================================================
Received Import Request.
  Time since last request: 0.000471 seconds.
  path: Assets/Models/house/textures/Door1_normal.jpg
  artifactKey: Guid(4cccaba484b0d284191a66653f5f0cfc) Importer(2089858483,b0f066a214c2f5e87bad3c948f4d605d)
Start importing Assets/Models/house/textures/Door1_normal.jpg using Guid(4cccaba484b0d284191a66653f5f0cfc) Importer(2089858483,b0f066a214c2f5e87bad3c948f4d605d) (ScriptedImporter) -> (artifact id: '945d776c19f9ef3bc6707cfde395b7c6') in 0.0522529 seconds
Number of updated asset objects reloaded before import = 0Number of asset objects unloaded after import = 1

========================================================================
Received Import Request.
  Time since last request: 0.000024 seconds.
  path: Assets/Models/house/textures/Okno2_metallic.jpg
  artifactKey: Guid(7fd41829616d63d48aef8f90c500ecfa) Importer(2089858483,b0f066a214c2f5e87bad3c948f4d605d)
Start importing Assets/Models/house/textures/Okno2_metallic.jpg using Guid(7fd41829616d63d48aef8f90c500ecfa) Importer(2089858483,b0f066a214c2f5e87bad3c948f4d605d) (ScriptedImporter) -> (artifact id: '4be6550252b72a26e84bd5dd6a33c5f4') in 0.0311875 seconds
Number of updated asset objects reloaded before import = 0Number of asset objects unloaded after import = 1

========================================================================
Received Import Request.
  Time since last request: 0.000234 seconds.
  path: Assets/Models/house/textures/Okno1_metallic.jpg
  artifactKey: Guid(673477fb6ced4164b93af7506a05dbd0) Importer(2089858483,b0f066a214c2f5e87bad3c948f4d605d)
Start importing Assets/Models/house/textures/Okno1_metallic.jpg using Guid(673477fb6ced4164b93af7506a05dbd0) Importer(2089858483,b0f066a214c2f5e87bad3c948f4d605d) (ScriptedImporter) -> (artifact id: 'eff1698b465228f082f77174a832b96e') in 0.0556691 seconds
Number of updated asset objects reloaded before import = 0Number of asset objects unloaded after import = 1

========================================================================
Received Import Request.
  Time since last request: 0.000038 seconds.
  path: Assets/Models/house/textures/Stena_AO.jpg
  artifactKey: Guid(e35ea7ba72a13ed4c95c4be3f9015791) Importer(2089858483,b0f066a214c2f5e87bad3c948f4d605d)
Start importing Assets/Models/house/textures/Stena_AO.jpg using Guid(e35ea7ba72a13ed4c95c4be3f9015791) Importer(2089858483,b0f066a214c2f5e87bad3c948f4d605d) (ScriptedImporter) -> (artifact id: 'c5bf593db71e71b796e952bdcc480cef') in 0.0305177 seconds
Number of updated asset objects reloaded before import = 0Number of asset objects unloaded after import = 1

========================================================================
Received Import Request.
  Time since last request: 0.000025 seconds.
  path: Assets/Models/house/textures/Kozirek_metallic.jpg
  artifactKey: Guid(4a7fec051be2ea1459698e1083ac6713) Importer(2089858483,b0f066a214c2f5e87bad3c948f4d605d)
Start importing Assets/Models/house/textures/Kozirek_metallic.jpg using Guid(4a7fec051be2ea1459698e1083ac6713) Importer(2089858483,b0f066a214c2f5e87bad3c948f4d605d) (ScriptedImporter) -> (artifact id: '1d3d0a80b42cc07e3556861fba90ee6e') in 0.0266221 seconds
Number of updated asset objects reloaded before import = 0Number of asset objects unloaded after import = 1

========================================================================
Received Import Request.
  Time since last request: 0.000036 seconds.
  path: Assets/Models/house/textures/Korob1_metallic.jpg
  artifactKey: Guid(41ac8d8cca4a3344cbccecb1d98be530) Importer(2089858483,b0f066a214c2f5e87bad3c948f4d605d)
Start importing Assets/Models/house/textures/Korob1_metallic.jpg using Guid(41ac8d8cca4a3344cbccecb1d98be530) Importer(2089858483,b0f066a214c2f5e87bad3c948f4d605d) (ScriptedImporter) -> (artifact id: 'cd1a2e9f59264d3a9bdafcf01fc89b4a') in 0.0277306 seconds
Number of updated asset objects reloaded before import = 0Number of asset objects unloaded after import = 1

========================================================================
Received Import Request.
  Time since last request: 0.000033 seconds.
  path: Assets/Models/house/textures/Stena_metallic.jpg
  artifactKey: Guid(fb9047a92b2a3824bb9aae55a8bbc2ea) Importer(2089858483,b0f066a214c2f5e87bad3c948f4d605d)
Start importing Assets/Models/house/textures/Stena_metallic.jpg using Guid(fb9047a92b2a3824bb9aae55a8bbc2ea) Importer(2089858483,b0f066a214c2f5e87bad3c948f4d605d) (ScriptedImporter) -> (artifact id: '60cf9a45351e81c3a812a384e94dd3a9') in 0.0294094 seconds
Number of updated asset objects reloaded before import = 0Number of asset objects unloaded after import = 1

========================================================================
Received Import Request.
  Time since last request: 0.000021 seconds.
  path: Assets/Models/house/textures/Door2_metallic.jpg
  artifactKey: Guid(3c74da9258622374896c6c7c8bd87ffc) Importer(2089858483,b0f066a214c2f5e87bad3c948f4d605d)
Start importing Assets/Models/house/textures/Door2_metallic.jpg using Guid(3c74da9258622374896c6c7c8bd87ffc) Importer(2089858483,b0f066a214c2f5e87bad3c948f4d605d) (ScriptedImporter) -> (artifact id: '3292085a5545a6798ca73318e5d3d8c0') in 0.0286136 seconds
Number of updated asset objects reloaded before import = 0Number of asset objects unloaded after import = 1

========================================================================
Received Import Request.
  Time since last request: 0.000025 seconds.
  path: Assets/Models/house/textures/Stena_roughness.jpg
  artifactKey: Guid(57d8ba55889b9e74cbd3438726e43f5d) Importer(2089858483,b0f066a214c2f5e87bad3c948f4d605d)
Start importing Assets/Models/house/textures/Stena_roughness.jpg using Guid(57d8ba55889b9e74cbd3438726e43f5d) Importer(2089858483,b0f066a214c2f5e87bad3c948f4d605d) (ScriptedImporter) -> (artifact id: 'd3fd7268aebf28b9d23698c60f4ab586') in 0.028036 seconds
Number of updated asset objects reloaded before import = 0Number of asset objects unloaded after import = 1

========================================================================
Received Import Request.
  Time since last request: 21.924465 seconds.
  path: Assets/Models/house/textures/Door1_albedo.jpg
  artifactKey: Guid(2a335e7af144898479ea38f19d64cfb0) Importer(815301076,1909f56bfc062723c751e8b465ee728b)
Start importing Assets/Models/house/textures/Door1_albedo.jpg using Guid(2a335e7af144898479ea38f19d64cfb0) Importer(815301076,1909f56bfc062723c751e8b465ee728b) (PreviewImporter) -> (artifact id: '472db50a6a032377a2cb329c1da8c8d5') in 0.1364453 seconds
Number of updated asset objects reloaded before import = 0Number of asset objects unloaded after import = 2

========================================================================
Received Import Request.
  Time since last request: 3.885373 seconds.
  path: Assets/Models/house/textures/Door1_AO.jpg
  artifactKey: Guid(0168a632f7d4ed24a90c8334774c76c7) Importer(815301076,1909f56bfc062723c751e8b465ee728b)
Start importing Assets/Models/house/textures/Door1_AO.jpg using Guid(0168a632f7d4ed24a90c8334774c76c7) Importer(815301076,1909f56bfc062723c751e8b465ee728b) (PreviewImporter) -> (artifact id: '807ceb1c9058796023057dbbc507b9e4') in 0.0773683 seconds
Number of updated asset objects reloaded before import = 0Number of asset objects unloaded after import = 2

========================================================================
Received Import Request.
  Time since last request: 10.896427 seconds.
  path: Assets/Models/house/Materials/Door1_albedo.mat
  artifactKey: Guid(6349497d32b4ea748ac31a079bd27cae) Importer(2089858483,b0f066a214c2f5e87bad3c948f4d605d)
Start importing Assets/Models/house/Materials/Door1_albedo.mat using Guid(6349497d32b4ea748ac31a079bd27cae) Importer(2089858483,b0f066a214c2f5e87bad3c948f4d605d) (ScriptedImporter) -> (artifact id: '8734fc63e8e4aae522af7b2973eda358') in 0.0309042 seconds
Number of updated asset objects reloaded before import = 0Number of asset objects unloaded after import = 2

========================================================================
Received Import Request.
  Time since last request: 38.566490 seconds.
  path: Assets/Models/house/textures/Door2_albedo.jpg
  artifactKey: Guid(58e17cc3e9974c8499af36456963ae89) Importer(815301076,1909f56bfc062723c751e8b465ee728b)
Start importing Assets/Models/house/textures/Door2_albedo.jpg using Guid(58e17cc3e9974c8499af36456963ae89) Importer(815301076,1909f56bfc062723c751e8b465ee728b) (PreviewImporter) -> (artifact id: '3a818ca10b3d797f7111b9f56341d960') in 0.0301255 seconds
Number of updated asset objects reloaded before import = 0Number of asset objects unloaded after import = 2

========================================================================
Received Import Request.
  Time since last request: 16.481768 seconds.
  path: Assets/Models/house/Materials/Door2_albedo.mat
  artifactKey: Guid(f3b8ce1898977b4459d9289c93083494) Importer(2089858483,b0f066a214c2f5e87bad3c948f4d605d)
Start importing Assets/Models/house/Materials/Door2_albedo.mat using Guid(f3b8ce1898977b4459d9289c93083494) Importer(2089858483,b0f066a214c2f5e87bad3c948f4d605d) (ScriptedImporter) -> (artifact id: '3e97198bf3a5e6b615a2b8e709a6382a') in 0.04724 seconds
Number of updated asset objects reloaded before import = 0Number of asset objects unloaded after import = 2

========================================================================
Received Import Request.
  Time since last request: 779.915376 seconds.
  path: Assets/Models/house/textures/Korob1_albedo.jpg
  artifactKey: Guid(d5d4455b369bd074ba5cddc96fb04f2c) Importer(815301076,1909f56bfc062723c751e8b465ee728b)
Start importing Assets/Models/house/textures/Korob1_albedo.jpg using Guid(d5d4455b369bd074ba5cddc96fb04f2c) Importer(815301076,1909f56bfc062723c751e8b465ee728b) (PreviewImporter) -> (artifact id: '460a6e5c50fb0a157434f3e24fc787fe') in 0.035001 seconds
Number of updated asset objects reloaded before import = 0Number of asset objects unloaded after import = 2

========================================================================
Received Import Request.
  Time since last request: 0.572277 seconds.
  path: Assets/Models/house/textures/Korob1_metallic.jpg
  artifactKey: Guid(41ac8d8cca4a3344cbccecb1d98be530) Importer(815301076,1909f56bfc062723c751e8b465ee728b)
Start importing Assets/Models/house/textures/Korob1_metallic.jpg using Guid(41ac8d8cca4a3344cbccecb1d98be530) Importer(815301076,1909f56bfc062723c751e8b465ee728b) (PreviewImporter) -> (artifact id: '14218be49aa99d3a865a76aea15d0d2a') in 0.0708256 seconds
Number of updated asset objects reloaded before import = 0Number of asset objects unloaded after import = 2

========================================================================
Received Import Request.
  Time since last request: 196.214745 seconds.
  path: Assets/Models/house/textures/House_Roof_albedo.jpeg
  artifactKey: Guid(4db1641543b75d64aa607ce80b9393dc) Importer(2089858483,b0f066a214c2f5e87bad3c948f4d605d)
Start importing Assets/Models/house/textures/House_Roof_albedo.jpeg using Guid(4db1641543b75d64aa607ce80b9393dc) Importer(2089858483,b0f066a214c2f5e87bad3c948f4d605d) (ScriptedImporter) -> (artifact id: '00db1854155ce90d38f94f47a922fee7') in 0.0824311 seconds
Number of updated asset objects reloaded before import = 0Number of asset objects unloaded after import = 1

========================================================================
Received Import Request.
  Time since last request: 0.000028 seconds.
  path: Assets/Models/house/textures/House_Window_normal.png
  artifactKey: Guid(b5a1c4de30de63d4590b3f9b9207ea5f) Importer(2089858483,b0f066a214c2f5e87bad3c948f4d605d)
Start importing Assets/Models/house/textures/House_Window_normal.png using Guid(b5a1c4de30de63d4590b3f9b9207ea5f) Importer(2089858483,b0f066a214c2f5e87bad3c948f4d605d) (ScriptedImporter) -> (artifact id: '96dc26b05c5ed3758d456ab3a4f631ba') in 0.0317016 seconds
Number of updated asset objects reloaded before import = 0Number of asset objects unloaded after import = 1

========================================================================
Received Import Request.
  Time since last request: 0.000037 seconds.
  path: Assets/Models/house/textures/House_wall_AO.jpeg
  artifactKey: Guid(292d95e4efc1f9d49bd63a9ef8fc9a9b) Importer(2089858483,b0f066a214c2f5e87bad3c948f4d605d)
Start importing Assets/Models/house/textures/House_wall_AO.jpeg using Guid(292d95e4efc1f9d49bd63a9ef8fc9a9b) Importer(2089858483,b0f066a214c2f5e87bad3c948f4d605d) (ScriptedImporter) -> (artifact id: 'f22ae300e419d22c3e065d83fa308160') in 0.0524584 seconds
Number of updated asset objects reloaded before import = 0Number of asset objects unloaded after import = 1

========================================================================
Received Import Request.
  Time since last request: 0.000026 seconds.
  path: Assets/Models/house/textures/internal_ground_ao_texture.jpeg
  artifactKey: Guid(78ff43bb238a9494d8b3c94412c2b658) Importer(2089858483,b0f066a214c2f5e87bad3c948f4d605d)
Start importing Assets/Models/house/textures/internal_ground_ao_texture.jpeg using Guid(78ff43bb238a9494d8b3c94412c2b658) Importer(2089858483,b0f066a214c2f5e87bad3c948f4d605d) (ScriptedImporter) -> (artifact id: 'a3d5a299a0a86e84815773f447417c21') in 0.1187584 seconds
Number of updated asset objects reloaded before import = 0Number of asset objects unloaded after import = 1

========================================================================
Received Import Request.
  Time since last request: 0.000033 seconds.
  path: Assets/Models/house/textures/House_Roof_AO.jpeg
  artifactKey: Guid(f0c29a71f96c75945a343337bca63496) Importer(2089858483,b0f066a214c2f5e87bad3c948f4d605d)
Start importing Assets/Models/house/textures/House_Roof_AO.jpeg using Guid(f0c29a71f96c75945a343337bca63496) Importer(2089858483,b0f066a214c2f5e87bad3c948f4d605d) (ScriptedImporter) -> (artifact id: '1aa532ccc54e2763dbb15cd99af168c9') in 0.0454906 seconds
Number of updated asset objects reloaded before import = 0Number of asset objects unloaded after import = 1

========================================================================
Received Import Request.
  Time since last request: 0.000023 seconds.
  path: Assets/Models/house/textures/House_Window_roughness.jpeg
  artifactKey: Guid(d7054a89573881f4d921835ba01b8097) Importer(2089858483,b0f066a214c2f5e87bad3c948f4d605d)
Start importing Assets/Models/house/textures/House_Window_roughness.jpeg using Guid(d7054a89573881f4d921835ba01b8097) Importer(2089858483,b0f066a214c2f5e87bad3c948f4d605d) (ScriptedImporter) -> (artifact id: 'b2ad5abd67e143dd77b0425c8784afde') in 0.0619158 seconds
Number of updated asset objects reloaded before import = 0Number of asset objects unloaded after import = 1

========================================================================
Received Import Request.
  Time since last request: 0.000027 seconds.
  path: Assets/Models/house/textures/House_Window_AO.jpeg
  artifactKey: Guid(c05a2db98994d794dbb171a1ae80f4fd) Importer(2089858483,b0f066a214c2f5e87bad3c948f4d605d)
Start importing Assets/Models/house/textures/House_Window_AO.jpeg using Guid(c05a2db98994d794dbb171a1ae80f4fd) Importer(2089858483,b0f066a214c2f5e87bad3c948f4d605d) (ScriptedImporter) -> (artifact id: 'd4bef019cd75daa3acf7e951a4a2899e') in 0.088672 seconds
Number of updated asset objects reloaded before import = 0Number of asset objects unloaded after import = 1

========================================================================
Received Import Request.
  Time since last request: 0.000045 seconds.
  path: Assets/Models/house/textures/House_wall_normal.png
  artifactKey: Guid(b3094e3f59a854245857233d46aed2fe) Importer(2089858483,b0f066a214c2f5e87bad3c948f4d605d)
Start importing Assets/Models/house/textures/House_wall_normal.png using Guid(b3094e3f59a854245857233d46aed2fe) Importer(2089858483,b0f066a214c2f5e87bad3c948f4d605d) (ScriptedImporter) -> (artifact id: '9f0a8fc767b0a618509896ab49eddce9') in 0.077048 seconds
Number of updated asset objects reloaded before import = 0Number of asset objects unloaded after import = 1

========================================================================
Received Import Request.
  Time since last request: 0.000028 seconds.
  path: Assets/Models/house/source/model.zip
  artifactKey: Guid(9e8484a6ef24edb41af62c0038c42526) Importer(2089858483,b0f066a214c2f5e87bad3c948f4d605d)
Start importing Assets/Models/house/source/model.zip using Guid(9e8484a6ef24edb41af62c0038c42526) Importer(2089858483,b0f066a214c2f5e87bad3c948f4d605d) (ScriptedImporter) -> (artifact id: '70c394bd5a1b5b29d67de5a8fa340633') in 0.0281217 seconds
Number of updated asset objects reloaded before import = 0Number of asset objects unloaded after import = 1

========================================================================
Received Import Request.
  Time since last request: 0.000037 seconds.
  path: Assets/Models/house/textures/House_Roof_metallic.jpeg
  artifactKey: Guid(2092f4e7019b267408b46b6626932a03) Importer(2089858483,b0f066a214c2f5e87bad3c948f4d605d)
Start importing Assets/Models/house/textures/House_Roof_metallic.jpeg using Guid(2092f4e7019b267408b46b6626932a03) Importer(2089858483,b0f066a214c2f5e87bad3c948f4d605d) (ScriptedImporter) -> (artifact id: '78a1097784dfdfb8db2d1b2040b5a0b2') in 0.0384238 seconds
Number of updated asset objects reloaded before import = 0Number of asset objects unloaded after import = 1

========================================================================
Received Import Request.
  Time since last request: 1.501047 seconds.
  path: Assets/Models/house/source/model.zip
  artifactKey: Guid(9e8484a6ef24edb41af62c0038c42526) Importer(815301076,1909f56bfc062723c751e8b465ee728b)
Start importing Assets/Models/house/source/model.zip using Guid(9e8484a6ef24edb41af62c0038c42526) Importer(815301076,1909f56bfc062723c751e8b465ee728b) (PreviewImporter) -> (artifact id: '56a9a044d43d65f5c391989af0d24b1f') in 0.0114144 seconds
Number of updated asset objects reloaded before import = 0Number of asset objects unloaded after import = 1

========================================================================
Received Import Request.
  Time since last request: 46.205674 seconds.
  path: Assets/Models/house/source/model
  artifactKey: Guid(e548fc33618c886478bf6554c245704b) Importer(2089858483,b0f066a214c2f5e87bad3c948f4d605d)
Start importing Assets/Models/house/source/model using Guid(e548fc33618c886478bf6554c245704b) Importer(2089858483,b0f066a214c2f5e87bad3c948f4d605d) (ScriptedImporter) -> (artifact id: '25e731e4f190dd8b156b02f1adda0172') in 0.049336 seconds
Number of updated asset objects reloaded before import = 0Number of asset objects unloaded after import = 1

========================================================================
Received Import Request.
  Time since last request: 0.000044 seconds.
  path: Assets/Models/house/source/model/textures/House_Window_roughness.jpg
  artifactKey: Guid(b81917f1f9e36ba4fb4210ccc2d278c8) Importer(2089858483,b0f066a214c2f5e87bad3c948f4d605d)
Start importing Assets/Models/house/source/model/textures/House_Window_roughness.jpg using Guid(b81917f1f9e36ba4fb4210ccc2d278c8) Importer(2089858483,b0f066a214c2f5e87bad3c948f4d605d) (ScriptedImporter) -> (artifact id: '202dc8bc8789955a16d53d0ac93bc681') in 0.0596872 seconds
Number of updated asset objects reloaded before import = 0Number of asset objects unloaded after import = 1

========================================================================
Received Import Request.
  Time since last request: 0.000038 seconds.
  path: Assets/Models/house/source/model/textures/House_Roof_AO.jpg
  artifactKey: Guid(6d26b0e7d62b1bd4f8d696fac200be60) Importer(2089858483,b0f066a214c2f5e87bad3c948f4d605d)
Start importing Assets/Models/house/source/model/textures/House_Roof_AO.jpg using Guid(6d26b0e7d62b1bd4f8d696fac200be60) Importer(2089858483,b0f066a214c2f5e87bad3c948f4d605d) (ScriptedImporter) -> (artifact id: 'afaf996df6dcbc43f2fdad515d978fe4') in 0.036015 seconds
Number of updated asset objects reloaded before import = 0Number of asset objects unloaded after import = 1

========================================================================
Received Import Request.
  Time since last request: 0.000135 seconds.
  path: Assets/Models/house/source/model/textures/House_wall_albedo.jpg
  artifactKey: Guid(fd1dde099ab4df34892b24027abe42b3) Importer(2089858483,b0f066a214c2f5e87bad3c948f4d605d)
Start importing Assets/Models/house/source/model/textures/House_wall_albedo.jpg using Guid(fd1dde099ab4df34892b24027abe42b3) Importer(2089858483,b0f066a214c2f5e87bad3c948f4d605d) (ScriptedImporter) -> (artifact id: '7294eda439cf61f96b6533a7a0423d76') in 0.040562 seconds
Number of updated asset objects reloaded before import = 0Number of asset objects unloaded after import = 1

========================================================================
Received Import Request.
  Time since last request: 0.000029 seconds.
  path: Assets/Models/house/source/model/model.dae
  artifactKey: Guid(9f371c137a8ff774db8cd54a53ad0357) Importer(2089858483,b0f066a214c2f5e87bad3c948f4d605d)
Start importing Assets/Models/house/source/model/model.dae using Guid(9f371c137a8ff774db8cd54a53ad0357) Importer(2089858483,b0f066a214c2f5e87bad3c948f4d605d) (ScriptedImporter) -> (artifact id: 'bcadce50958c03d9edc4217231412497') in 0.4885466 seconds
Number of updated asset objects reloaded before import = 0Number of asset objects unloaded after import = 22

========================================================================
Received Import Request.
  Time since last request: 0.634842 seconds.
  path: Assets/Models/house/source/model
  artifactKey: Guid(e548fc33618c886478bf6554c245704b) Importer(815301076,1909f56bfc062723c751e8b465ee728b)
Start importing Assets/Models/house/source/model using Guid(e548fc33618c886478bf6554c245704b) Importer(815301076,1909f56bfc062723c751e8b465ee728b) (PreviewImporter) -> (artifact id: '82b637daa856734047b78442380778a8') in 0.0037594 seconds
Number of updated asset objects reloaded before import = 0Number of asset objects unloaded after import = 0

========================================================================
Received Import Request.
  Time since last request: 1.137701 seconds.
  path: Assets/Models/house/source/model/textures
  artifactKey: Guid(a07c031a45a79ac4e9b2bb92cce6b93e) Importer(815301076,1909f56bfc062723c751e8b465ee728b)
Start importing Assets/Models/house/source/model/textures using Guid(a07c031a45a79ac4e9b2bb92cce6b93e) Importer(815301076,1909f56bfc062723c751e8b465ee728b) (PreviewImporter) -> (artifact id: '87500650e5f802d89519d0aeb30438ed') in 0.0028422 seconds
Number of updated asset objects reloaded before import = 0Number of asset objects unloaded after import = 0

========================================================================
Received Import Request.
  Time since last request: 0.333062 seconds.
  path: Assets/Models/house/source/model/model.dae
  artifactKey: Guid(9f371c137a8ff774db8cd54a53ad0357) Importer(815301076,1909f56bfc062723c751e8b465ee728b)
Start importing Assets/Models/house/source/model/model.dae using Guid(9f371c137a8ff774db8cd54a53ad0357) Importer(815301076,1909f56bfc062723c751e8b465ee728b) (PreviewImporter) -> (artifact id: '5052db8e7da7987eb36d14f8dca60f30') in 1.3717014 seconds
Number of updated asset objects reloaded before import = 0Number of asset objects unloaded after import = 22

========================================================================
Received Import Request.
  Time since last request: 21.053064 seconds.
  path: Assets/Models/house/source/model/textures/House_Roof_albedo.jpg
  artifactKey: Guid(72e00b5372ee2504fa6f7fa655b17952) Importer(815301076,1909f56bfc062723c751e8b465ee728b)
Start importing Assets/Models/house/source/model/textures/House_Roof_albedo.jpg using Guid(72e00b5372ee2504fa6f7fa655b17952) Importer(815301076,1909f56bfc062723c751e8b465ee728b) (PreviewImporter) -> (artifact id: 'af820cad1c0a1a4be1c80d4764d6710b') in 0.0515111 seconds
Number of updated asset objects reloaded before import = 0Number of asset objects unloaded after import = 2

========================================================================
Received Import Request.
  Time since last request: 5.359004 seconds.
  path: Assets/Models/house/source/model/Materials
  artifactKey: Guid(f33ca26fc3172b04d827dce82ecdb64c) Importer(2089858483,b0f066a214c2f5e87bad3c948f4d605d)
Start importing Assets/Models/house/source/model/Materials using Guid(f33ca26fc3172b04d827dce82ecdb64c) Importer(2089858483,b0f066a214c2f5e87bad3c948f4d605d) (ScriptedImporter) -> (artifact id: 'ad591ece5bd40ad1520b23a3b97243e4') in 0.04065 seconds
Number of updated asset objects reloaded before import = 0Number of asset objects unloaded after import = 1

========================================================================
Received Import Request.
  Time since last request: 24.136523 seconds.
  path: Assets/Models/house/source/model/Materials/House_wall_albedo.mat
  artifactKey: Guid(29a60936f6206ed48998143a2c977ed5) Importer(2089858483,b0f066a214c2f5e87bad3c948f4d605d)
Start importing Assets/Models/house/source/model/Materials/House_wall_albedo.mat using Guid(29a60936f6206ed48998143a2c977ed5) Importer(2089858483,b0f066a214c2f5e87bad3c948f4d605d) (ScriptedImporter) -> (artifact id: '5aa2d2172785f26f83cf988615894500') in 0.0584841 seconds
Number of updated asset objects reloaded before import = 0Number of asset objects unloaded after import = 2

========================================================================
Received Import Request.
  Time since last request: 179.915917 seconds.
  path: Assets/Models/house/textures/house_uv_unwraped_walls_Roughness.png
  artifactKey: Guid(81618faad60171d4182d23231f38b2ec) Importer(2089858483,b0f066a214c2f5e87bad3c948f4d605d)
Start importing Assets/Models/house/textures/house_uv_unwraped_walls_Roughness.png using Guid(81618faad60171d4182d23231f38b2ec) Importer(2089858483,b0f066a214c2f5e87bad3c948f4d605d) (ScriptedImporter) -> (artifact id: '20134d2b1b075921ae6f2d4680216265') in 0.0677051 seconds
Number of updated asset objects reloaded before import = 0Number of asset objects unloaded after import = 1

========================================================================
Received Import Request.
  Time since last request: 0.000065 seconds.
  path: Assets/Models/house/textures/alt_roof_Normal.png
  artifactKey: Guid(818c2f2e112b08f4798bd1d76bcec557) Importer(2089858483,b0f066a214c2f5e87bad3c948f4d605d)
Start importing Assets/Models/house/textures/alt_roof_Normal.png using Guid(818c2f2e112b08f4798bd1d76bcec557) Importer(2089858483,b0f066a214c2f5e87bad3c948f4d605d) (ScriptedImporter) -> (artifact id: 'add7517def262c3754f0b721fa4f7437') in 0.0312752 seconds
Number of updated asset objects reloaded before import = 0Number of asset objects unloaded after import = 1

========================================================================
Received Import Request.
  Time since last request: 0.000108 seconds.
  path: Assets/Models/house/textures/alt_roof_BaseColor.png
  artifactKey: Guid(bda6ce9055872274c8ded8cba576b16c) Importer(2089858483,b0f066a214c2f5e87bad3c948f4d605d)
Start importing Assets/Models/house/textures/alt_roof_BaseColor.png using Guid(bda6ce9055872274c8ded8cba576b16c) Importer(2089858483,b0f066a214c2f5e87bad3c948f4d605d) (ScriptedImporter) -> (artifact id: 'f7c03170afea542f13c0b3e9606b7b2e') in 0.0575558 seconds
Number of updated asset objects reloaded before import = 0Number of asset objects unloaded after import = 1

========================================================================
Received Import Request.
  Time since last request: 0.000055 seconds.
  path: Assets/Models/house/textures/alt_roof_Roughness.png
  artifactKey: Guid(459168bd3e5a1584ea8029eb9ee214fd) Importer(2089858483,b0f066a214c2f5e87bad3c948f4d605d)
Start importing Assets/Models/house/textures/alt_roof_Roughness.png using Guid(459168bd3e5a1584ea8029eb9ee214fd) Importer(2089858483,b0f066a214c2f5e87bad3c948f4d605d) (ScriptedImporter) -> (artifact id: '492775b6f980829cd8ea9f896cb73ef4') in 0.1082924 seconds
Number of updated asset objects reloaded before import = 0Number of asset objects unloaded after import = 1

========================================================================
Received Import Request.
  Time since last request: 0.000047 seconds.
  path: Assets/Models/house/source/house.fbx
  artifactKey: Guid(440ae3399e5f40341b6127dc337e5c40) Importer(2089858483,b0f066a214c2f5e87bad3c948f4d605d)
Start importing Assets/Models/house/source/house.fbx using Guid(440ae3399e5f40341b6127dc337e5c40) Importer(2089858483,b0f066a214c2f5e87bad3c948f4d605d) (ScriptedImporter) -> (artifact id: '37b5d7e61e55841dda833bf6ffef80ef') in 0.0944693 seconds
Number of updated asset objects reloaded before import = 0Number of asset objects unloaded after import = 126

========================================================================
Received Import Request.
  Time since last request: 0.000043 seconds.
  path: Assets/Models/house/textures/house_uv_unwraped_windows_BaseColor.png
  artifactKey: Guid(b0a31b10ea38ffd40ac80f5b3b033e77) Importer(2089858483,b0f066a214c2f5e87bad3c948f4d605d)
Start importing Assets/Models/house/textures/house_uv_unwraped_windows_BaseColor.png using Guid(b0a31b10ea38ffd40ac80f5b3b033e77) Importer(2089858483,b0f066a214c2f5e87bad3c948f4d605d) (ScriptedImporter) -> (artifact id: '563d5b1df893094c57da0b77bb988206') in 0.1408882 seconds
Number of updated asset objects reloaded before import = 0Number of asset objects unloaded after import = 1

Editor requested this worker to shutdown with reason: Scaling down because of idle timeout
AssetImportWorker is now disconnected from the server
Process exiting
Exiting without the bug reporter. Application will terminate with return code 0